Component: ARM Compiler 5.06 update 4 (build 422) Tool: armlink [4d35d2]

==============================================================================

Section Cross References

    bluenrg1_adc.o(i.ADC_ConvertBatterySensor) refers to bluenrg1_adc.o(i.ADC_ConvertSingleEndedVoltage) for ADC_ConvertSingleEndedVoltage
    bluenrg1_adc.o(i.ADC_ConvertBatterySensor) refers to fmul.o(x$fpl$fmul) for __aeabi_fmul
    bluenrg1_adc.o(i.ADC_ConvertDifferentialVoltage) refers to fflti.o(.text) for __aeabi_ui2f
    bluenrg1_adc.o(i.ADC_ConvertDifferentialVoltage) refers to fdiv.o(.text) for __aeabi_fdiv
    bluenrg1_adc.o(i.ADC_ConvertDifferentialVoltage) refers to faddsub.o(x$fpl$fadd) for __aeabi_fadd
    bluenrg1_adc.o(i.ADC_ConvertDifferentialVoltage) refers to fmul.o(x$fpl$fmul) for __aeabi_fmul
    bluenrg1_adc.o(i.ADC_ConvertSingleEndedVoltage) refers to fflti.o(.text) for __aeabi_i2f
    bluenrg1_adc.o(i.ADC_ConvertSingleEndedVoltage) refers to faddsub.o(x$fpl$fadd) for __aeabi_fadd
    bluenrg1_adc.o(i.ADC_ConvertSingleEndedVoltage) refers to fdiv.o(.text) for __aeabi_fdiv
    bluenrg1_adc.o(i.ADC_ConvertSingleEndedVoltage) refers to fmul.o(x$fpl$fmul) for __aeabi_fmul
    bluenrg1_adc.o(i.ADC_ConvertSingleEndedVoltage) refers to faddsub.o(x$fpl$frsb) for __aeabi_frsub
    bluenrg1_adc.o(i.ADC_ConvertTemperatureSensor) refers to bluenrg1_adc.o(i.ADC_ConvertSingleEndedVoltage) for ADC_ConvertSingleEndedVoltage
    bluenrg1_adc.o(i.ADC_ConvertTemperatureSensor) refers to fmul.o(x$fpl$fmul) for __aeabi_fmul
    bluenrg1_adc.o(i.ADC_ConvertTemperatureSensor) refers to faddsub.o(x$fpl$fsub) for __aeabi_fsub
    bluenrg1_adc.o(i.ADC_ConvertTemperatureSensorFarenait) refers to bluenrg1_adc.o(i.ADC_ConvertSingleEndedVoltage) for ADC_ConvertSingleEndedVoltage
    bluenrg1_adc.o(i.ADC_ConvertTemperatureSensorFarenait) refers to f2d.o(.text) for __aeabi_f2d
    bluenrg1_adc.o(i.ADC_ConvertTemperatureSensorFarenait) refers to dmul.o(.text) for __aeabi_dmul
    bluenrg1_adc.o(i.ADC_ConvertTemperatureSensorFarenait) refers to daddsub.o(.text) for __aeabi_dsub
    bluenrg1_adc.o(i.ADC_ConvertTemperatureSensorFarenait) refers to d2f.o(.text) for __aeabi_d2f
    bluenrg1_adc.o(i.ADC_GetConvertedData) refers to fflti.o(.text) for __aeabi_i2f
    bluenrg1_adc.o(i.ADC_GetConvertedData) refers to bluenrg1_adc.o(i.ADC_ConvertSingleEndedVoltage) for ADC_ConvertSingleEndedVoltage
    bluenrg1_adc.o(i.ADC_GetConvertedData) refers to bluenrg1_adc.o(i.ADC_ConvertDifferentialVoltage) for ADC_ConvertDifferentialVoltage
    bluenrg1_adc.o(i.ADC_GetConvertedData) refers to bluenrg1_adc.o(i.ADC_ConvertBatterySensor) for ADC_ConvertBatterySensor
    bluenrg1_adc.o(i.ADC_GetConvertedData) refers to bluenrg1_adc.o(i.ADC_ConvertTemperatureSensor) for ADC_ConvertTemperatureSensor
    bluenrg1_flash.o(i.FLASH_EraseAllFlash) refers to bluenrg1_flash.o(i.FLASH_WaitCmdDone) for FLASH_WaitCmdDone
    bluenrg1_flash.o(i.FLASH_ErasePage) refers to bluenrg1_flash.o(i.FLASH_WaitCmdDone) for FLASH_WaitCmdDone
    bluenrg1_flash.o(i.FLASH_ProgramWord) refers to bluenrg1_flash.o(i.FLASH_WaitCmdDone) for FLASH_WaitCmdDone
    bluenrg1_flash.o(i.FLASH_ProgramWordBurst) refers to bluenrg1_flash.o(i.FLASH_WaitCmdDone) for FLASH_WaitCmdDone
    bluenrg1_i2c.o(i.I2C_Init) refers to aeabi_sdivfast.o(.text) for __aeabi_uidivmod
    bluenrg1_i2c.o(i.I2C_Init) refers to bluenrg1_i2c.o(.data) for .data
    bluenrg1_spi.o(i.SPI_ClearRXFIFO) refers to bluenrg1_spi.o(i.SPI_GetFlagStatus) for SPI_GetFlagStatus
    bluenrg1_spi.o(i.SPI_Init) refers to bluenrg1_spi.o(i.SPI_SetBaudrate) for SPI_SetBaudrate
    bluenrg1_spi.o(i.SPI_SetBaudrate) refers to aeabi_sdivfast.o(.text) for __aeabi_uidivmod
    bluenrg1_uart.o(i.UART_Init) refers to aeabi_sdivfast.o(.text) for __aeabi_uidivmod
    sdk_eval_com.o(i.Read_Buffer_Pop) refers to sdk_eval_com.o(.data) for .data
    sdk_eval_com.o(i.Read_Buffer_Pop) refers to sdk_eval_com.o(.bss) for .bss
    sdk_eval_com.o(i.Read_Buffer_Push) refers to sdk_eval_com.o(.bss) for .bss
    sdk_eval_com.o(i.Read_Buffer_Push) refers to sdk_eval_com.o(.data) for .data
    sdk_eval_com.o(i.SdkEvalComIOConfig) refers to sdk_eval_com.o(i.SdkEvalComUartInit) for SdkEvalComUartInit
    sdk_eval_com.o(i.SdkEvalComIOConfig) refers to sdk_eval_com.o(i.SdkEvalComUartIrqConfig) for SdkEvalComUartIrqConfig
    sdk_eval_com.o(i.SdkEvalComIOConfig) refers to sdk_eval_com.o(.data) for .data
    sdk_eval_com.o(i.SdkEvalComIOProcessInputData) refers to sdk_eval_com.o(i.Read_Buffer_Push) for Read_Buffer_Push
    sdk_eval_com.o(i.SdkEvalComIOReceiveData) refers to sdk_eval_com.o(.data) for .data
    sdk_eval_com.o(i.SdkEvalComIOSendData) refers to bluenrg1_uart.o(i.UART_GetFlagStatus) for UART_GetFlagStatus
    sdk_eval_com.o(i.SdkEvalComIOSendData) refers to bluenrg1_uart.o(i.UART_SendData) for UART_SendData
    sdk_eval_com.o(i.SdkEvalComIOTxFifoNotEmpty) refers to bluenrg1_uart.o(i.UART_GetFlagStatus) for UART_GetFlagStatus
[...]
    0x10042d54   0x00000024   Code   RO         2876    i.Check_Stat        libbluenrg1_stack.a(acl.o)
    0x10042d78   0x0000002c   Code   RO         2467    i.Clock_Init        clock.o
    0x10042da4   0x0000000c   Code   RO         2675    i.Controller_Process_Q  libbluenrg1_stack.a(hci.o)
    0x10042db0   0x00000002   Code   RO         1741    i.DMA_Handler       system_bluenrg1.o
    0x10042db2   0x0000000e   Code   RO         3455    i.Delay_With_NOP_Cycles  libbluenrg1_stack.a(utils.o)
    0x10042dc0   0x000000e4   Code   RO         1742    i.DeviceConfiguration  system_bluenrg1.o
    0x10042ea4   0x00000270   Code   RO         3162    i.Dynamic_allocator  libbluenrg1_stack.a(mem_alloc.o)
    0x10043114   0x00000002   Code   RO         3163    i.Dynamic_allocator_noRet  libbluenrg1_stack.a(mem_alloc.o)
    0x10043116   0x0000000e   Code   RO         3360    i.Erase_Sector      libbluenrg1_stack.a(sdb.o)
    0x10043124   0x00000120   Code   RO         2737    i.Events_Process_Q  libbluenrg1_stack.a(aci_events.o)
    0x10043244   0x00000050   Code   RO         2738    i.Events_Process_init  libbluenrg1_stack.a(aci_events.o)
    0x10043294   0x000000b4   Code   RO         3515    i.Exchg_Mtu_Resp    libbluenrg1_stack.a(rom_att.o)
    0x10043348   0x00000258   Code   RO         3466    i.Exec_Write_Resp   libbluenrg1_stack.a(att.o)
    0x100435a0   0x0000001c   Code   RO          253    i.FLASH_ErasePage   bluenrg1_flash.o
    0x100435bc   0x00000020   Code   RO          257    i.FLASH_ProgramWord  bluenrg1_flash.o
    0x100435dc   0x00000010   Code   RO          261    i.FLASH_WaitCmdDone  bluenrg1_flash.o
    0x100435ec   0x0000003c   Code   RO         3253    i.Fetch_Handle      libbluenrg1_stack.a(rom_gatt_server.o)
    0x10043628   0x00000050   Code   RO         3002    i.Find_Attr_Index   libbluenrg1_stack.a(gatt_server.o)
    0x10043678   0x000002a0   Code   RO         3467    i.Find_By_Type_Val_Resp  libbluenrg1_stack.a(att.o)
    0x10043918   0x000000cc   Code   RO         3342    i.Find_Client_Data  libbluenrg1_stack.a(rom_sdb.o)
    0x100439e4   0x00000040   Code   RO         2933    i.Find_Gatt_Client  libbluenrg1_stack.a(gatt_client.o)
    0x10043a24   0x00000206   Code   RO         3516    i.Find_Info_Resp    libbluenrg1_stack.a(rom_att.o)
    0x10043c2a   0x00000002   PAD
    0x10043c2c   0x00000038   Code   RO         3088    i.Find_L2cap_conn_index  libbluenrg1_stack.a(l2cap.o)
    0x10043c64   0x00000038   Code   RO         3089    i.Find_L2cap_signalling_connection  libbluenrg1_stack.a(l2cap.o)
    0x10043c9c   0x00000038   Code   RO         3003    i.Find_Timed_Out_Connection  libbluenrg1_stack.a(gatt_server.o)
    0x10043cd4   0x000000c8   Code   RO         3361    i.Flash_Write_Client_Data  libbluenrg1_stack.a(sdb.o)
    0x10043d9c   0x0000003c   Code   RO         3198    i.Flash_Write_Flagged  libbluenrg1_stack.a(nvm.o)
    0x10043dd8   0x00000060   Code   RO         2896    i.GAP_Connection_Complete_Handler  libbluenrg1_stack.a(gap.o)
    0x10043e38   0x00000064   Code   RO         2897    i.GAP_Create_Connection  libbluenrg1_stack.a(gap.o)
    0x10043e9c   0x000000b0   Code   RO         3242    i.GAP_Delete_ADType  libbluenrg1_stack.a(rom_gap_rom.o)
    0x10043f4c   0x00000048   Code   RO         2898    i.GAP_DiscProcTimeoutcb  libbluenrg1_stack.a(gap.o)
    0x10043f94   0x000001f8   Code   RO         2899    i.GAP_Init          libbluenrg1_stack.a(gap.o)
    0x1004418c   0x00000014   Code   RO         2900    i.GAP_Init_Context  libbluenrg1_stack.a(gap.o)
    0x100441a0   0x00000038   Code   RO         2901    i.GAP_Internal_Evt_Handler  libbluenrg1_stack.a(gap.o)
    0x100441d8   0x0000005c   Code   RO         2902    i.GAP_LL_Event_Handler_ISR  libbluenrg1_stack.a(gap.o)
    0x10044234   0x0000002c   Code   RO         2903    i.GAP_LimDiscTimeoutcb  libbluenrg1_stack.a(gap.o)
    0x10044260   0x00000098   Code   RO         3243    i.GAP_Notify_Add_Charac  libbluenrg1_stack.a(rom_gap_rom.o)
    0x100442f8   0x00000010   Code   RO         2904    i.GAP_Parse_Advertising_Report  libbluenrg1_stack.a(gap.o)
    0x10044308   0x000001c8   Code   RO         3231    i.GAP_Privacy1v2    libbluenrg1_stack.a(rom_gap.o)
    0x100444d0   0x00000044   Code   RO         3232    i.GAP_PrivateAddrTimercb  libbluenrg1_stack.a(rom_gap.o)
    0x10044514   0x00000070   Code   RO         2905    i.GAP_Process_Q     libbluenrg1_stack.a(gap.o)
    0x10044584   0x00000038   Code   RO         2908    i.GAP_Set_Discoverable_Mode  libbluenrg1_stack.a(gap.o)
    0x100445bc   0x0000005c   Code   RO         3234    i.GAP_Start_Discovery_Procedure  libbluenrg1_stack.a(rom_gap.o)
    0x10044618   0x00000048   Code   RO         2915    i.GAP_Start_General_Discovery_Procedure  libbluenrg1_stack.a(gap.o)
    0x10044660   0x0000002c   Code   RO         2920    i.GAP_Started_Gatt_Proc  libbluenrg1_stack.a(gap.o)
    0x1004468c   0x0000008c   Code   RO         2921    i.GAP_Terminate_Gap_Procedure  libbluenrg1_stack.a(gap.o)
    0x10044718   0x00000008   Code   RO         3517    i.GATT_Clear_Flag   libbluenrg1_stack.a(rom_att.o)
    0x10044720   0x00000048   Code   RO         3004    i.GATT_Connection_Complete_Handler  libbluenrg1_stack.a(gatt_server.o)
    0x10044768   0x0000003a   Code   RO         3254    i.GATT_Num_Charac_Present  libbluenrg1_stack.a(rom_gatt_server.o)
    0x100447a2   0x00000002   PAD
    0x100447a4   0x00000014   Code   RO         2934    i.GATT_Server_Set_Flag  libbluenrg1_stack.a(gatt_client.o)
    0x100447b8   0x00000014   Code   RO         3005    i.GATT_Server_Set_Flag  libbluenrg1_stack.a(gatt_server.o)
    0x100447cc   0x00000008   Code   RO         3518    i.GATT_Set_Flag     libbluenrg1_stack.a(rom_att.o)
    0x100447d4   0x0000001a   Code   RO         3006    i.GATT_TimeOut_Handler  libbluenrg1_stack.a(gatt_server.o)
    0x100447ee   0x00000002   Code   RO         1940    i.GPIO_Handler      bluenrg1_it.o
    0x100447f0   0x00000094   Code   RO          350    i.GPIO_Init         bluenrg1_gpio.o
    0x10044884   0x00000014   Code   RO         3235    i.GapIsPrivacySupported  libbluenrg1_stack.a(rom_gap.o)
    0x10044898   0x0000015c   Code   RO         3007    i.Gatt_Add_Charac_Desc  libbluenrg1_stack.a(gatt_server.o)
    0x100449f4   0x00000330   Code   RO         3008    i.Gatt_Add_Characteristic  libbluenrg1_stack.a(gatt_server.o)
    0x10044d24   0x00000150   Code   RO         3009    i.Gatt_Add_Descriptor  libbluenrg1_stack.a(gatt_server.o)
    0x10044e74   0x00000150   Code   RO         3010    i.Gatt_Add_Service  libbluenrg1_stack.a(gatt_server.o)
    0x10044fc4   0x0000006c   Code   RO         2936    i.Gatt_Check_Not_Error_Resp  libbluenrg1_stack.a(gatt_client.o)
    0x10045030   0x00000028   Code   RO         3016    i.Gatt_Find_Srv_From_Handle  libbluenrg1_stack.a(gatt_server.o)
    0x10045058   0x00000044   Code   RO         3017    i.Gatt_Find_Srv_Owner_Of_Handle  libbluenrg1_stack.a(gatt_server.o)
    0x1004509c   0x00000038   Code   RO         3018    i.Gatt_Find_Timed_Out_Connection_Index  libbluenrg1_stack.a(gatt_server.o)
    0x100450d4   0x00000074   Code   RO         3019    i.Gatt_Flush_Pending_AclPacket_Lists  libbluenrg1_stack.a(gatt_server.o)
    0x10045148   0x00000160   Code   RO         3021    i.Gatt_Process_Q    libbluenrg1_stack.a(gatt_server.o)
    0x100452a8   0x00000088   Code   RO         2961    i.Gatt_Read_Charac_By_Uuid  libbluenrg1_stack.a(gatt_client.o)
    0x10045330   0x0000000a   Code   RO         2962    i.Gatt_Read_Charac_By_Uuid_Cb  libbluenrg1_stack.a(gatt_client.o)
    0x1004533a   0x00000002   PAD
    0x1004533c   0x000000c0   Code   RO         3023    i.Gatt_Reset_To_Closed_State  libbluenrg1_stack.a(gatt_server.o)
    0x100453fc   0x0000004c   Code   RO         3024    i.Gatt_Server_Db_Check  libbluenrg1_stack.a(gatt_server.o)
    0x10045448   0x00000190   Code   RO         3025    i.Gatt_Server_Init  libbluenrg1_stack.a(gatt_server.o)
    0x100455d8   0x00000228   Code   RO         3026    i.Gatt_Server_L2C_Handler  libbluenrg1_stack.a(gatt_server.o)
    0x10045800   0x00000048   Code   RO         3027    i.Gatt_Server_L2C_Handler_ISR  libbluenrg1_stack.a(gatt_server.o)
    0x10045848   0x00000150   Code   RO         3029    i.Gatt_Store_Server_Database_And_Reset_CCCD  libbluenrg1_stack.a(gatt_server.o)
    0x10045998   0x000001a8   Code   RO         2973    i.Gatt_Super_Handler_Task7  libbluenrg1_stack.a(gatt_client.o)
    0x10045b40   0x00000064   Code   RO         3030    i.Gatt_Update_Charac_Value  libbluenrg1_stack.a(gatt_server.o)
    0x10045ba4   0x00000308   Code   RO         3031    i.Gatt_Update_Charac_Value_Ext  libbluenrg1_stack.a(gatt_server.o)
    0x10045eac   0x00000070   Code   RO         2984    i.Gatt_Write_Without_Resp  libbluenrg1_stack.a(gatt_client.o)
    0x10045f1c   0x00000088   Code   RO         3236    i.Generate_Non_Resolvable_Private_Address  libbluenrg1_stack.a(rom_gap.o)
    0x10045fa4   0x00000010   Code   RO         3247    i.Get_GAP_Handle    libbluenrg1_stack.a(rom_gap_rom.o)
    0x10045fb4   0x00000004   Code   RO         3362    i.Get_Max_SecDb_Size  libbluenrg1_stack.a(sdb.o)
    0x10045fb8   0x0000000c   Code   RO         3343    i.Get_SecRec_Len_In_Words  libbluenrg1_stack.a(rom_sdb.o)
    0x10045fc4   0x00000004   Code   RO         3363    i.Get_SecRecord_Size  libbluenrg1_stack.a(sdb.o)
    0x10045fc8   0x00000014   Code   RO         3248    i.Get_StaticRandAddr  libbluenrg1_stack.a(rom_gap_rom.o)
    0x10045fdc   0x00000050   Code   RO         3041    i.HAL_Flash_Store_Data  libbluenrg1_stack.a(hal.o)
    0x1004602c   0x00000020   Code   RO         3042    i.HAL_Generate_Random_Bytes_To  libbluenrg1_stack.a(hal.o)
    0x1004604c   0x00000018   Code   RO         3043    i.HAL_Init          libbluenrg1_stack.a(hal.o)
    0x10046064   0x00000044   Code   RO         3046    i.HAL_Set_TX_Power_Level  libbluenrg1_stack.a(hal.o)
    0x100460a8   0x00000024   Code   RO         3060    i.HAL_VTimerAcc_sysT32_ms  libbluenrg1_stack.a(host_timer.o)
    0x100460cc   0x00000012   Code   RO         3064    i.HAL_VTimerGetCurrentTime_sysT32  libbluenrg1_stack.a(host_timer.o)
    0x100460de   0x00000002   Code   RO         3067    i.HAL_VTimerTimeoutCallback  libbluenrg1_stack.a(host_timer.o)
    0x100460e0   0x00000068   Code   RO         3047    i.HAL_Write_ConfigData  libbluenrg1_stack.a(hal.o)
    0x10046148   0x00000054   Code   RO         2677    i.HCI_Init          libbluenrg1_stack.a(hci.o)
    0x1004619c   0x00000028   Code   RO         3048    i.Hal_Get_Random_Number  libbluenrg1_stack.a(hal.o)
    0x100461c4   0x00000012   Code   RO         3049    i.Hal_Get_Random_Number32  libbluenrg1_stack.a(hal.o)
    0x100461d6   0x00000002   Code   RO         1941    i.HardFault_Handler  bluenrg1_it.o
    0x100461d8   0x00000002   Code   RO         1745    i.I2C1_Handler      system_bluenrg1.o
    0x100461da   0x00000002   Code   RO         1746    i.I2C2_Handler      system_bluenrg1.o
    0x100461dc   0x0000012c   Code   RO         3484    i.IDD_Initialize_Device_IDs  libbluenrg1_stack.a(device_id_data.o)
    0x10046308   0x00000044   Code   RO         3032    i.Ind_Service_Change_Charac  libbluenrg1_stack.a(gatt_server.o)
    0x1004634c   0x00000020   Code   RO         3344    i.InvaliDate_Record  libbluenrg1_stack.a(rom_sdb.o)
    0x1004636c   0x00000016   Code   RO         3277    i.Is_Address_Initialized  libbluenrg1_stack.a(rom_ll_ll_routines.o)
    0x10046382   0x00000002   PAD
    0x10046384   0x00000010   Code   RO         3199    i.Is_Flash_Write_On_Going  libbluenrg1_stack.a(nvm.o)
    0x10046394   0x0000000e   Code   RO         3090    i.L2CAP_Get_PDU_Len  libbluenrg1_stack.a(l2cap.o)
    0x100463a2   0x00000002   PAD
    0x100463a4   0x00000038   Code   RO         3091    i.L2CAP_Reset_To_Closed_State  libbluenrg1_stack.a(l2cap.o)
    0x100463dc   0x0000007a   Code   RO         3092    i.L2C_Build_Command_Reject_Pdu  libbluenrg1_stack.a(l2cap.o)
    0x10046456   0x00000024   Code   RO         3095    i.L2C_Connection_Complete_Handler  libbluenrg1_stack.a(l2cap.o)
    0x1004647a   0x00000024   Code   RO         3096    i.L2C_Connection_Complete_Signal_Handler  libbluenrg1_stack.a(l2cap.o)
    0x1004649e   0x00000002   PAD
    0x100464a0   0x00000044   Code   RO         3097    i.L2C_Init          libbluenrg1_stack.a(l2cap.o)
    0x100464e4   0x0000003e   Code   RO         3098    i.L2C_Rcv_Event_Handler  libbluenrg1_stack.a(l2cap.o)
    0x10046522   0x0000005a   Code   RO         3099    i.L2C_Rcv_Event_Handler_ISR  libbluenrg1_stack.a(l2cap.o)
    0x1004657c   0x0000002c   Code   RO         3100    i.L2C_Send_Data     libbluenrg1_stack.a(l2cap.o)
    0x100465a8   0x0000004c   Code   RO         3101    i.L2C_SigChan_Req_TimeOut_Handler  libbluenrg1_stack.a(l2cap.o)
    0x100465f4   0x0000019c   Code   RO         3102    i.L2C_Signal_Channel_Handler  libbluenrg1_stack.a(l2cap.o)
    0x10046790   0x00000024   Code   RO         3103    i.L2C_Signal_Channel_Handler_ISR  libbluenrg1_stack.a(l2cap.o)
    0x100467b4   0x00000014   Code   RO         3456    i.LE_TO_NRG_32      libbluenrg1_stack.a(utils.o)
    0x100467c8   0x00000042   Code   RO         3278    i.LL_Allow_Address_Setting  libbluenrg1_stack.a(rom_ll_ll_routines.o)
    0x1004680a   0x00000002   PAD
    0x1004680c   0x00000030   Code   RO         3305    i.LL_Cancel_Connection_Req  libbluenrg1_stack.a(rom_ll_ll_routines_master.o)
    0x1004683c   0x000001c4   Code   RO         3279    i.LL_Check_And_Set_Addresses  libbluenrg1_stack.a(rom_ll_ll_routines.o)
    0x10046a00   0x00000254   Code   RO         3141    i.LL_Create_Connection  libbluenrg1_stack.a(ll_routines_master.o)
    0x10046c54   0x00000038   Code   RO         3142    i.LL_Create_Connection_Cancel  libbluenrg1_stack.a(ll_routines_master.o)
    0x10046c8c   0x00000088   Code   RO         3135    i.LL_Disconnect_Link  libbluenrg1_stack.a(ll_routines.o)
    0x10046d14   0x000001cc   Code   RO         3280    i.LL_Enable_Disable_Adv  libbluenrg1_stack.a(rom_ll_ll_routines.o)
    0x10046ee0   0x00000260   Code   RO         3143    i.LL_Enable_Disable_Scan  libbluenrg1_stack.a(ll_routines_master.o)
    0x10047140   0x00000054   Code   RO         3157    i.LL_Encrypt_Plain_Data  libbluenrg1_stack.a(ll_routines_support.o)
    0x10047194   0x00000030   Code   RO         3281    i.LL_Get_Address    libbluenrg1_stack.a(rom_ll_ll_routines.o)
    0x100471c4   0x00000040   Code   RO         3282    i.LL_Get_AdvAddress  libbluenrg1_stack.a(rom_ll_ll_routines.o)
    0x10047204   0x00000038   Code   RO         3283    i.LL_Get_Adv_Data   libbluenrg1_stack.a(rom_ll_ll_routines.o)
    0x1004723c   0x00000018   Code   RO         3314    i.LL_Get_Adv_Tx_Power_Level  libbluenrg1_stack.a(rom_ll_routines_support.o)
    0x10047254   0x000000d4   Code   RO         3158    i.LL_Get_LTK        libbluenrg1_stack.a(ll_routines_support.o)
    0x10047328   0x00000018   Code   RO         3315    i.LL_Get_Link_Tx_Power_Level  libbluenrg1_stack.a(rom_ll_routines_support.o)
    0x10047340   0x00000040   Code   RO         3286    i.LL_Get_ScanAddress  libbluenrg1_stack.a(rom_ll_ll_routines.o)
    0x10047380   0x00000180   Code   RO         3288    i.LL_Init           libbluenrg1_stack.a(rom_ll_ll_routines.o)
    0x10047500   0x00000020   Code   RO         3110    i.LL_LE_Clear_White_List  libbluenrg1_stack.a(ll_privacy.o)
    0x10047520   0x00000024   Code   RO         3116    i.LL_LE_Set_Address_Resolution_Enable  libbluenrg1_stack.a(ll_privacy.o)
    0x10047544   0x0000001c   Code   RO         3117    i.LL_LE_Set_Resolvable_Private_Address_Timeout  libbluenrg1_stack.a(ll_privacy.o)
    0x10047560   0x00000030   Code   RO         3289    i.LL_Rcv_ACL_Data   libbluenrg1_stack.a(rom_ll_ll_routines.o)
    0x10047590   0x00000054   Code   RO         3290    i.LL_Send_ACL_Data  libbluenrg1_stack.a(rom_ll_ll_routines.o)
    0x100475e4   0x00000008   Code   RO         3353    i.LL_SetAddressResolutionEnable  libbluenrg1_stack.a(routines_support.o)
    0x100475ec   0x00000074   Code   RO         3292    i.LL_Set_Adv_Data   libbluenrg1_stack.a(rom_ll_ll_routines.o)
    0x10047660   0x000002ec   Code   RO         3293    i.LL_Set_Adv_Params  libbluenrg1_stack.a(rom_ll_ll_routines.o)
    0x1004794c   0x00000088   Code   RO         3294    i.LL_Set_Advertising_Buffers  libbluenrg1_stack.a(rom_ll_ll_routines.o)
    0x100479d4   0x00000064   Code   RO         3295    i.LL_Set_DirectAddress  libbluenrg1_stack.a(rom_ll_ll_routines.o)
    0x10047a38   0x0000003c   Code   RO         3296    i.LL_Set_OwnAddress  libbluenrg1_stack.a(rom_ll_ll_routines.o)
    0x10047a74   0x00000054   Code   RO         3308    i.LL_Set_Scan_Params  libbluenrg1_stack.a(rom_ll_ll_routines_master.o)
    0x10047ac8   0x00000060   Code   RO         3297    i.LL_Set_Scan_Resp_Data  libbluenrg1_stack.a(rom_ll_ll_routines.o)
    0x10047b28   0x00000054   Code   RO         3319    i.LL_Sleep_Req      libbluenrg1_stack.a(rom_ll_routines_support.o)
    0x10047b7c   0x000000ec   Code   RO         3309    i.LL_Start_Encryption  libbluenrg1_stack.a(rom_ll_ll_routines_master.o)
    0x10047c68   0x00000044   Code   RO         3298    i.LL_Update_Advertising_Buffers  libbluenrg1_stack.a(rom_ll_ll_routines.o)
    0x10047cac   0x00000040   Code   RO         3299    i.LL_Update_Scanning_Initiating_Buffers  libbluenrg1_stack.a(rom_ll_ll_routines.o)
    0x10047cec   0x000000c4   Code   RO         3083    i.LL_receive_data_patch  libbluenrg1_stack.a(isr_routines.o)
    0x10047db0   0x00000058   Code   RO         3268    i.LL_update_proc    libbluenrg1_stack.a(rom_ll_isr_routines.o)
    0x10047e08   0x0000002c   Code   RO         3554    i.LeftShift         libbluenrg1_stack.a(ssm_algo.o)
    0x10047e34   0x00000012   Code   RO         3524    i.List_Circular_Get_Size  libbluenrg1_stack.a(rom_list.o)
    0x10047e46   0x0000000e   Code   RO         3525    i.List_Circular_Insert_Head  libbluenrg1_stack.a(rom_list.o)
    0x10047e54   0x0000000e   Code   RO         3527    i.List_Circular_Insert_Tail  libbluenrg1_stack.a(rom_list.o)
    0x10047e62   0x00000016   Code   RO         3528    i.List_Circular_Node_Present  libbluenrg1_stack.a(rom_list.o)
    0x10047e78   0x0000001a   Code   RO         3529    i.List_Circular_Remove_Head  libbluenrg1_stack.a(rom_list.o)
    0x10047e92   0x00000020   Code   RO         3530    i.List_Circular_Remove_Node  libbluenrg1_stack.a(rom_list.o)
    0x10047eb2   0x00000002   PAD
    0x10047eb4   0x0000008c   Code   RO         2372    i.LoadConfig        configinf.o
    0x10047f40   0x00000002   Code   RO         1747    i.MFT1A_Handler     system_bluenrg1.o
    0x10047f42   0x00000002   Code   RO         1748    i.MFT1B_Handler     system_bluenrg1.o
    0x10047f44   0x00000002   Code   RO         1749    i.MFT2A_Handler     system_bluenrg1.o
    0x10047f46   0x00000002   Code   RO         1750    i.MFT2B_Handler     system_bluenrg1.o
    0x10047f48   0x00000016   Code   RO         3164    i.Mem_assign        libbluenrg1_stack.a(mem_alloc.o)
    0x10047f5e   0x00000002   Code   RO         1942    i.NMI_Handler       bluenrg1_it.o
    0x10047f60   0x00000088   Code   RO         1338    i.NVIC_Init         misc.o
    0x10047fe8   0x00000044   Code   RO         1752    i.NVIC_SetPriority  system_bluenrg1.o
    0x1004802c   0x00000018   Code   RO         2255    i.NVIC_SystemReset  atprocess.o
    0x10048044   0x00000002   Code   RO         1753    i.NVM_Handler       system_bluenrg1.o
    0x10048046   0x00000008   Code   RO         2437    i.Osal_MemCmp       osal.o
    0x1004804e   0x00000008   Code   RO         2438    i.Osal_MemCpy       osal.o
    0x10048056   0x00000008   Code   RO         2439    i.Osal_MemSet       osal.o
    0x1004805e   0x00000002   PAD
    0x10048060   0x000000c4   Code   RO         3202    i.PKA_Generate_ECDH_Public_Key  libbluenrg1_stack.a(pka.o)
    0x10048124   0x00000034   Code   RO         1377    i.PKA_GetData       bluenrg1_pka.o
    0x10048158   0x0000000c   Code   RO         1379    i.PKA_GetProcessStatus  bluenrg1_pka.o
    0x10048164   0x00000014   Code   RO         3203    i.PKA_Get_Current_Operation  libbluenrg1_stack.a(pka.o)
    0x10048178   0x00000002   Code   RO         1754    i.PKA_Handler       system_bluenrg1.o
    0x1004817a   0x00000002   PAD
    0x1004817c   0x000000bc   Code   RO         2678    i.PKA_Offline_Processing  libbluenrg1_stack.a(hci.o)
    0x10048238   0x00000014   Code   RO         1381    i.PKA_Reset         bluenrg1_pka.o
    0x1004824c   0x0000003c   Code   RO         1382    i.PKA_SetData       bluenrg1_pka.o
    0x10048288   0x00000014   Code   RO         1383    i.PKA_StartProcessing  bluenrg1_pka.o
    0x1004829c   0x00000030   Code   RO         3204    i.PKA_Start_Generate_DHKey  libbluenrg1_stack.a(pka.o)
    0x100482cc   0x00000010   Code   RO         1384    i.PKA_VerifyProcess  bluenrg1_pka.o
    0x100482dc   0x00000010   Code   RO         3212    i.PM_Append_Fragment  libbluenrg1_stack.a(pm.o)
    0x100482ec   0x0000002a   Code   RO         3213    i.PM_Clone_Pckt     libbluenrg1_stack.a(pm.o)
    0x10048316   0x00000014   Code   RO         3214    i.PM_Copy_Pckt_Data  libbluenrg1_stack.a(pm.o)
    0x1004832a   0x00000002   PAD
    0x1004832c   0x00000018   Code   RO         3215    i.PM_Eng_Config     libbluenrg1_stack.a(pm.o)
    0x10048344   0x00000036   Code   RO         3216    i.PM_Extend_Pckt_Pdu_Size  libbluenrg1_stack.a(pm.o)
    0x1004837a   0x00000002   PAD
    0x1004837c   0x00000038   Code   RO         3217    i.PM_Get_Available_Fragments  libbluenrg1_stack.a(pm.o)
    0x100483b4   0x00000012   Code   RO         3218    i.PM_Get_Fragments_Count  libbluenrg1_stack.a(pm.o)
    0x100483c6   0x00000002   PAD
    0x100483c8   0x00000080   Code   RO         3220    i.PM_Get_Pckt       libbluenrg1_stack.a(pm.o)
    0x10048448   0x00000070   Code   RO         3221    i.PM_Init           libbluenrg1_stack.a(pm.o)
    0x100484b8   0x0000006a   Code   RO         3222    i.PM_Pckt_Cmp       libbluenrg1_stack.a(pm.o)
    0x10048522   0x00000002   PAD
    0x10048524   0x0000005c   Code   RO         3223    i.PM_Release_Pckt   libbluenrg1_stack.a(pm.o)
    0x10048580   0x00000050   Code   RO         3224    i.PM_Set_Att_Pdu_Length  libbluenrg1_stack.a(pm.o)
    0x100485d0   0x0000000c   Code   RO         3225    i.PM_Set_ConnHandle  libbluenrg1_stack.a(pm.o)
    0x100485dc   0x00000014   Code   RO         3226    i.PM_Write_Pckt_Data  libbluenrg1_stack.a(pm.o)
    0x100485f0   0x000001d8   Code   RO         3118    i.PRIVWHIT_u8AddAddrInList  libbluenrg1_stack.a(ll_privacy.o)
    0x100487c8   0x000000c8   Code   RO         3119    i.PRIVWHIT_u8RemoveAddrInList  libbluenrg1_stack.a(ll_privacy.o)
    0x10048890   0x000000a0   Code   RO         3121    i.PRIVWHIT_u8SearchAddrInList  libbluenrg1_stack.a(ll_privacy.o)
    0x10048930   0x00000078   Code   RO         3122    i.PRIVWHIT_vInit_Struct  libbluenrg1_stack.a(ll_privacy.o)
    0x100489a8   0x00000048   Code   RO         3125    i.PRIV_SearchAddrInWhiteList  libbluenrg1_stack.a(ll_privacy.o)
    0x100489f0   0x00000698   Code   RO         3126    i.PRIV_u32ProcessAdvPacket  libbluenrg1_stack.a(ll_privacy.o)
    0x10049088   0x000001f8   Code   RO         3127    i.PRIV_u8OfflineProcessing  libbluenrg1_stack.a(ll_privacy.o)
    0x10049280   0x000000f0   Code   RO         3128    i.PRIV_u8ResolvePrivateAddress  libbluenrg1_stack.a(ll_privacy.o)
    0x10049370   0x00000062   Code   RO         3130    i.PRIV_vGeneratePrivateAddress  libbluenrg1_stack.a(ll_privacy.o)
    0x100493d2   0x00000002   Code   RO         1755    i.PendSV_Handler    system_bluenrg1.o
    0x100493d4   0x00000194   Code   RO         3468    i.Prepare_Write_Resp  libbluenrg1_stack.a(att.o)
    0x10049568   0x00000138   Code   RO         2091    i.Process_InputData  chat.o
    0x100496a0   0x00000228   Code   RO         3033    i.Process_Peer_Client_Data  libbluenrg1_stack.a(gatt_server.o)
    0x100498c8   0x00000210   Code   RO         3034    i.Process_Peer_Server_Data  libbluenrg1_stack.a(gatt_server.o)
    0x10049ad8   0x00001714   Code   RO         2732    i.RAL_Isr           libbluenrg1_stack.a(ll_isr.o)
    0x1004b1ec   0x00000020   Code   RO         1756    i.RESET_HANDLER     system_bluenrg1.o
    0x1004b20c   0x00000002   Code   RO         1757    i.RTC_Handler       system_bluenrg1.o
    0x1004b20e   0x00000002   PAD
    0x1004b210   0x00000028   Code   RO         2373    i.ReadIdFromFlash   configinf.o
    0x1004b238   0x00000160   Code   RO         3469    i.Read_Blob_Resp    libbluenrg1_stack.a(att.o)
    0x1004b398   0x00000360   Code   RO         3470    i.Read_By_Grp_Type_Resp  libbluenrg1_stack.a(att.o)
    0x1004b6f8   0x00000344   Code   RO         3471    i.Read_By_Type_Resp  libbluenrg1_stack.a(att.o)
    0x1004ba3c   0x000001a4   Code   RO         3472    i.Read_Multi_Resp   libbluenrg1_stack.a(att.o)
    0x1004bbe0   0x00000010   Code   RO         3345    i.Read_RecordValidity  libbluenrg1_stack.a(rom_sdb.o)
    0x1004bbf0   0x00000146   Code   RO         3473    i.Read_Resp         libbluenrg1_stack.a(att.o)
    0x1004bd36   0x00000002   PAD
    0x1004bd38   0x0000002c   Code   RO         3346    i.Read_SDBRecord    libbluenrg1_stack.a(rom_sdb.o)
    0x1004bd64   0x000000c0   Code   RO         3145    i.Reclassify_All_Channels  libbluenrg1_stack.a(ll_routines_master.o)
    0x1004be24   0x00000024   Code   RO         2092    i.Reset_DiscoveryContext  chat.o
    0x1004be48   0x000001ac   Code   RO         3364    i.SDB_Add_Record    libbluenrg1_stack.a(sdb.o)
    0x1004bff4   0x00000170   Code   RO         3366    i.SDB_Delete        libbluenrg1_stack.a(sdb.o)
    0x1004c164   0x000000a8   Code   RO         3347    i.SDB_Find_Matching_LTK  libbluenrg1_stack.a(rom_sdb.o)
    0x1004c20c   0x000000cc   Code   RO         3367    i.SDB_Find_Record   libbluenrg1_stack.a(sdb.o)
    0x1004c2d8   0x00000026   Code   RO         3368    i.SDB_Find_Record_By_ConnHandle  libbluenrg1_stack.a(sdb.o)
    0x1004c2fe   0x000000de   Code   RO         3370    i.SDB_Get_Data_From_Record  libbluenrg1_stack.a(sdb.o)
    0x1004c3dc   0x0000001c   Code   RO         3371    i.SDB_Get_GattDb_End_Addr  libbluenrg1_stack.a(sdb.o)
    0x1004c3f8   0x00000018   Code   RO         3372    i.SDB_Get_GattDb_Start_Addr  libbluenrg1_stack.a(sdb.o)
    0x1004c410   0x00000044   Code   RO         3348    i.SDB_Get_Number_Of_Records  libbluenrg1_stack.a(rom_sdb.o)
    0x1004c454   0x00000014   Code   RO         3374    i.SDB_Get_SecurityDb_Start_Addr  libbluenrg1_stack.a(sdb.o)
    0x1004c468   0x00000022   Code   RO         3375    i.SDB_Read_Peer_Bonded_Data  libbluenrg1_stack.a(sdb.o)
    0x1004c48a   0x0000002e   Code   RO         3555    i.SMA_Diversify     libbluenrg1_stack.a(ssm_algo.o)
    0x1004c4b8   0x0000007c   Code   RO         3556    i.SMA_GenEDIV_RecovDIV  libbluenrg1_stack.a(ssm_algo.o)
    0x1004c534   0x00000028   Code   RO         3557    i.SMA_Generate_CSRK  libbluenrg1_stack.a(ssm_algo.o)
    0x1004c55c   0x00000028   Code   RO         3558    i.SMA_Generate_IRK  libbluenrg1_stack.a(ssm_algo.o)
    0x1004c584   0x00000028   Code   RO         3559    i.SMA_LP_s1_Generate_STK  libbluenrg1_stack.a(ssm_algo.o)
    0x1004c5ac   0x00000050   Code   RO         3560    i.SMA_SC_Gen_f4_Confirm  libbluenrg1_stack.a(ssm_algo.o)
    0x1004c5fc   0x000000e0   Code   RO         3561    i.SMA_SC_Gen_f5_Keys  libbluenrg1_stack.a(ssm_algo.o)
    0x1004c6dc   0x00000084   Code   RO         3562    i.SMA_SC_Gen_f6_Check_Val  libbluenrg1_stack.a(ssm_algo.o)
    0x1004c760   0x00000058   Code   RO         3563    i.SMA_SC_Gen_g2_NumComp_Val  libbluenrg1_stack.a(ssm_algo.o)
    0x1004c7b8   0x00000048   Code   RO         3415    i.SMP_Check_Is_Device_Bonded  libbluenrg1_stack.a(sm_common.o)
    0x1004c800   0x00000020   Code   RO         3533    i.SMP_Force_SC_Debug_Key_Usage  libbluenrg1_stack.a(smp_scv42_isap.o)
    0x1004c820   0x0000001c   Code   RO         3416    i.SMP_Forget_Device_by_ConnHandle  libbluenrg1_stack.a(sm_common.o)
    0x1004c83c   0x00000070   Code   RO         3417    i.SMP_Init          libbluenrg1_stack.a(sm_common.o)
    0x1004c8ac   0x00000130   Code   RO         3381    i.SMP_MI_PairingRequest_Send  libbluenrg1_stack.a(securitymgr.o)
    0x1004c9dc   0x00000114   Code   RO         3382    i.SMP_Process_Q     libbluenrg1_stack.a(securitymgr.o)
    0x1004caf0   0x00000078   Code   RO         3418    i.SMP_Repeated_Attacks_Timer_cb  libbluenrg1_stack.a(sm_common.o)
    0x1004cb68   0x00000050   Code   RO         3419    i.SMP_Timer_cb      libbluenrg1_stack.a(sm_common.o)
    0x1004cbb8   0x000000c4   Code   RO         3564    i.SM_CMAC_Generate_Tag  libbluenrg1_stack.a(ssm_algo.o)
    0x1004cc7c   0x00000020   Code   RO         3427    i.SM_Check_Encryption_KeySize  libbluenrg1_stack.a(sm_common.o)
    0x1004cc9c   0x0000007c   Code   RO         3428    i.SM_Connection_Complete_Handler  libbluenrg1_stack.a(sm_common.o)
    0x1004cd18   0x0000004e   Code   RO         3565    i.SM_Generate_Resolvable_Private_Address  libbluenrg1_stack.a(ssm_algo.o)
    0x1004cd66   0x0000002e   Code   RO         3429    i.SM_Get_Link_Status  libbluenrg1_stack.a(sm_common.o)
    0x1004cd94   0x00000048   Code   RO         3430    i.SM_Get_Remote_Device_Info  libbluenrg1_stack.a(sm_common.o)
    0x1004cddc   0x000000c4   Code   RO         3432    i.SM_L2CAP_Encryption_changed_Handler_ISR  libbluenrg1_stack.a(sm_common.o)
    0x1004cea0   0x000000e0   Code   RO         3433    i.SM_L2CAP_Handler  libbluenrg1_stack.a(sm_common.o)
    0x1004cf80   0x0000012c   Code   RO         3434    i.SM_L2CAP_Handler_ISR  libbluenrg1_stack.a(sm_common.o)
    0x1004d0ac   0x00000022   Code   RO         3566    i.SM_Resolve_Private_Address  libbluenrg1_stack.a(ssm_algo.o)
    0x1004d0ce   0x0000007c   Code   RO         3568    i.SM_Validate_Signed_Packet  libbluenrg1_stack.a(ssm_algo.o)
    0x1004d14a   0x00000002   Code   RO         1758    i.SPI_Handler       system_bluenrg1.o
    0x1004d14c   0x00000008   Code   RO         3457    i.STORE_LE_16       libbluenrg1_stack.a(utils.o)
    0x1004d154   0x00000010   Code   RO         3458    i.STORE_LE_32       libbluenrg1_stack.a(utils.o)
    0x1004d164   0x00000002   Code   RO         1943    i.SVC_Handler       bluenrg1_it.o
    0x1004d166   0x00000002   PAD
    0x1004d168   0x0000003c   Code   RO         2374    i.SaveConfig        configinf.o
    0x1004d1a4   0x0000001c   Code   RO         1455    i.SdkEvalComIOConfig  sdk_eval_com.o
    0x1004d1c0   0x00000010   Code   RO         1457    i.SdkEvalComIOReceiveData  sdk_eval_com.o
    0x1004d1d0   0x00000016   Code   RO         1458    i.SdkEvalComIOSendData  sdk_eval_com.o
    0x1004d1e6   0x0000002a   Code   RO         1460    i.SdkEvalComIOUartIrqHandler  sdk_eval_com.o
    0x1004d210   0x000000a0   Code   RO         1461    i.SdkEvalComUartInit  sdk_eval_com.o
    0x1004d2b0   0x00000020   Code   RO         1462    i.SdkEvalComUartIrqConfig  sdk_eval_com.o
    0x1004d2d0   0x0000000c   Code   RO         1580    i.SdkEvalGetVersion  sdk_eval_config.o
    0x1004d2dc   0x0000000c   Code   RO         1581    i.SdkEvalIdentification  sdk_eval_config.o
    0x1004d2e8   0x0000001e   Code   RO         3258    i.Search_Handle     libbluenrg1_stack.a(rom_gatt_server.o)
    0x1004d306   0x00000020   Code   RO         2878    i.Search_In_Stat    libbluenrg1_stack.a(acl.o)
    0x1004d326   0x00000002   PAD
    0x1004d328   0x00000028   Code   RO         3035    i.Search_Service_Handle  libbluenrg1_stack.a(gatt_server.o)
    0x1004d350   0x00000054   Code   RO         3036    i.Select_Next_Notification_Client  libbluenrg1_stack.a(gatt_server.o)
    0x1004d3a4   0x00000030   Code   RO         3519    i.Send_Error_Resp   libbluenrg1_stack.a(rom_att.o)
    0x1004d3d4   0x0000007c   Code   RO         3037    i.Send_Notif_Or_Ind  libbluenrg1_stack.a(gatt_server.o)
    0x1004d450   0x000000d0   Code   RO         2093    i.Start_Adv         chat.o
    0x1004d520   0x00000024   Code   RO         3259    i.Start_Gatt_Timer  libbluenrg1_stack.a(rom_gatt_server.o)
    0x1004d544   0x0000001c   Code   RO         3260    i.Stop_Gatt_Timer   libbluenrg1_stack.a(rom_gatt_server.o)
    0x1004d560   0x00000010   Code   RO         2470    i.SysCount_Handler  clock.o
    0x1004d570   0x00000018   Code   RO         1055    i.SysCtrl_PeripheralClockCmd  bluenrg1_sysctrl.o
    0x1004d588   0x00000008   Code   RO         1944    i.SysTick_Handler   bluenrg1_it.o
    0x1004d590   0x000000b8   Code   RO         1761    i.SystemInit        system_bluenrg1.o
    0x1004d648   0x0000007c   Code   RO         3069    i.TimerCallback     libbluenrg1_stack.a(host_timer.o)
    0x1004d6c4   0x00000014   Code   RO         3070    i.Timer_ExpiryCallback  libbluenrg1_stack.a(host_timer.o)
    0x1004d6d8   0x00000034   Code   RO         3071    i.Timer_Init        libbluenrg1_stack.a(host_timer.o)
    0x1004d70c   0x00000144   Code   RO         3072    i.Timer_ProcessQ    libbluenrg1_stack.a(host_timer.o)
    0x1004d850   0x00000022   Code   RO         3073    i.Timer_StartOneShot  libbluenrg1_stack.a(host_timer.o)
    0x1004d872   0x00000002   PAD
    0x1004d874   0x00000070   Code   RO         3074    i.Timer_StartOneShot_sysTime32  libbluenrg1_stack.a(host_timer.o)
    0x1004d8e4   0x00000054   Code   RO         3075    i.Timer_StopOneShot  libbluenrg1_stack.a(host_timer.o)
    0x1004d938   0x00000020   Code   RO         3077    i.Timer_sysTime32_convMachineTime  libbluenrg1_stack.a(host_timer.o)
    0x1004d958   0x0000001c   Code   RO         1103    i.UART_Cmd          bluenrg1_uart.o
    0x1004d974   0x0000001c   Code   RO         1106    i.UART_GetFlagStatus  bluenrg1_uart.o
    0x1004d990   0x00000014   Code   RO         1107    i.UART_GetITStatus  bluenrg1_uart.o
    0x1004d9a4   0x00000008   Code   RO         1945    i.UART_Handler      bluenrg1_it.o
    0x1004d9ac   0x00000018   Code   RO         1108    i.UART_ITConfig     bluenrg1_uart.o
    0x1004d9c4   0x00000128   Code   RO         1109    i.UART_Init         bluenrg1_uart.o
    0x1004daec   0x0000000c   Code   RO         1110    i.UART_ReceiveData  bluenrg1_uart.o
    0x1004daf8   0x00000018   Code   RO         1112    i.UART_RxFifoIrqLevelConfig  bluenrg1_uart.o
    0x1004db10   0x00000010   Code   RO         1114    i.UART_SendData     bluenrg1_uart.o
    0x1004db20   0x00000050   Code   RO         3474    i.ValidLinkPermRequest  libbluenrg1_stack.a(att.o)
    0x1004db70   0x00000002   Code   RO         1763    i.WDG_Handler       system_bluenrg1.o
    0x1004db72   0x0000000a   Code   RO         3330    i.WindowWiden1      libbluenrg1_stack.a(rom_ll_timehandling.o)
    0x1004db7c   0x00000010   Code   RO         3331    i.WindowWiden2      libbluenrg1_stack.a(rom_ll_timehandling.o)
    0x1004db8c   0x000001b8   Code   RO         3376    i.Write_Client_Data  libbluenrg1_stack.a(sdb.o)
    0x1004dd44   0x00000132   Code   RO         3475    i.Write_Cmd         libbluenrg1_stack.a(att.o)
    0x1004de76   0x0000014a   Code   RO         3476    i.Write_Resp        libbluenrg1_stack.a(att.o)
    0x1004dfc0   0x0000006c   Code   RO         3377    i.Write_SDBRecord   libbluenrg1_stack.a(sdb.o)
    0x1004e02c   0x00000094   Code   RO         2671    i._BlueNRG_Stack_Initialization  libbluenrg1_stack.a(bluenrg_main_func.o)
    0x1004e0c0   0x00000064   Code   RO         2923    i._GAP_Parse_Advertising_Report  libbluenrg1_stack.a(gap.o)
    0x1004e124   0x0000001a   Code   RO         2355    i.__ARM_common_switch8  atprocess.o
    0x1004e13e   0x00000002   PAD
    0x1004e140   0x00000030   Code   RO         1764    i.__low_level_init  system_bluenrg1.o
    0x1004e170   0x0000006c   Code   RO         2559    i._aci_gap_set_discoverable_param_check  libbluenrg1_stack.a(bluenrg_gap_aci.o)
    0x1004e1dc   0x0000016c   Code   RO         2924    i._gap_set_discoverable_connectable  libbluenrg1_stack.a(gap.o)
    0x1004e348   0x0000000e   Code   RO         3630    i._is_digit         c_p.l(__printf_wp.o)
    0x1004e356   0x00000026   Code   RO         2604    i._load_uuid        libbluenrg1_stack.a(bluenrg_gatt_aci.o)
    0x1004e37c   0x00000002   Code   RO         2740    i.aci_att_exchange_mtu_resp_event  libbluenrg1_stack.a(aci_events.o)
    0x1004e37e   0x00000002   PAD
    0x1004e380   0x00000020   Code   RO         2741    i.aci_att_exchange_mtu_resp_event_cb  libbluenrg1_stack.a(aci_events.o)
    0x1004e3a0   0x00000002   Code   RO         2742    i.aci_att_exec_write_resp_event  libbluenrg1_stack.a(aci_events.o)
    0x1004e3a2   0x00000002   PAD
    0x1004e3a4   0x0000001c   Code   RO         2743    i.aci_att_exec_write_resp_event_cb  libbluenrg1_stack.a(aci_events.o)
    0x1004e3c0   0x00000002   Code   RO         2744    i.aci_att_find_by_type_value_resp_event  libbluenrg1_stack.a(aci_events.o)
    0x1004e3c2   0x00000002   PAD
    0x1004e3c4   0x00000024   Code   RO         2745    i.aci_att_find_by_type_value_resp_event_cb  libbluenrg1_stack.a(aci_events.o)
    0x1004e3e8   0x00000002   Code   RO         2746    i.aci_att_find_info_resp_event  libbluenrg1_stack.a(aci_events.o)
    0x1004e3ea   0x00000002   PAD
    0x1004e3ec   0x00000024   Code   RO         2747    i.aci_att_find_info_resp_event_cb  libbluenrg1_stack.a(aci_events.o)
    0x1004e410   0x00000002   Code   RO         2748    i.aci_att_prepare_write_resp_event  libbluenrg1_stack.a(aci_events.o)
    0x1004e412   0x00000002   PAD
    0x1004e414   0x00000028   Code   RO         2749    i.aci_att_prepare_write_resp_event_cb  libbluenrg1_stack.a(aci_events.o)
    0x1004e43c   0x00000002   Code   RO         2750    i.aci_att_read_blob_resp_event  libbluenrg1_stack.a(aci_events.o)
    0x1004e43e   0x00000002   PAD
    0x1004e440   0x00000024   Code   RO         2751    i.aci_att_read_blob_resp_event_cb  libbluenrg1_stack.a(aci_events.o)
    0x1004e464   0x00000068   Code   RO         2989    i.aci_att_read_blob_resp_event_push  libbluenrg1_stack.a(gatt_client.o)
    0x1004e4cc   0x00000002   Code   RO         2752    i.aci_att_read_by_group_type_resp_event  libbluenrg1_stack.a(aci_events.o)
    0x1004e4ce   0x00000002   PAD
    0x1004e4d0   0x00000024   Code   RO         2753    i.aci_att_read_by_group_type_resp_event_cb  libbluenrg1_stack.a(aci_events.o)
    0x1004e4f4   0x00000002   Code   RO         2754    i.aci_att_read_by_type_resp_event  libbluenrg1_stack.a(aci_events.o)
    0x1004e4f6   0x00000002   PAD
    0x1004e4f8   0x00000024   Code   RO         2755    i.aci_att_read_by_type_resp_event_cb  libbluenrg1_stack.a(aci_events.o)
    0x1004e51c   0x00000002   Code   RO         2756    i.aci_att_read_multiple_resp_event  libbluenrg1_stack.a(aci_events.o)
    0x1004e51e   0x00000002   PAD
    0x1004e520   0x00000024   Code   RO         2757    i.aci_att_read_multiple_resp_event_cb  libbluenrg1_stack.a(aci_events.o)
    0x1004e544   0x00000064   Code   RO         2992    i.aci_att_read_multiple_resp_event_push  libbluenrg1_stack.a(gatt_client.o)
    0x1004e5a8   0x00000002   Code   RO         2758    i.aci_att_read_resp_event  libbluenrg1_stack.a(aci_events.o)
    0x1004e5aa   0x00000002   PAD
    0x1004e5ac   0x00000024   Code   RO         2759    i.aci_att_read_resp_event_cb  libbluenrg1_stack.a(aci_events.o)
    0x1004e5d0   0x00000068   Code   RO         2993    i.aci_att_read_resp_event_push  libbluenrg1_stack.a(gatt_client.o)
    0x1004e638   0x00000002   Code   RO         2760    i.aci_att_write_resp_event  libbluenrg1_stack.a(aci_events.o)
    0x1004e63a   0x00000002   PAD
    0x1004e63c   0x00000024   Code   RO         2761    i.aci_att_write_resp_event_cb  libbluenrg1_stack.a(aci_events.o)
    0x1004e660   0x00000028   Code   RO         2762    i.aci_event_fifo_push  libbluenrg1_stack.a(aci_events.o)
    0x1004e688   0x000000c8   Code   RO         2763    i.aci_event_fifo_push_header  libbluenrg1_stack.a(aci_events.o)
    0x1004e750   0x00000002   Code   RO         2764    i.aci_gap_addr_not_resolved_event  libbluenrg1_stack.a(aci_events.o)
    0x1004e752   0x00000002   PAD
    0x1004e754   0x0000001c   Code   RO         2765    i.aci_gap_addr_not_resolved_event_cb  libbluenrg1_stack.a(aci_events.o)
    0x1004e770   0x00000002   Code   RO         2766    i.aci_gap_authorization_req_event  libbluenrg1_stack.a(aci_events.o)
    0x1004e772   0x00000002   PAD
    0x1004e774   0x0000001c   Code   RO         2767    i.aci_gap_authorization_req_event_cb  libbluenrg1_stack.a(aci_events.o)
    0x1004e790   0x00000044   Code   RO         3438    i.aci_gap_authorization_req_event_push  libbluenrg1_stack.a(sm_common.o)
    0x1004e7d4   0x00000002   Code   RO         2768    i.aci_gap_bond_lost_event  libbluenrg1_stack.a(aci_events.o)
    0x1004e7d6   0x00000002   PAD
    0x1004e7d8   0x0000001c   Code   RO         2769    i.aci_gap_bond_lost_event_cb  libbluenrg1_stack.a(aci_events.o)
    0x1004e7f4   0x0000005a   Code   RO         2564    i.aci_gap_create_connection  libbluenrg1_stack.a(bluenrg_gap_aci.o)
    0x1004e84e   0x00000018   Code   RO         2565    i.aci_gap_delete_ad_type  libbluenrg1_stack.a(bluenrg_gap_aci.o)
    0x1004e866   0x00000002   Code   RO         2770    i.aci_gap_device_found_event  libbluenrg1_stack.a(aci_events.o)
    0x1004e868   0x00000020   Code   RO         2771    i.aci_gap_device_found_event_cb  libbluenrg1_stack.a(aci_events.o)
    0x1004e888   0x00000030   Code   RO         2569    i.aci_gap_init      libbluenrg1_stack.a(bluenrg_gap_aci.o)
    0x1004e8b8   0x00000002   Code   RO         2772    i.aci_gap_keypress_notification_event  libbluenrg1_stack.a(aci_events.o)
    0x1004e8ba   0x00000002   PAD
    0x1004e8bc   0x00000020   Code   RO         2773    i.aci_gap_keypress_notification_event_cb  libbluenrg1_stack.a(aci_events.o)
    0x1004e8dc   0x00000002   Code   RO         2774    i.aci_gap_limited_discoverable_event  libbluenrg1_stack.a(aci_events.o)
    0x1004e8de   0x00000002   PAD
    0x1004e8e0   0x0000001c   Code   RO         2775    i.aci_gap_limited_discoverable_event_cb  libbluenrg1_stack.a(aci_events.o)
    0x1004e8fc   0x00000040   Code   RO         2925    i.aci_gap_limited_discoverable_event_push  libbluenrg1_stack.a(gap.o)
    0x1004e93c   0x00000002   Code   RO         2776    i.aci_gap_numeric_comparison_value_event  libbluenrg1_stack.a(aci_events.o)
    0x1004e93e   0x00000002   PAD
    0x1004e940   0x00000020   Code   RO         2777    i.aci_gap_numeric_comparison_value_event_cb  libbluenrg1_stack.a(aci_events.o)
    0x1004e960   0x00000048   Code   RO         3384    i.aci_gap_numeric_comparison_value_event_push  libbluenrg1_stack.a(securitymgr.o)
    0x1004e9a8   0x00000002   Code   RO         2778    i.aci_gap_pairing_complete_event  libbluenrg1_stack.a(aci_events.o)
    0x1004e9aa   0x00000002   PAD
    0x1004e9ac   0x00000024   Code   RO         2779    i.aci_gap_pairing_complete_event_cb  libbluenrg1_stack.a(aci_events.o)
    0x1004e9d0   0x0000004c   Code   RO         3439    i.aci_gap_pairing_complete_event_push  libbluenrg1_stack.a(sm_common.o)
    0x1004ea1c   0x00000002   Code   RO         2780    i.aci_gap_pass_key_req_event  libbluenrg1_stack.a(aci_events.o)
    0x1004ea1e   0x00000002   PAD
    0x1004ea20   0x0000001c   Code   RO         2781    i.aci_gap_pass_key_req_event_cb  libbluenrg1_stack.a(aci_events.o)
    0x1004ea3c   0x00000002   Code   RO         2782    i.aci_gap_proc_complete_event  libbluenrg1_stack.a(aci_events.o)
    0x1004ea3e   0x00000002   PAD
    0x1004ea40   0x00000024   Code   RO         2783    i.aci_gap_proc_complete_event_cb  libbluenrg1_stack.a(aci_events.o)
    0x1004ea64   0x00000064   Code   RO         2926    i.aci_gap_proc_complete_event_push  libbluenrg1_stack.a(gap.o)
    0x1004eac8   0x00000042   Code   RO         2580    i.aci_gap_set_discoverable  libbluenrg1_stack.a(bluenrg_gap_aci.o)
    0x1004eb0a   0x00000002   Code   RO         2784    i.aci_gap_slave_security_initiated_event  libbluenrg1_stack.a(aci_events.o)
    0x1004eb0c   0x0000001c   Code   RO         2785    i.aci_gap_slave_security_initiated_event_cb  libbluenrg1_stack.a(aci_events.o)
    0x1004eb28   0x00000008   Code   RO         2592    i.aci_gap_start_general_discovery_proc  libbluenrg1_stack.a(bluenrg_gap_aci.o)
    0x1004eb30   0x00000008   Code   RO         2598    i.aci_gap_terminate_gap_proc  libbluenrg1_stack.a(bluenrg_gap_aci.o)
    0x1004eb38   0x0000003e   Code   RO         2611    i.aci_gatt_add_char  libbluenrg1_stack.a(bluenrg_gatt_aci.o)
    0x1004eb76   0x00000036   Code   RO         2613    i.aci_gatt_add_service  libbluenrg1_stack.a(bluenrg_gatt_aci.o)
    0x1004ebac   0x0000000e   Code   RO         2094    i.aci_gatt_attribute_modified_event  chat.o
    0x1004ebba   0x00000002   PAD
    0x1004ebbc   0x00000028   Code   RO         2787    i.aci_gatt_attribute_modified_event_cb  libbluenrg1_stack.a(aci_events.o)
    0x1004ebe4   0x00000068   Code   RO         3477    i.aci_gatt_attribute_modified_event_push  libbluenrg1_stack.a(att.o)
    0x1004ec4c   0x00000002   Code   RO         2788    i.aci_gatt_disc_read_char_by_uuid_resp_event  libbluenrg1_stack.a(aci_events.o)
    0x1004ec4e   0x00000002   PAD
    0x1004ec50   0x00000024   Code   RO         2789    i.aci_gatt_disc_read_char_by_uuid_resp_event_cb  libbluenrg1_stack.a(aci_events.o)
    0x1004ec74   0x00000074   Code   RO         2994    i.aci_gatt_disc_read_char_by_uuid_resp_event_push  libbluenrg1_stack.a(gatt_client.o)
    0x1004ece8   0x00000002   Code   RO         2790    i.aci_gatt_error_resp_event  libbluenrg1_stack.a(aci_events.o)
    0x1004ecea   0x00000002   PAD
    0x1004ecec   0x00000024   Code   RO         2791    i.aci_gatt_error_resp_event_cb  libbluenrg1_stack.a(aci_events.o)
    0x1004ed10   0x00000064   Code   RO         2995    i.aci_gatt_error_resp_event_push  libbluenrg1_stack.a(gatt_client.o)
    0x1004ed74   0x00000002   Code   RO         2792    i.aci_gatt_indication_event  libbluenrg1_stack.a(aci_events.o)
    0x1004ed76   0x00000002   PAD
    0x1004ed78   0x00000024   Code   RO         2793    i.aci_gatt_indication_event_cb  libbluenrg1_stack.a(aci_events.o)
    0x1004ed9c   0x00000008   Code   RO         2628    i.aci_gatt_init     libbluenrg1_stack.a(bluenrg_gatt_aci.o)
    0x1004eda4   0x00000002   Code   RO         2794    i.aci_gatt_notification_event  libbluenrg1_stack.a(aci_events.o)
    0x1004eda6   0x00000002   PAD
    0x1004eda8   0x00000024   Code   RO         2795    i.aci_gatt_notification_event_cb  libbluenrg1_stack.a(aci_events.o)
    0x1004edcc   0x00000002   Code   RO         2796    i.aci_gatt_prepare_write_permit_req_event  libbluenrg1_stack.a(aci_events.o)
    0x1004edce   0x00000016   Code   RO         2797    i.aci_gatt_prepare_write_permit_req_event_cb  libbluenrg1_stack.a(aci_events.o)
    0x1004ede4   0x00000002   Code   RO         2798    i.aci_gatt_proc_complete_event  libbluenrg1_stack.a(aci_events.o)
    0x1004ede6   0x00000002   PAD
    0x1004ede8   0x00000020   Code   RO         2799    i.aci_gatt_proc_complete_event_cb  libbluenrg1_stack.a(aci_events.o)
    0x1004ee08   0x00000048   Code   RO         2996    i.aci_gatt_proc_complete_event_push  libbluenrg1_stack.a(gatt_client.o)
    0x1004ee50   0x00000002   Code   RO         2800    i.aci_gatt_proc_timeout_event  libbluenrg1_stack.a(aci_events.o)
    0x1004ee52   0x00000002   PAD
    0x1004ee54   0x0000001c   Code   RO         2801    i.aci_gatt_proc_timeout_event_cb  libbluenrg1_stack.a(aci_events.o)
    0x1004ee70   0x00000002   Code   RO         2802    i.aci_gatt_read_multi_permit_req_event  libbluenrg1_stack.a(aci_events.o)
    0x1004ee72   0x00000010   Code   RO         2803    i.aci_gatt_read_multi_permit_req_event_cb  libbluenrg1_stack.a(aci_events.o)
    0x1004ee82   0x00000050   Code   RO         3478    i.aci_gatt_read_multi_permit_req_event_push  libbluenrg1_stack.a(att.o)
    0x1004eed2   0x00000002   Code   RO         2095    i.aci_gatt_read_permit_req_event  chat.o
    0x1004eed4   0x00000010   Code   RO         2805    i.aci_gatt_read_permit_req_event_cb  libbluenrg1_stack.a(aci_events.o)
    0x1004eee4   0x00000038   Code   RO         3479    i.aci_gatt_read_permit_req_event_push  libbluenrg1_stack.a(att.o)
    0x1004ef1c   0x00000002   Code   RO         2806    i.aci_gatt_server_confirmation_event  libbluenrg1_stack.a(aci_events.o)
    0x1004ef1e   0x0000000a   Code   RO         2807    i.aci_gatt_server_confirmation_event_cb  libbluenrg1_stack.a(aci_events.o)
    0x1004ef28   0x00000010   Code   RO         2096    i.aci_gatt_tx_pool_available_event  chat.o
    0x1004ef38   0x0000000e   Code   RO         2809    i.aci_gatt_tx_pool_available_event_cb  libbluenrg1_stack.a(aci_events.o)
    0x1004ef46   0x00000014   Code   RO         2640    i.aci_gatt_update_char_value  libbluenrg1_stack.a(bluenrg_gatt_aci.o)
    0x1004ef5a   0x00000002   Code   RO         2810    i.aci_gatt_write_permit_req_event  libbluenrg1_stack.a(aci_events.o)
    0x1004ef5c   0x00000012   Code   RO         2811    i.aci_gatt_write_permit_req_event_cb  libbluenrg1_stack.a(aci_events.o)
    0x1004ef6e   0x00000056   Code   RO         3480    i.aci_gatt_write_permit_req_event_push  libbluenrg1_stack.a(att.o)
    0x1004efc4   0x00000008   Code   RO         2648    i.aci_gatt_write_without_resp  libbluenrg1_stack.a(bluenrg_gatt_aci.o)
    0x1004efcc   0x00000002   Code   RO         2097    i.aci_hal_end_of_radio_activity_event  chat.o
    0x1004efce   0x00000002   Code   RO         2812    i.aci_hal_scan_req_report_event  libbluenrg1_stack.a(aci_events.o)
    0x1004efd0   0x00000024   Code   RO         2813    i.aci_hal_scan_req_report_event_cb  libbluenrg1_stack.a(aci_events.o)
    0x1004eff4   0x00000008   Code   RO         2656    i.aci_hal_set_tx_power_level  libbluenrg1_stack.a(bluenrg_hal_aci.o)
    0x1004effc   0x00000008   Code   RO         2659    i.aci_hal_write_config_data  libbluenrg1_stack.a(bluenrg_hal_aci.o)
    0x1004f004   0x00000002   Code   RO         2814    i.aci_l2cap_command_reject_event  libbluenrg1_stack.a(aci_events.o)
    0x1004f006   0x00000016   Code   RO         2815    i.aci_l2cap_command_reject_event_cb  libbluenrg1_stack.a(aci_events.o)
    0x1004f01c   0x00000002   Code   RO         2816    i.aci_l2cap_connection_update_req_event  libbluenrg1_stack.a(aci_events.o)
    0x1004f01e   0x00000002   PAD
    0x1004f020   0x00000030   Code   RO         2817    i.aci_l2cap_connection_update_req_event_cb  libbluenrg1_stack.a(aci_events.o)
    0x1004f050   0x00000088   Code   RO         3104    i.aci_l2cap_connection_update_req_event_push  libbluenrg1_stack.a(l2cap.o)
    0x1004f0d8   0x00000002   Code   RO         2818    i.aci_l2cap_connection_update_resp_event  libbluenrg1_stack.a(aci_events.o)
    0x1004f0da   0x00000002   PAD
    0x1004f0dc   0x00000020   Code   RO         2819    i.aci_l2cap_connection_update_resp_event_cb  libbluenrg1_stack.a(aci_events.o)
    0x1004f0fc   0x00000002   Code   RO         2820    i.aci_l2cap_proc_timeout_event  libbluenrg1_stack.a(aci_events.o)
    0x1004f0fe   0x00000002   PAD
    0x1004f100   0x00000020   Code   RO         2821    i.aci_l2cap_proc_timeout_event_cb  libbluenrg1_stack.a(aci_events.o)
    0x1004f120   0x00000026   Code   RO         2881    i.acl_list_full_on_packt  libbluenrg1_stack.a(acl_list.o)
    0x1004f146   0x00000004   Code   RO         2883    i.acl_list_get_pckt_count  libbluenrg1_stack.a(acl_list.o)
    0x1004f14a   0x00000012   Code   RO         2884    i.acl_list_init     libbluenrg1_stack.a(acl_list.o)
    0x1004f15c   0x00000020   Code   RO         2885    i.acl_list_insert_head  libbluenrg1_stack.a(acl_list.o)
    0x1004f17c   0x00000020   Code   RO         2886    i.acl_list_insert_tail  libbluenrg1_stack.a(acl_list.o)
    0x1004f19c   0x00000010   Code   RO         2887    i.acl_list_is_empty  libbluenrg1_stack.a(acl_list.o)
    0x1004f1ac   0x00000020   Code   RO         2889    i.acl_list_remove   libbluenrg1_stack.a(acl_list.o)
    0x1004f1cc   0x00000020   Code   RO         2890    i.acl_list_remove_head  libbluenrg1_stack.a(acl_list.o)
    0x1004f1ec   0x00000258   Code   RO         3172    i.adapt_slot        libbluenrg1_stack.a(multi_master_time.o)
    0x1004f444   0x00000078   Code   RO         2927    i.advParamsCheckAndSet  libbluenrg1_stack.a(gap.o)
    0x1004f4bc   0x00000438   Code   RO         3173    i.advance_slave_timing_MultiSlave  libbluenrg1_stack.a(multi_master_time.o)
    0x1004f8f4   0x000000b8   Code   RO         3323    i.advance_transmit  libbluenrg1_stack.a(rom_ll_routines_support.o)
    0x1004f9ac   0x000004d4   Code   RO         2893    i.advance_wakeup_timer  libbluenrg1_stack.a(advance_wakeup_time.o)
    0x1004fe80   0x00000050   Code   RO         3174    i.anchor_replace    libbluenrg1_stack.a(multi_master_time.o)
    0x1004fed0   0x0000019c   Code   RO         3175    i.cancel_current_master  libbluenrg1_stack.a(multi_master_time.o)
    0x1005006c   0x00000100   Code   RO         3269    i.cancel_master     libbluenrg1_stack.a(rom_ll_isr_routines.o)
    0x1005016c   0x00000098   Code   RO         3084    i.cancel_slave      libbluenrg1_stack.a(isr_routines.o)
    0x10050204   0x00000012   Code   RO         3052    i.char_copy         libbluenrg1_stack.a(hal.o)
    0x10050216   0x00000002   PAD
    0x10050218   0x000000c8   Code   RO         3146    i.check_access_address_patched  libbluenrg1_stack.a(ll_routines_master.o)
    0x100502e0   0x00000024   Code   RO         3325    i.convert_power     libbluenrg1_stack.a(rom_ll_routines_support.o)
    0x10050304   0x00000022   Code   RO         3459    i.copy_swap_buffer  libbluenrg1_stack.a(utils.o)
    0x10050326   0x00000088   Code   RO         3326    i.encrypt           libbluenrg1_stack.a(rom_ll_routines_support.o)
    0x100503ae   0x0000006a   Code   RO         2822    i.fifoBuf_getFreeHeader  libbluenrg1_stack.a(aci_events.o)
    0x10050418   0x0000000a   Code   RO         2823    i.fifoCtrl_init     libbluenrg1_stack.a(aci_events.o)
    0x10050422   0x0000000c   Code   RO         1465    i.fputc             sdk_eval_com.o
    0x1005042e   0x00000002   PAD
    0x10050430   0x00000014   Code   RO         2928    i.gapClearAllModeFlags  libbluenrg1_stack.a(gap.o)
    0x10050444   0x0000002c   Code   RO         3270    i.get_adv_addr      libbluenrg1_stack.a(rom_ll_isr_routines.o)
    0x10050470   0x00000048   Code   RO         3176    i.get_advertiser    libbluenrg1_stack.a(multi_master_time.o)
    0x100504b8   0x00000084   Code   RO         3177    i.get_connection_no  libbluenrg1_stack.a(multi_master_time.o)
    0x1005053c   0x00000034   Code   RO         3178    i.get_next_free_slot  libbluenrg1_stack.a(multi_master_time.o)
    0x10050570   0x0000002e   Code   RO         3271    i.get_scan_addr     libbluenrg1_stack.a(rom_ll_isr_routines.o)
    0x1005059e   0x00000002   PAD
    0x100505a0   0x00000048   Code   RO         3179    i.get_scan_connection  libbluenrg1_stack.a(multi_master_time.o)
    0x100505e8   0x00000278   Code   RO         3272    i.go_to_connect     libbluenrg1_stack.a(rom_ll_isr_routines.o)
    0x10050860   0x00000198   Code   RO         3085    i.go_to_connect_master  libbluenrg1_stack.a(isr_routines.o)
    0x100509f8   0x00000020   Code   RO         3053    i.hal_get_hw_version  libbluenrg1_stack.a(hal.o)
    0x10050a18   0x00000034   Code   RO         3054    i.hal_radio_activity_state_callback_check  libbluenrg1_stack.a(hal.o)
    0x10050a4c   0x0000001c   Code   RO         3055    i.hal_radio_activity_state_init  libbluenrg1_stack.a(hal.o)
    0x10050a68   0x00000040   Code   RO         3056    i.hal_read_radio_activity_state  libbluenrg1_stack.a(hal.o)
    0x10050aa8   0x00000064   Code   RO         2680    i.hci_acl_Process_Q  libbluenrg1_stack.a(hci.o)
    0x10050b0c   0x000000e4   Code   RO         2879    i.hci_acl_data_ind_event_int_cb  libbluenrg1_stack.a(acl.o)
    0x10050bf0   0x00000098   Code   RO         2880    i.hci_acl_data_tx_cmpl_event_int_cb  libbluenrg1_stack.a(acl.o)
    0x10050c88   0x00000002   Code   RO         2825    i.hci_data_buffer_overflow_event_cb  libbluenrg1_stack.a(aci_events.o)
    0x10050c8a   0x0000000e   Code   RO         2681    i.hci_disconnect    libbluenrg1_stack.a(hci.o)
    0x10050c98   0x00000048   Code   RO         2098    i.hci_disconnection_complete_event  chat.o
    0x10050ce0   0x00000020   Code   RO         2827    i.hci_disconnection_complete_event_cb  libbluenrg1_stack.a(aci_events.o)
    0x10050d00   0x00000026   Code   RO         2828    i.hci_disconnection_complete_event_int_cb  libbluenrg1_stack.a(aci_events.o)
    0x10050d26   0x00000002   Code   RO         2829    i.hci_encryption_change_event  libbluenrg1_stack.a(aci_events.o)
    0x10050d28   0x00000020   Code   RO         2830    i.hci_encryption_change_event_cb  libbluenrg1_stack.a(aci_events.o)
    0x10050d48   0x0000001a   Code   RO         2831    i.hci_encryption_change_event_int_cb  libbluenrg1_stack.a(aci_events.o)
    0x10050d62   0x00000002   PAD
    0x10050d64   0x0000004c   Code   RO         3147    i.hci_encryption_change_event_push  libbluenrg1_stack.a(ll_routines_master.o)
    0x10050db0   0x00000002   Code   RO         2832    i.hci_encryption_key_refresh_complete_event  libbluenrg1_stack.a(aci_events.o)
    0x10050db2   0x00000002   PAD
    0x10050db4   0x00000020   Code   RO         2833    i.hci_encryption_key_refresh_complete_event_cb  libbluenrg1_stack.a(aci_events.o)
    0x10050dd4   0x0000001a   Code   RO         2834    i.hci_encryption_key_refresh_complete_event_int_cb  libbluenrg1_stack.a(aci_events.o)
    0x10050dee   0x00000002   PAD
    0x10050df0   0x00000048   Code   RO         3148    i.hci_encryption_key_refresh_complete_event_push  libbluenrg1_stack.a(ll_routines_master.o)
    0x10050e38   0x00000002   Code   RO         2835    i.hci_hardware_error_event  libbluenrg1_stack.a(aci_events.o)
    0x10050e3a   0x00000002   PAD
    0x10050e3c   0x0000009c   Code   RO         2099    i.hci_le_advertising_report_event  chat.o
    0x10050ed8   0x00000020   Code   RO         2837    i.hci_le_advertising_report_event_cb  libbluenrg1_stack.a(aci_events.o)
    0x10050ef8   0x0000001e   Code   RO         2838    i.hci_le_advertising_report_event_int_cb  libbluenrg1_stack.a(aci_events.o)
    0x10050f16   0x00000002   PAD
    0x10050f18   0x00000080   Code   RO         3149    i.hci_le_advertising_report_event_push  libbluenrg1_stack.a(ll_routines_master.o)
    0x10050f98   0x00000014   Code   RO         2100    i.hci_le_connection_complete_event  chat.o
    0x10050fac   0x00000040   Code   RO         2840    i.hci_le_connection_complete_event_cb  libbluenrg1_stack.a(aci_events.o)
    0x10050fec   0x00000026   Code   RO         2841    i.hci_le_connection_complete_event_int_cb  libbluenrg1_stack.a(aci_events.o)
    0x10051012   0x00000002   PAD
    0x10051014   0x00000078   Code   RO         3150    i.hci_le_connection_complete_event_push  libbluenrg1_stack.a(ll_routines_master.o)
    0x1005108c   0x00000002   Code   RO         2842    i.hci_le_connection_update_complete_event  libbluenrg1_stack.a(aci_events.o)
    0x1005108e   0x00000002   PAD
    0x10051090   0x0000002c   Code   RO         2843    i.hci_le_connection_update_complete_event_cb  libbluenrg1_stack.a(aci_events.o)
    0x100510bc   0x00000058   Code   RO         3151    i.hci_le_connection_update_complete_event_push  libbluenrg1_stack.a(ll_routines_master.o)
    0x10051114   0x00000002   Code   RO         2844    i.hci_le_direct_advertising_report_event  libbluenrg1_stack.a(aci_events.o)
    0x10051116   0x00000002   PAD
    0x10051118   0x00000020   Code   RO         2845    i.hci_le_direct_advertising_report_event_cb  libbluenrg1_stack.a(aci_events.o)
    0x10051138   0x0000001e   Code   RO         2846    i.hci_le_direct_advertising_report_event_int_cb  libbluenrg1_stack.a(aci_events.o)
    0x10051156   0x00000002   PAD
    0x10051158   0x00000074   Code   RO         3152    i.hci_le_direct_advertising_report_event_push  libbluenrg1_stack.a(ll_routines_master.o)
    0x100511cc   0x00000002   Code   RO         2847    i.hci_le_enhanced_connection_complete_event  libbluenrg1_stack.a(aci_events.o)
    0x100511ce   0x00000002   PAD
    0x100511d0   0x00000048   Code   RO         2848    i.hci_le_enhanced_connection_complete_event_cb  libbluenrg1_stack.a(aci_events.o)
    0x10051218   0x00000026   Code   RO         2849    i.hci_le_enhanced_connection_complete_event_int_cb  libbluenrg1_stack.a(aci_events.o)
    0x1005123e   0x00000002   PAD
    0x10051240   0x00000090   Code   RO         3153    i.hci_le_enhanced_connection_complete_event_push  libbluenrg1_stack.a(ll_routines_master.o)
    0x100512d0   0x00000094   Code   RO         2689    i.hci_le_generate_dhkey  libbluenrg1_stack.a(hci.o)
    0x10051364   0x00000002   Code   RO         2850    i.hci_le_generate_dhkey_complete_event  libbluenrg1_stack.a(aci_events.o)
    0x10051366   0x00000002   PAD
    0x10051368   0x00000024   Code   RO         2851    i.hci_le_generate_dhkey_complete_event_cb  libbluenrg1_stack.a(aci_events.o)
    0x1005138c   0x0000001a   Code   RO         2852    i.hci_le_generate_dhkey_complete_event_int_cb  libbluenrg1_stack.a(aci_events.o)
    0x100513a6   0x00000002   PAD
    0x100513a8   0x00000054   Code   RO         2690    i.hci_le_generate_dhkey_complete_event_push  libbluenrg1_stack.a(hci.o)
    0x100513fc   0x00000002   Code   RO         2853    i.hci_le_long_term_key_request_event  libbluenrg1_stack.a(aci_events.o)
    0x100513fe   0x00000002   PAD
    0x10051400   0x00000024   Code   RO         2854    i.hci_le_long_term_key_request_event_cb  libbluenrg1_stack.a(aci_events.o)
    0x10051424   0x0000000c   Code   RO         2855    i.hci_le_long_term_key_request_event_int_cb  libbluenrg1_stack.a(aci_events.o)
    0x10051430   0x0000005c   Code   RO         2697    i.hci_le_read_local_p256_public_key  libbluenrg1_stack.a(hci.o)
    0x1005148c   0x00000002   Code   RO         2856    i.hci_le_read_local_p256_public_key_complete_event  libbluenrg1_stack.a(aci_events.o)
    0x1005148e   0x00000002   PAD
    0x10051490   0x00000024   Code   RO         2857    i.hci_le_read_local_p256_public_key_complete_event_cb  libbluenrg1_stack.a(aci_events.o)
    0x100514b4   0x0000001a   Code   RO         2858    i.hci_le_read_local_p256_public_key_complete_event_int_cb  libbluenrg1_stack.a(aci_events.o)
    0x100514ce   0x00000002   PAD
    0x100514d0   0x00000058   Code   RO         2698    i.hci_le_read_local_p256_public_key_complete_event_push  libbluenrg1_stack.a(hci.o)
    0x10051528   0x00000002   Code   RO         2859    i.hci_le_read_remote_used_features_complete_event  libbluenrg1_stack.a(aci_events.o)
    0x1005152a   0x00000002   PAD
    0x1005152c   0x00000028   Code   RO         2860    i.hci_le_read_remote_used_features_complete_event_cb  libbluenrg1_stack.a(aci_events.o)
    0x10051554   0x00000024   Code   RO         2708    i.hci_le_set_event_mask  libbluenrg1_stack.a(hci.o)
    0x10051578   0x00000016   Code   RO         2713    i.hci_le_set_scan_response_data  libbluenrg1_stack.a(hci.o)
    0x1005158e   0x00000002   PAD
    0x10051590   0x00000064   Code   RO         2717    i.hci_load_connParams  libbluenrg1_stack.a(hci.o)
    0x100515f4   0x00000002   Code   RO         2861    i.hci_number_of_completed_packets_event  libbluenrg1_stack.a(aci_events.o)
    0x100515f6   0x0000000a   Code   RO         2862    i.hci_number_of_completed_packets_event_cb  libbluenrg1_stack.a(aci_events.o)
    0x10051600   0x00000002   Code   RO         2863    i.hci_read_remote_version_information_complete_event  libbluenrg1_stack.a(aci_events.o)
    0x10051602   0x00000002   PAD
    0x10051604   0x00000024   Code   RO         2864    i.hci_read_remote_version_information_complete_event_cb  libbluenrg1_stack.a(aci_events.o)
    0x10051628   0x00000020   Code   RO         2724    i.hci_read_transmit_power_level  libbluenrg1_stack.a(hci.o)
    0x10051648   0x0000005a   Code   RO         2726    i.hci_rx_acl_data   libbluenrg1_stack.a(hci.o)
    0x100516a2   0x00000004   Code   RO         2865    i.hci_rx_acl_data_event  libbluenrg1_stack.a(aci_events.o)
    0x100516a6   0x00000016   Code   RO         2866    i.hci_rx_acl_data_event_cb  libbluenrg1_stack.a(aci_events.o)
    0x100516bc   0x00000034   Code   RO         2729    i.hci_tx_acl_data_done  libbluenrg1_stack.a(hci.o)
    0x100516f0   0x0000001e   Code   RO         3460    i.is_Buffer_All_Set_To  libbluenrg1_stack.a(utils.o)
    0x1005170e   0x00000002   PAD
    0x10051710   0x00000034   Code   RO         3180    i.is_slave          libbluenrg1_stack.a(multi_master_time.o)
    0x10051744   0x000008bc   Code   RO         3154    i.isr_event_handler_patched  libbluenrg1_stack.a(ll_routines_master.o)
    0x10052000   0x0000014c   Code   RO         3080    i.isr_postproc      libbluenrg1_stack.a(isr_postproc.o)
    0x1005214c   0x0000014c   Code   RO         3263    i.isr_postproc1     libbluenrg1_stack.a(rom_ll_isr_postproc.o)
    0x10052298   0x00000016   Code   RO         3264    i.isr_postproc_encrypt_data  libbluenrg1_stack.a(rom_ll_isr_postproc.o)
    0x100522ae   0x00000002   PAD
    0x100522b0   0x00000020   Code   RO         3332    i.machine_time_trans  libbluenrg1_stack.a(rom_ll_timehandling.o)
    0x100522d0   0x00000090   Code   RO         2216    i.main              ble_chat_main.o
    0x10052360   0x000000a8   Code   RO         3165    i.mem_alloc_ctx_init  libbluenrg1_stack.a(mem_alloc.o)
    0x10052408   0x00000008   Code   RO         3355    i.microseconds_to_machine_time  libbluenrg1_stack.a(routines_support.o)
    0x10052410   0x00000018   Code   RO         3327    i.modulo_37         libbluenrg1_stack.a(rom_ll_routines_support.o)
    0x10052428   0x00000018   Code   RO         3181    i.nsar_init         libbluenrg1_stack.a(multi_master_time.o)
    0x10052440   0x0000001c   Code   RO         3182    i.nsar_insertSlotListEntry  libbluenrg1_stack.a(multi_master_time.o)
    0x1005245c   0x000000ac   Code   RO         3183    i.nsar_searchBestFreeSlot  libbluenrg1_stack.a(multi_master_time.o)
    0x10052508   0x00000022   Code   RO         3185    i.nsar_updateBestFreeSlot  libbluenrg1_stack.a(multi_master_time.o)
    0x1005252a   0x00000002   PAD
    0x1005252c   0x0000006c   Code   RO         3186    i.nsar_updateSlotListEntry  libbluenrg1_stack.a(multi_master_time.o)
    0x10052598   0x00000044   Code   RO         3356    i.patch_advance_transmit  libbluenrg1_stack.a(routines_support.o)
    0x100525dc   0x00000070   Code   RO         3138    i.read_rssi         libbluenrg1_stack.a(ll_routines.o)
    0x1005264c   0x00000074   Code   RO         3188    i.request_connect_slot  libbluenrg1_stack.a(multi_master_time.o)
    0x100526c0   0x00000088   Code   RO         3189    i.request_scan_slot  libbluenrg1_stack.a(multi_master_time.o)
    0x10052748   0x00000094   Code   RO         3191    i.schedule_advertise_slot  libbluenrg1_stack.a(multi_master_time.o)
    0x100527dc   0x00000100   Code   RO         2929    i.setGapAdvData     libbluenrg1_stack.a(gap.o)
    0x100528dc   0x0000007c   Code   RO         3333    i.set_freq          libbluenrg1_stack.a(rom_ll_timehandling.o)
    0x10052958   0x00000020   Code   RO         3334    i.set_sca           libbluenrg1_stack.a(rom_ll_timehandling.o)
    0x10052978   0x00000010   Code   RO         3057    i.set_string        libbluenrg1_stack.a(hal.o)
    0x10052988   0x000000fc   Code   RO         3357    i.slave_advance     libbluenrg1_stack.a(routines_support.o)
    0x10052a84   0x00000038   Code   RO         3569    i.sm_Calculate_Hash  libbluenrg1_stack.a(ssm_algo.o)
    0x10052abc   0x00000080   Code   RO         3570    i.sm_Generate_SubKeys  libbluenrg1_stack.a(ssm_algo.o)
    0x10052b3c   0x00000090   Code   RO         3385    i.sm_Get_Long_Term_Key  libbluenrg1_stack.a(securitymgr.o)
    0x10052bcc   0x00000118   Code   RO         3386    i.sm_RepeatedAttacks_Protection  libbluenrg1_stack.a(securitymgr.o)
    0x10052ce4   0x0000004c   Code   RO         3387    i.sm_Search_BlackList  libbluenrg1_stack.a(securitymgr.o)
    0x10052d30   0x0000014c   Code   RO         3440    i.smp_Add_To_Database  libbluenrg1_stack.a(sm_common.o)
    0x10052e7c   0x0000001a   Code   RO         3388    i.smp_Build_AuthReq_Field  libbluenrg1_stack.a(securitymgr.o)
    0x10052e96   0x00000002   PAD
    0x10052e98   0x00000054   Code   RO         3389    i.smp_Build_Pairing_ReqResp_Packet  libbluenrg1_stack.a(securitymgr.o)
    0x10052eec   0x00000038   Code   RO         3390    i.smp_Check_Incoming_Pairing_Parameters  libbluenrg1_stack.a(securitymgr.o)
    0x10052f24   0x000000b4   Code   RO         3391    i.smp_Determine_Key_Association_Method  libbluenrg1_stack.a(securitymgr.o)
    0x10052fd8   0x0000026c   Code   RO         3392    i.smp_Execute_Actions_wrt_Current_State  libbluenrg1_stack.a(securitymgr.o)
    0x10053244   0x00000040   Code   RO         3441    i.smp_Find_Remote_Device_Index  libbluenrg1_stack.a(sm_common.o)
    0x10053284   0x00000040   Code   RO         3442    i.smp_Get_Local_Identity_Address  libbluenrg1_stack.a(sm_common.o)
    0x100532c4   0x00000088   Code   RO         3393    i.smp_Get_Pairing_Parameters_From_Peer_Packet  libbluenrg1_stack.a(securitymgr.o)
    0x1005334c   0x00000046   Code   RO         3443    i.smp_Keys_Distribution_Complete  libbluenrg1_stack.a(sm_common.o)
    0x10053392   0x00000002   PAD
    0x10053394   0x0000012c   Code   RO         3394    i.smp_Keys_Distribution_Send  libbluenrg1_stack.a(securitymgr.o)
    0x100534c0   0x00000036   Code   RO         3444    i.smp_Keys_Distribution_Start  libbluenrg1_stack.a(sm_common.o)
    0x100534f6   0x00000002   PAD
    0x100534f8   0x0000015c   Code   RO         3395    i.smp_LP_MI_Compute_c1_Confirm_Value  libbluenrg1_stack.a(securitymgr.o)
    0x10053654   0x0000003c   Code   RO         3445    i.smp_OOB_Check_Is_Remote_Data_Present  libbluenrg1_stack.a(sm_common.o)
    0x10053690   0x00000020   Code   RO         3446    i.smp_OOB_Clear_Remote_Data_Entry_by_Index  libbluenrg1_stack.a(sm_common.o)
    0x100536b0   0x0000004c   Code   RO         3448    i.smp_OOB_Get_Remote_Data_Reference  libbluenrg1_stack.a(sm_common.o)
    0x100536fc   0x000000a8   Code   RO         3449    i.smp_Pairing_Completed  libbluenrg1_stack.a(sm_common.o)
    0x100537a4   0x000000b4   Code   RO         3396    i.smp_Process_Rx_Packet_Exception_Cases  libbluenrg1_stack.a(securitymgr.o)
    0x10053858   0x00000178   Code   RO         3397    i.smp_Process_Rx_Packet_wrt_Current_State  libbluenrg1_stack.a(securitymgr.o)
    0x100539d0   0x000000d2   Code   RO         3450    i.smp_Receive_Keys  libbluenrg1_stack.a(sm_common.o)
    0x10053aa2   0x00000002   PAD
    0x10053aa4   0x00000020   Code   RO         3398    i.smp_Reset_Timer   libbluenrg1_stack.a(securitymgr.o)
    0x10053ac4   0x00000170   Code   RO         3399    i.smp_SR_Compute_c1_Confirm_Value  libbluenrg1_stack.a(securitymgr.o)
    0x10053c34   0x0000002c   Code   RO         3400    i.smp_Send_Data     libbluenrg1_stack.a(securitymgr.o)
    0x10053c60   0x00000068   Code   RO         3401    i.smp_Set_Key_Association_Method  libbluenrg1_stack.a(securitymgr.o)
    0x10053cc8   0x00000056   Code   RO         3402    i.smp____MI_PairingConfirm_Receive  libbluenrg1_stack.a(securitymgr.o)
    0x10053d1e   0x00000002   PAD
    0x10053d20   0x00000098   Code   RO         3403    i.smp____MI_PairingConfirm_Send  libbluenrg1_stack.a(securitymgr.o)
    0x10053db8   0x000001ac   Code   RO         3404    i.smp____MI_PairingRandom_Receive  libbluenrg1_stack.a(securitymgr.o)
    0x10053f64   0x00000084   Code   RO         3405    i.smp____MI_PairingResponse_Receive  libbluenrg1_stack.a(securitymgr.o)
    0x10053fe8   0x00000064   Code   RO         3406    i.smp____MI_SecurityRequest_Receive  libbluenrg1_stack.a(securitymgr.o)
    0x1005404c   0x00000030   Code   RO         3407    i.smp____PairingFailed_Send  libbluenrg1_stack.a(securitymgr.o)
    0x1005407c   0x00000048   Code   RO         3451    i.smp____Pairing_2Octets_Packet_Send  libbluenrg1_stack.a(sm_common.o)
    0x100540c4   0x000000bc   Code   RO         3408    i.smp____Pairing_Process_Abort  libbluenrg1_stack.a(securitymgr.o)
    0x10054180   0x0000003c   Code   RO         3534    i.smp____SC_Continue_If_Exclusive_SC_Pairing  libbluenrg1_stack.a(smp_scv42_isap.o)
    0x100541bc   0x00000070   Code   RO         3535    i.smp____SC_PairingPublicKey_Receive  libbluenrg1_stack.a(smp_scv42_isap.o)
    0x1005422c   0x00000068   Code   RO         3536    i.smp____SC_PairingPublicKey_Send  libbluenrg1_stack.a(smp_scv42_isap.o)
    0x10054294   0x00000090   Code   RO         3537    i.smp____SC_Pairing_OOB_Confirm_Receive_and_Verify  libbluenrg1_stack.a(smp_scv42_isap.o)
    0x10054324   0x00000080   Code   RO         3538    i.smp____SC_Phase_2AS2_DHKeyCheck_Receive  libbluenrg1_stack.a(smp_scv42_isap.o)
    0x100543a4   0x0000005c   Code   RO         3539    i.smp____SC_Phase_2AS2_DHKeyCheck_Send  libbluenrg1_stack.a(smp_scv42_isap.o)
    0x10054400   0x00000130   Code   RO         3540    i.smp____SC_Phase_2AS2_Generate_DHKeyCheck  libbluenrg1_stack.a(smp_scv42_isap.o)
    0x10054530   0x000000b4   Code   RO         3541    i.smp____SC_Phase_2AS2_Start  libbluenrg1_stack.a(smp_scv42_isap.o)
    0x100545e4   0x00000032   Code   RO         3542    i.smp____SC_Phase_2AS2__Set_Addresses  libbluenrg1_stack.a(smp_scv42_isap.o)
    0x10054616   0x00000002   PAD
    0x10054618   0x00000044   Code   RO         3543    i.smp____SC_Verify_Peer_PK_and_Generate_DHKey  libbluenrg1_stack.a(smp_scv42_isap.o)
    0x1005465c   0x00000028   Code   RO         3545    i.smp____SC_hci_le_generate_dhkey_complete_evt_hndl  libbluenrg1_stack.a(smp_scv42_isap.o)
    0x10054684   0x00000044   Code   RO         3546    i.smp____SC_hci_le_read_local_p256_public_key_complete_evt_hndl  libbluenrg1_stack.a(smp_scv42_isap.o)
    0x100546c8   0x00000058   Code   RO         3547    i.smp____SC_initialize  libbluenrg1_stack.a(smp_scv42_isap.o)
    0x10054720   0x00000014   Code   RO         3548    i.smp____SC_is_Debug_Key_Usage_Forced  libbluenrg1_stack.a(smp_scv42_isap.o)
    0x10054734   0x00000038   Code   RO         3549    i.smp____SC_is_any_other_SC_Pairing_Ongoing  libbluenrg1_stack.a(smp_scv42_isap.o)
    0x1005476c   0x0000001c   Code   RO         3550    i.smp____SC_submit_ECC_PK_generation_request  libbluenrg1_stack.a(smp_scv42_isap.o)
    0x10054788   0x000000b0   Code   RO         3409    i.smp____SR_PairingConfirm_Receive  libbluenrg1_stack.a(securitymgr.o)
    0x10054838   0x000001a4   Code   RO         3410    i.smp____SR_PairingRandom_Receive  libbluenrg1_stack.a(securitymgr.o)
    0x100549dc   0x00000194   Code   RO         3411    i.smp____SR_PairingRequest_Receive  libbluenrg1_stack.a(securitymgr.o)
    0x10054b70   0x000000a0   Code   RO         3192    i.start_timebase    libbluenrg1_stack.a(multi_master_time.o)
    0x10054c10   0x0000001c   Code   RO         3038    i.store_data        libbluenrg1_stack.a(gatt_server.o)
    0x10054c2c   0x0000000a   Code   RO         3193    i.swap_char         libbluenrg1_stack.a(multi_master_time.o)
    0x10054c36   0x0000000a   Code   RO         3194    i.swap_short_int    libbluenrg1_stack.a(multi_master_time.o)
    0x10054c40   0x0000000a   Code   RO         3335    i.system_time_trans  libbluenrg1_stack.a(rom_ll_timehandling.o)
    0x10054c4a   0x00000002   PAD
    0x10054c4c   0x0000002c   Code   RO         3336    i.system_time_trans_ext  libbluenrg1_stack.a(rom_ll_timehandling.o)
    0x10054c78   0x0000000e   Code   RO         3337    i.time_offset1      libbluenrg1_stack.a(rom_ll_timehandling.o)
    0x10054c86   0x00000002   PAD
    0x10054c88   0x00000010   Code   RO         3338    i.time_offset2      libbluenrg1_stack.a(rom_ll_timehandling.o)
    0x10054c98   0x00000040   Code   RO         3195    i.timebase_start_connect  libbluenrg1_stack.a(multi_master_time.o)
    0x10054cd8   0x00000038   Code   RO         3273    i.unpack_channel_map  libbluenrg1_stack.a(rom_ll_isr_routines.o)
    0x10054d10   0x00000046   Code   RO         3274    i.unpack_update_request  libbluenrg1_stack.a(rom_ll_isr_routines.o)
    0x10054d56   0x00000002   PAD
    0x10054d58   0x00000004   Data   RO         1583    .constdata          sdk_eval_config.o
    0x10054d5c   0x00000004   Data   RO         1584    .constdata          sdk_eval_config.o
    0x10054d60   0x00000004   Data   RO         1585    .constdata          sdk_eval_config.o
    0x10054d64   0x00000004   Data   RO         1586    .constdata          sdk_eval_config.o
    0x10054d68   0x0000000a   Data   RO         2257    .constdata          atprocess.o
    0x10054d72   0x00000002   PAD
    0x10054d74   0x00000034   Data   RO         2378    .constdata          configinf.o
    0x10054da8   0x00000110   Data   RO         2867    .constdata          libbluenrg1_stack.a(aci_events.o)
    0x10054eb8   0x00000020   Data   RO         3339    .constdata          libbluenrg1_stack.a(rom_ll_timehandling.o)
    0x10054ed8   0x00000019   Data   RO         3412    .constdata          libbluenrg1_stack.a(securitymgr.o)
    0x10054ef1   0x00000010   Data   RO         3481    .constdata          libbluenrg1_stack.a(att.o)
    0x10054f01   0x00000060   Data   RO         3551    .constdata          libbluenrg1_stack.a(smp_scv42_isap.o)
    0x10054f61   0x00000010   Data   RO         3571    .constdata          libbluenrg1_stack.a(ssm_algo.o)
    0x10054f71   0x00000003   PAD
    0x10054f74   0x00000128   Data   RO         3584    .constdata          libbluenrg1_stack.a(crypto.o)
    0x1005509c   0x00000028   Data   RO         3603    .constdata          c_p.l(_printf_hex_int.o)
    0x100550c4   0x00000011   Data   RO         3633    .constdata          c_p.l(__printf_flags_wp.o)
    0x100550d5   0x00000003   PAD
    0x100550d8   0x00000200   Data   RO         2258    .conststring        atprocess.o
    0x100552d8   0x00000080   Data   RO         3884    Region$$Table       anon$$obj.o


    Execution Region BLOCK_STACKLIB_FLASH_DATA (Base: 0x10067000, Size: 0x00000838, Max: 0x00001000, ABSOLUTE, UNINIT)

    Base Addr    Size         Type   Attr      Idx    E Section Name        Object

    0x10067000   0x00000800   Data   RO         2381    .noinit.stacklib_flash_data  configinf.o
    0x10067800   0x00000038   Data   RO         2382    .noinit.stacklib_stored_device_id_data  configinf.o


    Execution Region ota_sw_activation_block (Base: 0x20000004, Size: 0x00000000, Max: 0x00000004, ABSOLUTE, UNINIT)

    **** No section assigned to this execution region ****


    Execution Region savedMSP_block (Base: 0x20000008, Size: 0x00000004, Max: 0x00000004, ABSOLUTE)

    Base Addr    Size         Type   Attr      Idx    E Section Name        Object

    0x20000008   0x00000004   Data   RW         1773    .savedMSP           system_bluenrg1.o


    Execution Region wakeupFromSleepFlag_block (Base: 0x2000000c, Size: 0x00000004, Max: 0x00000004, ABSOLUTE)

    Base Addr    Size         Type   Attr      Idx    E Section Name        Object

    0x2000000c   0x00000001   Data   RW         1774    .wakeupFromSleepFlag  system_bluenrg1.o


    Execution Region app_base_block (Base: 0x20000010, Size: 0x00000004, Max: 0x00000004, ABSOLUTE)

    Base Addr    Size         Type   Attr      Idx    E Section Name        Object

    0x20000010   0x00000004   Data   RW         1766    .app_base           system_bluenrg1.o


    Execution Region Blue_Flag_Ram_block (Base: 0x20000030, Size: 0x00000004, Max: 0x00000004, ABSOLUTE)

    Base Addr    Size         Type   Attr      Idx    E Section Name        Object

    0x20000030   0x00000004   Data   RW         1765    .__blueflag_RAM     system_bluenrg1.o


    Execution Region Crash_Info_block (Base: 0x20000034, Size: 0x00000000, Max: 0x00000028, ABSOLUTE, UNINIT)

    **** No section assigned to this execution region ****


    Execution Region BLUE (Base: 0x200000c0, Size: 0x0000020c, Max: 0x0000020c, ABSOLUTE, COMPRESSED[0x00000008])

    Base Addr    Size         Type   Attr      Idx    E Section Name        Object

    0x200000c0   0x0000020c   Data   RW         1767    .bss.__blue_RAM     system_bluenrg1.o


    Execution Region REGION_RAM2 (Base: 0x200002cc, Size: 0x000024b0, Max: 0x00005d34, ABSOLUTE, COMPRESSED[0x000000f0])

    Base Addr    Size         Type   Attr      Idx    E Section Name        Object

    0x200002cc   0x00000010   Data   RW         1467    .data               sdk_eval_com.o
    0x200002dc   0x00000004   Data   RW         1468    .data               sdk_eval_com.o
    0x200002e0   0x00000001   Data   RW         1606    .data               sdk_eval_config.o
    0x200002e1   0x00000003   PAD
    0x200002e4   0x00000004   Data   RW         1768    .data               system_bluenrg1.o
    0x200002e8   0x00000004   Data   RW         1769    .data               system_bluenrg1.o
    0x200002ec   0x00000004   Data   RW         1770    .data               system_bluenrg1.o
    0x200002f0   0x00000006   Data   RW         2041    .data               gatt_db.o
    0x200002f6   0x00000002   PAD
    0x200002f8   0x0000000c   Data   RW         2105    .data               chat.o
    0x20000304   0x000000c0   Data   RW         2259    .data               atprocess.o
    0x200003c4   0x00000038   Data   RW         2379    .data               configinf.o
    0x200003fc   0x00000004   Data   RW         2472    .data               clock.o
    0x20000400   0x00000004   Data   RW         3167    .data               libbluenrg1_stack.a(mem_alloc.o)
    0x20000404   0x00000001   Data   RW         3205    .data               libbluenrg1_stack.a(pka.o)
    0x20000405   0x00000001   Data   RW         3523    .rom_var_in_ram2    libbluenrg1_stack.a(rom_global_var.o)
    0x20000406   0x00000002   PAD
    0x20000408   0x000019f4   Data   RW         2383    NoInit              configinf.o
    0x20001dfc   0x00000020   Zero   RW         2040    .bss                gatt_db.o
    0x20001e1c   0x0000021e   Zero   RW         2101    .bss                chat.o
    0x2000203a   0x00000002   PAD
    0x2000203c   0x00000054   Zero   RW         2256    .bss                atprocess.o
    0x20002090   0x00000038   Zero   RW         2375    .bss                configinf.o
    0x200020c8   0x00000081   Zero   RW         2376    .bss                configinf.o
    0x20002149   0x00000003   PAD
    0x2000214c   0x00000014   Zero   RW         2377    .bss                configinf.o
    0x20002160   0x000005e8   Zero   RW         3131    .bss                libbluenrg1_stack.a(ll_privacy.o)
    0x20002748   0x00000034   Zero   RW         3166    .bss                libbluenrg1_stack.a(mem_alloc.o)


    Execution Region ARM_LIB_STACKHEAP (Base: 0x20005400, Size: 0x00000c00, Max: 0x00000c00, ABSOLUTE)

    Base Addr    Size         Type   Attr      Idx    E Section Name        Object

    0x20005400   0x00000c00   Zero   RW            2    ARM_LIB_STACKHEAP.bss  anon$$obj.o


==============================================================================

Image component sizes


      Code (inc. data)   RO Data    RW Data    ZI Data      Debug   Object Name

      2006        970        522        192         84      18835   atprocess.o
       144         48          0          0          0       6447   ble_chat_main.o
         0          0          0          0          0      26576   bluenrg1_adc.o
        76         14          0          0          0       2394   bluenrg1_flash.o
       148          0          0          0          0       8272   bluenrg1_gpio.o
        32          0          0          0          0       9191   bluenrg1_it.o
       180         14          0          0          0       4421   bluenrg1_pka.o
        24          6          0          0          0        689   bluenrg1_sysctrl.o
       448         44          0          0          0       9918   bluenrg1_uart.o
      1566        692          0         12        542      10657   chat.o
        60         18          0          4          0       8276   clock.o
       380        130       2156       6700        205       6662   configinf.o
       108         30          0          0          0        588   context_switch.o
       408        170          0          6         32       3301   gatt_db.o
       136         12          0          0          0       7748   misc.o
        24          0          0          0          0       1994   osal.o
       312         26          0         20          0       8034   sdk_eval_com.o
        24         10         16          1          0       3881   sdk_eval_config.o
       588         88        192        549          0      15279   system_bluenrg1.o

    ----------------------------------------------------------------------
      6678       2272       3016       7492       5988     153163   Object Totals
         0          0        128          0       5120          0   (incl. Generated)
        14          0          2          8          5          0   (incl. Padding)

    ----------------------------------------------------------------------

      Code (inc. data)   RO Data    RW Data    ZI Data      Debug   Library Member Name

        86          0          0          0          0          0   __dczerorl2.o
         8          0          0          0          0         68   __main.o
       312          6         17          0          0         76   __printf_flags_wp.o
        14          0          0          0          0         60   __printf_wp.o
         0          0          0          0          0          0   __rtentry.o
        12          0          0          0          0          0   __rtentry2.o
         8          4          0          0          0          0   __rtentry6.o
        60          8          0          0          0          0   __scatter.o
        26          0          0          0          0          0   __scatter_copy.o
        28          0          0          0          0          0   __scatter_zi.o
        10          0          0          0          0          0   _printf_c.o
        46          0          0          0          0        100   _printf_char.o
        48          6          0          0          0         88   _printf_char_common.o
        40          6          0          0          0         72   _printf_char_file.o
        10          0          0          0          0          0   _printf_d.o
       108         18          0          0          0         76   _printf_dec.o
        88          4         40          0          0         72   _printf_hex_int.o
       176          0          0          0          0         84   _printf_intcommon.o
        78          0          0          0          0        100   _printf_pad.o
         2          0          0          0          0          0   _printf_percent.o
         4          0          0          0          0          0   _printf_percent_end.o
        10          0          0          0          0          0   _printf_s.o
        82          0          0          0          0         72   _printf_str.o
        10          0          0          0          0          0   _printf_x.o
       488          0          0          0          0         92   aeabi_sdivfast.o
        16          0          0          0          0         68   exit.o
         8          0          0          0          0         60   ferror.o
         0          0          0          0          0          0   indicate_semi.o
         2          0          0          0          0          0   libinit.o
         2          0          0          0          0          0   libinit2.o
         2          0          0          0          0          0   libshutdown.o
         2          0          0          0          0          0   libshutdown2.o
        90          0          0          0          0         68   memcmp.o
        12          0          0          0          0         68   memcpy.o
        28          0          0          0          0         68   memset.o
        28          6          0          0          0         84   noretval__2printf.o
        64          0          0          0          0        108   rt_memclr.o
       186          0          0          0          0        144   rt_memcpy.o
         2          0          0          0          0          0   rtexit.o
        10          0          0          0          0          0   rtexit2.o
        40          0          0          0          0         60   rtudiv10.o
       160          4          0          0          0         80   strcmpv6m.o
        68          6          0          0          0         72   strlen.o
        12          4          0          0          0         60   sys_exit.o
        34          0          0          0          0         60   uread4.o
         2          0          0          0          0         68   use_no_semi.o
      2908          0        272          0          0          0   aci_events.o
       738          0          0          0          0          0   acl.o
       204          0          0          0          0          0   acl_list.o
      1236          0          0          0          0          0   advance_wakeup_time.o
       184          0          0          0          0          0   aes128cmac.o
      5560          0         16          0          0          0   att.o
       352          0          0          0          0          0   bluenrg_gap_aci.o
       190          0          0          0          0          0   bluenrg_gatt_aci.o
        16          0          0          0          0          0   bluenrg_hal_aci.o
       904          0          0          0          0          0   bluenrg_main_func.o
      2018          0        296          0          0          0   crypto.o
       300          0          0          0          0          0   device_id_data.o
      2448          0          0          0          0          0   gap.o
      1526          0          0          0          0          0   gatt_client.o
      7500          0          0          0          0          0   gatt_server.o
       576          0          0          0          0          0   hal.o
      1142          0          0          0          0          0   hci.o
       838          0          0          0          0          0   host_timer.o
       332          0          0          0          0          0   isr_postproc.o
       756          0          0          0          0          0   isr_routines.o
      1300          0          0          0          0          0   l2cap.o
      5908          0          0          0          0          0   ll_isr.o
      3650          0          0          0       1512          0   ll_privacy.o
       248          0          0          0          0          0   ll_routines.o
      4632          0          0          0          0          0   ll_routines_master.o
       296          0          0          0          0          0   ll_routines_support.o
       816          0          0          4         52          0   mem_alloc.o
      3562          0          0          0          0          0   multi_master_time.o
        76          0          0          0          0          0   nvm.o
       264          0          0          1          0          0   pka.o
       978          0          0          0          0          0   pm.o
      1574          0          0          0          0          0   rom_att.o
       772          0          0          0          0          0   rom_gap.o
       364          0          0          0          0          0   rom_gap_rom.o
       364          0          0          0          0          0   rom_gatt_server.o
         0          0          0          1          0          0   rom_global_var.o
       126          0          0          0          0          0   rom_list.o
       354          0          0          0          0          0   rom_ll_isr_postproc.o
      1192          0          0          0          0          0   rom_ll_isr_routines.o
      3136          0          0          0          0          0   rom_ll_ll_routines.o
       368          0          0          0          0          0   rom_ll_ll_routines_master.o
       548          0          0          0          0          0   rom_ll_routines_support.o
       298          0         32          0          0          0   rom_ll_timehandling.o
       544          0          0          0          0          0   rom_sdb.o
       476          0          0          0          0          0   routines_support.o
      2136          0          0          0          0          0   sdb.o
      6140          0         25          0          0          0   securitymgr.o
      2752          0          0          0          0          0   sm_common.o
      1574          0         96          0          0          0   smp_scv42_isap.o
      1474          0         16          0          0          0   ssm_algo.o
       122          0          0          0          0          0   utils.o

    ----------------------------------------------------------------------
     78466         72        816          8       1564       2028   Library Totals
       172          0          6          2          0          0   (incl. Padding)

    ----------------------------------------------------------------------

      Code (inc. data)   RO Data    RW Data    ZI Data      Debug   Library Name

      2522         72         57          0          0       2028   c_p.l
     75772          0        753          6       1564          0   libbluenrg1_stack.a

    ----------------------------------------------------------------------
     78466         72        816          8       1564       2028   Library Totals

    ----------------------------------------------------------------------

==============================================================================


      Code (inc. data)   RO Data    RW Data    ZI Data      Debug   

     85144       2344       3832       7500       7552     150235   Grand Totals
     85144       2344       3832        264       7552     150235   ELF Image Totals (compressed)
     85144       2344       3832        264          0          0   ROM Totals

==============================================================================

    Total RO  Size (Code + RO Data)                88976 (  86.89kB)
    Total RW  Size (RW Data + ZI Data)             15052 (  14.70kB)
    Total ROM Size (Code + RO Data + RW Data)      89240 (  87.15kB)

==============================================================================

