Component: ARM Compiler 5.06 update 4 (build 422) Tool: armlink [4d35d2]

==============================================================================

Section Cross References

    bluenrg1_adc.o(i.ADC_ConvertBatterySensor) refers to bluenrg1_adc.o(i.ADC_ConvertSingleEndedVoltage) for ADC_ConvertSingleEndedVoltage
    bluenrg1_adc.o(i.ADC_ConvertBatterySensor) refers to fmul.o(x$fpl$fmul) for __aeabi_fmul
    bluenrg1_adc.o(i.ADC_ConvertDifferentialVoltage) refers to fflti.o(.text) for __aeabi_ui2f
    bluenrg1_adc.o(i.ADC_ConvertDifferentialVoltage) refers to fdiv.o(.text) for __aeabi_fdiv
    bluenrg1_adc.o(i.ADC_ConvertDifferentialVoltage) refers to faddsub.o(x$fpl$fadd) for __aeabi_fadd
    bluenrg1_adc.o(i.ADC_ConvertDifferentialVoltage) refers to fmul.o(x$fpl$fmul) for __aeabi_fmul
    bluenrg1_adc.o(i.ADC_ConvertSingleEndedVoltage) refers to fflti.o(.text) for __aeabi_i2f
    bluenrg1_adc.o(i.ADC_ConvertSingleEndedVoltage) refers to faddsub.o(x$fpl$fadd) for __aeabi_fadd
    bluenrg1_adc.o(i.ADC_ConvertSingleEndedVoltage) refers to fdiv.o(.text) for __aeabi_fdiv
    bluenrg1_adc.o(i.ADC_ConvertSingleEndedVoltage) refers to fmul.o(x$fpl$fmul) for __aeabi_fmul
    bluenrg1_adc.o(i.ADC_ConvertSingleEndedVoltage) refers to faddsub.o(x$fpl$frsb) for __aeabi_frsub
    bluenrg1_adc.o(i.ADC_ConvertTemperatureSensor) refers to bluenrg1_adc.o(i.ADC_ConvertSingleEndedVoltage) for ADC_ConvertSingleEndedVoltage
    bluenrg1_adc.o(i.ADC_ConvertTemperatureSensor) refers to fmul.o(x$fpl$fmul) for __aeabi_fmul
    bluenrg1_adc.o(i.ADC_ConvertTemperatureSensor) refers to faddsub.o(x$fpl$fsub) for __aeabi_fsub
    bluenrg1_adc.o(i.ADC_ConvertTemperatureSensorFarenait) refers to bluenrg1_adc.o(i.ADC_ConvertSingleEndedVoltage) for ADC_ConvertSingleEndedVoltage
    bluenrg1_adc.o(i.ADC_ConvertTemperatureSensorFarenait) refers to f2d.o(.text) for __aeabi_f2d
    bluenrg1_adc.o(i.ADC_ConvertTemperatureSensorFarenait) refers to dmul.o(.text) for __aeabi_dmul
    bluenrg1_adc.o(i.ADC_ConvertTemperatureSensorFarenait) refers to daddsub.o(.text) for __aeabi_dsub
    bluenrg1_adc.o(i.ADC_ConvertTemperatureSensorFarenait) refers to d2f.o(.text) for __aeabi_d2f
    bluenrg1_adc.o(i.ADC_GetConvertedData) refers to fflti.o(.text) for __aeabi_i2f
    bluenrg1_adc.o(i.ADC_GetConvertedData) refers to bluenrg1_adc.o(i.ADC_ConvertSingleEndedVoltage) for ADC_ConvertSingleEndedVoltage
    bluenrg1_adc.o(i.ADC_GetConvertedData) refers to bluenrg1_adc.o(i.ADC_ConvertDifferentialVoltage) for ADC_ConvertDifferentialVoltage
    bluenrg1_adc.o(i.ADC_GetConvertedData) refers to bluenrg1_adc.o(i.ADC_ConvertBatterySensor) for ADC_ConvertBatterySensor
    bluenrg1_adc.o(i.ADC_GetConvertedData) refers to bluenrg1_adc.o(i.ADC_ConvertTemperatureSensor) for ADC_ConvertTemperatureSensor
    bluenrg1_flash.o(i.FLASH_EraseAllFlash) refers to bluenrg1_flash.o(i.FLASH_WaitCmdDone) for FLASH_WaitCmdDone
    bluenrg1_flash.o(i.FLASH_ErasePage) refers to bluenrg1_flash.o(i.FLASH_WaitCmdDone) for FLASH_WaitCmdDone
    bluenrg1_flash.o(i.FLASH_ProgramWord) refers to bluenrg1_flash.o(i.FLASH_WaitCmdDone) for FLASH_WaitCmdDone
    bluenrg1_flash.o(i.FLASH_ProgramWordBurst) refers to bluenrg1_flash.o(i.FLASH_WaitCmdDone) for FLASH_WaitCmdDone
    bluenrg1_i2c.o(i.I2C_Init) refers to aeabi_sdivfast.o(.text) for __aeabi_uidivmod
    bluenrg1_i2c.o(i.I2C_Init) refers to bluenrg1_i2c.o(.data) for .data
    bluenrg1_spi.o(i.SPI_ClearRXFIFO) refers to bluenrg1_spi.o(i.SPI_GetFlagStatus) for SPI_GetFlagStatus
    bluenrg1_spi.o(i.SPI_Init) refers to bluenrg1_spi.o(i.SPI_SetBaudrate) for SPI_SetBaudrate
    bluenrg1_spi.o(i.SPI_SetBaudrate) refers to aeabi_sdivfast.o(.text) for __aeabi_uidivmod
    bluenrg1_uart.o(i.UART_Init) refers to aeabi_sdivfast.o(.text) for __aeabi_uidivmod
    sdk_eval_com.o(i.Read_Buffer_Pop) refers to sdk_eval_com.o(.data) for .data
    sdk_eval_com.o(i.Read_Buffer_Pop) refers to sdk_eval_com.o(.bss) for .bss
    sdk_eval_com.o(i.Read_Buffer_Push) refers to sdk_eval_com.o(.bss) for .bss
    sdk_eval_com.o(i.Read_Buffer_Push) refers to sdk_eval_com.o(.data) for .data
    sdk_eval_com.o(i.SdkEvalComIOConfig) refers to sdk_eval_com.o(i.SdkEvalComUartInit) for SdkEvalComUartInit
    sdk_eval_com.o(i.SdkEvalComIOConfig) refers to sdk_eval_com.o(i.SdkEvalComUartIrqConfig) for SdkEvalComUartIrqConfig
    sdk_eval_com.o(i.SdkEvalComIOConfig) refers to sdk_eval_com.o(.data) for .data
    sdk_eval_com.o(i.SdkEvalComIOProcessInputData) refers to sdk_eval_com.o(i.Read_Buffer_Push) for Read_Buffer_Push
    sdk_eval_com.o(i.SdkEvalComIOReceiveData) refers to sdk_eval_com.o(.data) for .data
    sdk_eval_com.o(i.SdkEvalComIOSendData) refers to bluenrg1_uart.o(i.UART_GetFlagStatus) for UART_GetFlagStatus
    sdk_eval_com.o(i.SdkEvalComIOSendData) refers to bluenrg1_uart.o(i.UART_SendData) for UART_SendData
    sdk_eval_com.o(i.SdkEvalComIOTxFifoNotEmpty) refers to bluenrg1_uart.o(i.UART_GetFlagStatus) for UART_GetFlagStatus
[...]
    0x10043274   0x00000002   Code   RO         3206    i.Dynamic_allocator_noRet  libbluenrg1_stack.a(mem_alloc.o)
    0x10043276   0x0000000e   Code   RO         3403    i.Erase_Sector      libbluenrg1_stack.a(sdb.o)
    0x10043284   0x00000120   Code   RO         2780    i.Events_Process_Q  libbluenrg1_stack.a(aci_events.o)
    0x100433a4   0x00000050   Code   RO         2781    i.Events_Process_init  libbluenrg1_stack.a(aci_events.o)
    0x100433f4   0x000000b4   Code   RO         3558    i.Exchg_Mtu_Resp    libbluenrg1_stack.a(rom_att.o)
    0x100434a8   0x00000258   Code   RO         3509    i.Exec_Write_Resp   libbluenrg1_stack.a(att.o)
    0x10043700   0x0000001c   Code   RO          253    i.FLASH_ErasePage   bluenrg1_flash.o
    0x1004371c   0x00000020   Code   RO          257    i.FLASH_ProgramWord  bluenrg1_flash.o
    0x1004373c   0x00000010   Code   RO          261    i.FLASH_WaitCmdDone  bluenrg1_flash.o
    0x1004374c   0x0000003c   Code   RO         3296    i.Fetch_Handle      libbluenrg1_stack.a(rom_gatt_server.o)
    0x10043788   0x00000050   Code   RO         3045    i.Find_Attr_Index   libbluenrg1_stack.a(gatt_server.o)
    0x100437d8   0x000002a0   Code   RO         3510    i.Find_By_Type_Val_Resp  libbluenrg1_stack.a(att.o)
    0x10043a78   0x000000cc   Code   RO         3385    i.Find_Client_Data  libbluenrg1_stack.a(rom_sdb.o)
    0x10043b44   0x00000038   Code   RO         2090    i.Find_DeviceName   chat.o
    0x10043b7c   0x00000040   Code   RO         2976    i.Find_Gatt_Client  libbluenrg1_stack.a(gatt_client.o)
    0x10043bbc   0x00000206   Code   RO         3559    i.Find_Info_Resp    libbluenrg1_stack.a(rom_att.o)
    0x10043dc2   0x00000002   PAD
    0x10043dc4   0x00000038   Code   RO         3131    i.Find_L2cap_conn_index  libbluenrg1_stack.a(l2cap.o)
    0x10043dfc   0x00000038   Code   RO         3132    i.Find_L2cap_signalling_connection  libbluenrg1_stack.a(l2cap.o)
    0x10043e34   0x00000038   Code   RO         3046    i.Find_Timed_Out_Connection  libbluenrg1_stack.a(gatt_server.o)
    0x10043e6c   0x000000c8   Code   RO         3404    i.Flash_Write_Client_Data  libbluenrg1_stack.a(sdb.o)
    0x10043f34   0x0000003c   Code   RO         3241    i.Flash_Write_Flagged  libbluenrg1_stack.a(nvm.o)
    0x10043f70   0x00000060   Code   RO         2939    i.GAP_Connection_Complete_Handler  libbluenrg1_stack.a(gap.o)
    0x10043fd0   0x00000064   Code   RO         2940    i.GAP_Create_Connection  libbluenrg1_stack.a(gap.o)
    0x10044034   0x000000b0   Code   RO         3285    i.GAP_Delete_ADType  libbluenrg1_stack.a(rom_gap_rom.o)
    0x100440e4   0x00000048   Code   RO         2941    i.GAP_DiscProcTimeoutcb  libbluenrg1_stack.a(gap.o)
    0x1004412c   0x000001f8   Code   RO         2942    i.GAP_Init          libbluenrg1_stack.a(gap.o)
    0x10044324   0x00000014   Code   RO         2943    i.GAP_Init_Context  libbluenrg1_stack.a(gap.o)
    0x10044338   0x00000038   Code   RO         2944    i.GAP_Internal_Evt_Handler  libbluenrg1_stack.a(gap.o)
    0x10044370   0x0000005c   Code   RO         2945    i.GAP_LL_Event_Handler_ISR  libbluenrg1_stack.a(gap.o)
    0x100443cc   0x0000002c   Code   RO         2946    i.GAP_LimDiscTimeoutcb  libbluenrg1_stack.a(gap.o)
    0x100443f8   0x00000098   Code   RO         3286    i.GAP_Notify_Add_Charac  libbluenrg1_stack.a(rom_gap_rom.o)
    0x10044490   0x00000010   Code   RO         2947    i.GAP_Parse_Advertising_Report  libbluenrg1_stack.a(gap.o)
    0x100444a0   0x000001c8   Code   RO         3274    i.GAP_Privacy1v2    libbluenrg1_stack.a(rom_gap.o)
    0x10044668   0x00000044   Code   RO         3275    i.GAP_PrivateAddrTimercb  libbluenrg1_stack.a(rom_gap.o)
    0x100446ac   0x00000070   Code   RO         2948    i.GAP_Process_Q     libbluenrg1_stack.a(gap.o)
    0x1004471c   0x00000038   Code   RO         2951    i.GAP_Set_Discoverable_Mode  libbluenrg1_stack.a(gap.o)
    0x10044754   0x0000005c   Code   RO         3277    i.GAP_Start_Discovery_Procedure  libbluenrg1_stack.a(rom_gap.o)
    0x100447b0   0x00000048   Code   RO         2958    i.GAP_Start_General_Discovery_Procedure  libbluenrg1_stack.a(gap.o)
    0x100447f8   0x0000002c   Code   RO         2963    i.GAP_Started_Gatt_Proc  libbluenrg1_stack.a(gap.o)
    0x10044824   0x0000008c   Code   RO         2964    i.GAP_Terminate_Gap_Procedure  libbluenrg1_stack.a(gap.o)
    0x100448b0   0x00000008   Code   RO         3287    i.GAP_Terminate_Link  libbluenrg1_stack.a(rom_gap_rom.o)
    0x100448b8   0x00000008   Code   RO         3560    i.GATT_Clear_Flag   libbluenrg1_stack.a(rom_att.o)
    0x100448c0   0x00000048   Code   RO         3047    i.GATT_Connection_Complete_Handler  libbluenrg1_stack.a(gatt_server.o)
    0x10044908   0x0000003a   Code   RO         3297    i.GATT_Num_Charac_Present  libbluenrg1_stack.a(rom_gatt_server.o)
    0x10044942   0x00000002   PAD
    0x10044944   0x00000014   Code   RO         2977    i.GATT_Server_Set_Flag  libbluenrg1_stack.a(gatt_client.o)
    0x10044958   0x00000014   Code   RO         3048    i.GATT_Server_Set_Flag  libbluenrg1_stack.a(gatt_server.o)
    0x1004496c   0x00000008   Code   RO         3561    i.GATT_Set_Flag     libbluenrg1_stack.a(rom_att.o)
    0x10044974   0x0000001a   Code   RO         3049    i.GATT_TimeOut_Handler  libbluenrg1_stack.a(gatt_server.o)
    0x1004498e   0x00000002   Code   RO         1940    i.GPIO_Handler      bluenrg1_it.o
    0x10044990   0x00000094   Code   RO          350    i.GPIO_Init         bluenrg1_gpio.o
    0x10044a24   0x00000014   Code   RO         3278    i.GapIsPrivacySupported  libbluenrg1_stack.a(rom_gap.o)
    0x10044a38   0x0000015c   Code   RO         3050    i.Gatt_Add_Charac_Desc  libbluenrg1_stack.a(gatt_server.o)
    0x10044b94   0x00000330   Code   RO         3051    i.Gatt_Add_Characteristic  libbluenrg1_stack.a(gatt_server.o)
    0x10044ec4   0x00000150   Code   RO         3052    i.Gatt_Add_Descriptor  libbluenrg1_stack.a(gatt_server.o)
    0x10045014   0x00000150   Code   RO         3053    i.Gatt_Add_Service  libbluenrg1_stack.a(gatt_server.o)
    0x10045164   0x0000006c   Code   RO         2979    i.Gatt_Check_Not_Error_Resp  libbluenrg1_stack.a(gatt_client.o)
    0x100451d0   0x00000028   Code   RO         3059    i.Gatt_Find_Srv_From_Handle  libbluenrg1_stack.a(gatt_server.o)
    0x100451f8   0x00000044   Code   RO         3060    i.Gatt_Find_Srv_Owner_Of_Handle  libbluenrg1_stack.a(gatt_server.o)
    0x1004523c   0x00000038   Code   RO         3061    i.Gatt_Find_Timed_Out_Connection_Index  libbluenrg1_stack.a(gatt_server.o)
    0x10045274   0x00000074   Code   RO         3062    i.Gatt_Flush_Pending_AclPacket_Lists  libbluenrg1_stack.a(gatt_server.o)
    0x100452e8   0x00000160   Code   RO         3064    i.Gatt_Process_Q    libbluenrg1_stack.a(gatt_server.o)
    0x10045448   0x00000088   Code   RO         3004    i.Gatt_Read_Charac_By_Uuid  libbluenrg1_stack.a(gatt_client.o)
    0x100454d0   0x0000000a   Code   RO         3005    i.Gatt_Read_Charac_By_Uuid_Cb  libbluenrg1_stack.a(gatt_client.o)
    0x100454da   0x00000002   PAD
    0x100454dc   0x000000c0   Code   RO         3066    i.Gatt_Reset_To_Closed_State  libbluenrg1_stack.a(gatt_server.o)
    0x1004559c   0x0000004c   Code   RO         3067    i.Gatt_Server_Db_Check  libbluenrg1_stack.a(gatt_server.o)
    0x100455e8   0x00000190   Code   RO         3068    i.Gatt_Server_Init  libbluenrg1_stack.a(gatt_server.o)
    0x10045778   0x00000228   Code   RO         3069    i.Gatt_Server_L2C_Handler  libbluenrg1_stack.a(gatt_server.o)
    0x100459a0   0x00000048   Code   RO         3070    i.Gatt_Server_L2C_Handler_ISR  libbluenrg1_stack.a(gatt_server.o)
    0x100459e8   0x00000150   Code   RO         3072    i.Gatt_Store_Server_Database_And_Reset_CCCD  libbluenrg1_stack.a(gatt_server.o)
    0x10045b38   0x000001a8   Code   RO         3016    i.Gatt_Super_Handler_Task7  libbluenrg1_stack.a(gatt_client.o)
    0x10045ce0   0x00000064   Code   RO         3073    i.Gatt_Update_Charac_Value  libbluenrg1_stack.a(gatt_server.o)
    0x10045d44   0x00000308   Code   RO         3074    i.Gatt_Update_Charac_Value_Ext  libbluenrg1_stack.a(gatt_server.o)
    0x1004604c   0x00000064   Code   RO         3017    i.Gatt_Write        libbluenrg1_stack.a(gatt_client.o)
    0x100460b0   0x0000000a   Code   RO         3018    i.Gatt_Write_Cb     libbluenrg1_stack.a(gatt_client.o)
    0x100460ba   0x0000000e   Code   RO         3020    i.Gatt_Write_Charac_Desc  libbluenrg1_stack.a(gatt_client.o)
    0x100460c8   0x00000070   Code   RO         3027    i.Gatt_Write_Without_Resp  libbluenrg1_stack.a(gatt_client.o)
    0x10046138   0x00000088   Code   RO         3279    i.Generate_Non_Resolvable_Private_Address  libbluenrg1_stack.a(rom_gap.o)
    0x100461c0   0x00000010   Code   RO         3290    i.Get_GAP_Handle    libbluenrg1_stack.a(rom_gap_rom.o)
    0x100461d0   0x00000004   Code   RO         3405    i.Get_Max_SecDb_Size  libbluenrg1_stack.a(sdb.o)
    0x100461d4   0x0000000c   Code   RO         3386    i.Get_SecRec_Len_In_Words  libbluenrg1_stack.a(rom_sdb.o)
    0x100461e0   0x00000004   Code   RO         3406    i.Get_SecRecord_Size  libbluenrg1_stack.a(sdb.o)
    0x100461e4   0x00000014   Code   RO         3291    i.Get_StaticRandAddr  libbluenrg1_stack.a(rom_gap_rom.o)
    0x100461f8   0x00000050   Code   RO         3084    i.HAL_Flash_Store_Data  libbluenrg1_stack.a(hal.o)
    0x10046248   0x00000020   Code   RO         3085    i.HAL_Generate_Random_Bytes_To  libbluenrg1_stack.a(hal.o)
    0x10046268   0x00000018   Code   RO         3086    i.HAL_Init          libbluenrg1_stack.a(hal.o)
    0x10046280   0x00000044   Code   RO         3089    i.HAL_Set_TX_Power_Level  libbluenrg1_stack.a(hal.o)
    0x100462c4   0x00000024   Code   RO         3103    i.HAL_VTimerAcc_sysT32_ms  libbluenrg1_stack.a(host_timer.o)
    0x100462e8   0x00000012   Code   RO         3107    i.HAL_VTimerGetCurrentTime_sysT32  libbluenrg1_stack.a(host_timer.o)
    0x100462fa   0x00000002   Code   RO         3110    i.HAL_VTimerTimeoutCallback  libbluenrg1_stack.a(host_timer.o)
    0x100462fc   0x00000068   Code   RO         3090    i.HAL_Write_ConfigData  libbluenrg1_stack.a(hal.o)
    0x10046364   0x00000054   Code   RO         2720    i.HCI_Init          libbluenrg1_stack.a(hci.o)
    0x100463b8   0x00000028   Code   RO         3091    i.Hal_Get_Random_Number  libbluenrg1_stack.a(hal.o)
    0x100463e0   0x00000012   Code   RO         3092    i.Hal_Get_Random_Number32  libbluenrg1_stack.a(hal.o)
    0x100463f2   0x00000002   Code   RO         1941    i.HardFault_Handler  bluenrg1_it.o
    0x100463f4   0x00000002   Code   RO         1745    i.I2C1_Handler      system_bluenrg1.o
    0x100463f6   0x00000002   Code   RO         1746    i.I2C2_Handler      system_bluenrg1.o
    0x100463f8   0x0000012c   Code   RO         3527    i.IDD_Initialize_Device_IDs  libbluenrg1_stack.a(device_id_data.o)
    0x10046524   0x00000044   Code   RO         3075    i.Ind_Service_Change_Charac  libbluenrg1_stack.a(gatt_server.o)
    0x10046568   0x00000020   Code   RO         3387    i.InvaliDate_Record  libbluenrg1_stack.a(rom_sdb.o)
    0x10046588   0x00000016   Code   RO         3320    i.Is_Address_Initialized  libbluenrg1_stack.a(rom_ll_ll_routines.o)
    0x1004659e   0x00000002   PAD
    0x100465a0   0x00000010   Code   RO         3242    i.Is_Flash_Write_On_Going  libbluenrg1_stack.a(nvm.o)
    0x100465b0   0x0000000e   Code   RO         3133    i.L2CAP_Get_PDU_Len  libbluenrg1_stack.a(l2cap.o)
    0x100465be   0x00000002   PAD
    0x100465c0   0x00000038   Code   RO         3134    i.L2CAP_Reset_To_Closed_State  libbluenrg1_stack.a(l2cap.o)
    0x100465f8   0x0000007a   Code   RO         3135    i.L2C_Build_Command_Reject_Pdu  libbluenrg1_stack.a(l2cap.o)
    0x10046672   0x00000024   Code   RO         3138    i.L2C_Connection_Complete_Handler  libbluenrg1_stack.a(l2cap.o)
    0x10046696   0x00000024   Code   RO         3139    i.L2C_Connection_Complete_Signal_Handler  libbluenrg1_stack.a(l2cap.o)
    0x100466ba   0x00000002   PAD
    0x100466bc   0x00000044   Code   RO         3140    i.L2C_Init          libbluenrg1_stack.a(l2cap.o)
    0x10046700   0x0000003e   Code   RO         3141    i.L2C_Rcv_Event_Handler  libbluenrg1_stack.a(l2cap.o)
    0x1004673e   0x0000005a   Code   RO         3142    i.L2C_Rcv_Event_Handler_ISR  libbluenrg1_stack.a(l2cap.o)
    0x10046798   0x0000002c   Code   RO         3143    i.L2C_Send_Data     libbluenrg1_stack.a(l2cap.o)
    0x100467c4   0x0000004c   Code   RO         3144    i.L2C_SigChan_Req_TimeOut_Handler  libbluenrg1_stack.a(l2cap.o)
    0x10046810   0x0000019c   Code   RO         3145    i.L2C_Signal_Channel_Handler  libbluenrg1_stack.a(l2cap.o)
    0x100469ac   0x00000024   Code   RO         3146    i.L2C_Signal_Channel_Handler_ISR  libbluenrg1_stack.a(l2cap.o)
    0x100469d0   0x00000014   Code   RO         3499    i.LE_TO_NRG_32      libbluenrg1_stack.a(utils.o)
    0x100469e4   0x00000042   Code   RO         3321    i.LL_Allow_Address_Setting  libbluenrg1_stack.a(rom_ll_ll_routines.o)
    0x10046a26   0x00000002   PAD
    0x10046a28   0x00000030   Code   RO         3348    i.LL_Cancel_Connection_Req  libbluenrg1_stack.a(rom_ll_ll_routines_master.o)
    0x10046a58   0x000001c4   Code   RO         3322    i.LL_Check_And_Set_Addresses  libbluenrg1_stack.a(rom_ll_ll_routines.o)
    0x10046c1c   0x00000254   Code   RO         3184    i.LL_Create_Connection  libbluenrg1_stack.a(ll_routines_master.o)
    0x10046e70   0x00000038   Code   RO         3185    i.LL_Create_Connection_Cancel  libbluenrg1_stack.a(ll_routines_master.o)
    0x10046ea8   0x00000088   Code   RO         3178    i.LL_Disconnect_Link  libbluenrg1_stack.a(ll_routines.o)
    0x10046f30   0x000001cc   Code   RO         3323    i.LL_Enable_Disable_Adv  libbluenrg1_stack.a(rom_ll_ll_routines.o)
    0x100470fc   0x00000260   Code   RO         3186    i.LL_Enable_Disable_Scan  libbluenrg1_stack.a(ll_routines_master.o)
    0x1004735c   0x00000054   Code   RO         3200    i.LL_Encrypt_Plain_Data  libbluenrg1_stack.a(ll_routines_support.o)
    0x100473b0   0x00000030   Code   RO         3324    i.LL_Get_Address    libbluenrg1_stack.a(rom_ll_ll_routines.o)
    0x100473e0   0x00000040   Code   RO         3325    i.LL_Get_AdvAddress  libbluenrg1_stack.a(rom_ll_ll_routines.o)
    0x10047420   0x00000038   Code   RO         3326    i.LL_Get_Adv_Data   libbluenrg1_stack.a(rom_ll_ll_routines.o)
    0x10047458   0x00000018   Code   RO         3357    i.LL_Get_Adv_Tx_Power_Level  libbluenrg1_stack.a(rom_ll_routines_support.o)
    0x10047470   0x000000d4   Code   RO         3201    i.LL_Get_LTK        libbluenrg1_stack.a(ll_routines_support.o)
    0x10047544   0x00000018   Code   RO         3358    i.LL_Get_Link_Tx_Power_Level  libbluenrg1_stack.a(rom_ll_routines_support.o)
    0x1004755c   0x00000040   Code   RO         3329    i.LL_Get_ScanAddress  libbluenrg1_stack.a(rom_ll_ll_routines.o)
    0x1004759c   0x00000180   Code   RO         3331    i.LL_Init           libbluenrg1_stack.a(rom_ll_ll_routines.o)
    0x1004771c   0x00000020   Code   RO         3153    i.LL_LE_Clear_White_List  libbluenrg1_stack.a(ll_privacy.o)
    0x1004773c   0x00000024   Code   RO         3159    i.LL_LE_Set_Address_Resolution_Enable  libbluenrg1_stack.a(ll_privacy.o)
    0x10047760   0x0000001c   Code   RO         3160    i.LL_LE_Set_Resolvable_Private_Address_Timeout  libbluenrg1_stack.a(ll_privacy.o)
    0x1004777c   0x00000030   Code   RO         3332    i.LL_Rcv_ACL_Data   libbluenrg1_stack.a(rom_ll_ll_routines.o)
    0x100477ac   0x00000054   Code   RO         3333    i.LL_Send_ACL_Data  libbluenrg1_stack.a(rom_ll_ll_routines.o)
    0x10047800   0x00000008   Code   RO         3396    i.LL_SetAddressResolutionEnable  libbluenrg1_stack.a(routines_support.o)
    0x10047808   0x00000074   Code   RO         3335    i.LL_Set_Adv_Data   libbluenrg1_stack.a(rom_ll_ll_routines.o)
    0x1004787c   0x000002ec   Code   RO         3336    i.LL_Set_Adv_Params  libbluenrg1_stack.a(rom_ll_ll_routines.o)
    0x10047b68   0x00000088   Code   RO         3337    i.LL_Set_Advertising_Buffers  libbluenrg1_stack.a(rom_ll_ll_routines.o)
    0x10047bf0   0x00000064   Code   RO         3338    i.LL_Set_DirectAddress  libbluenrg1_stack.a(rom_ll_ll_routines.o)
    0x10047c54   0x0000003c   Code   RO         3339    i.LL_Set_OwnAddress  libbluenrg1_stack.a(rom_ll_ll_routines.o)
    0x10047c90   0x00000054   Code   RO         3351    i.LL_Set_Scan_Params  libbluenrg1_stack.a(rom_ll_ll_routines_master.o)
    0x10047ce4   0x00000060   Code   RO         3340    i.LL_Set_Scan_Resp_Data  libbluenrg1_stack.a(rom_ll_ll_routines.o)
    0x10047d44   0x00000054   Code   RO         3362    i.LL_Sleep_Req      libbluenrg1_stack.a(rom_ll_routines_support.o)
    0x10047d98   0x000000ec   Code   RO         3352    i.LL_Start_Encryption  libbluenrg1_stack.a(rom_ll_ll_routines_master.o)
    0x10047e84   0x00000044   Code   RO         3341    i.LL_Update_Advertising_Buffers  libbluenrg1_stack.a(rom_ll_ll_routines.o)
    0x10047ec8   0x00000040   Code   RO         3342    i.LL_Update_Scanning_Initiating_Buffers  libbluenrg1_stack.a(rom_ll_ll_routines.o)
    0x10047f08   0x000000c4   Code   RO         3126    i.LL_receive_data_patch  libbluenrg1_stack.a(isr_routines.o)
    0x10047fcc   0x00000058   Code   RO         3311    i.LL_update_proc    libbluenrg1_stack.a(rom_ll_isr_routines.o)
    0x10048024   0x0000002c   Code   RO         3597    i.LeftShift         libbluenrg1_stack.a(ssm_algo.o)
    0x10048050   0x00000012   Code   RO         3567    i.List_Circular_Get_Size  libbluenrg1_stack.a(rom_list.o)
    0x10048062   0x0000000e   Code   RO         3568    i.List_Circular_Insert_Head  libbluenrg1_stack.a(rom_list.o)
    0x10048070   0x0000000e   Code   RO         3570    i.List_Circular_Insert_Tail  libbluenrg1_stack.a(rom_list.o)
    0x1004807e   0x00000016   Code   RO         3571    i.List_Circular_Node_Present  libbluenrg1_stack.a(rom_list.o)
    0x10048094   0x0000001a   Code   RO         3572    i.List_Circular_Remove_Head  libbluenrg1_stack.a(rom_list.o)
    0x100480ae   0x00000020   Code   RO         3573    i.List_Circular_Remove_Node  libbluenrg1_stack.a(rom_list.o)
    0x100480ce   0x00000002   PAD
    0x100480d0   0x0000008c   Code   RO         2415    i.LoadConfig        configinf.o
    0x1004815c   0x00000002   Code   RO         1747    i.MFT1A_Handler     system_bluenrg1.o
    0x1004815e   0x00000002   Code   RO         1748    i.MFT1B_Handler     system_bluenrg1.o
    0x10048160   0x00000002   Code   RO         1749    i.MFT2A_Handler     system_bluenrg1.o
    0x10048162   0x00000002   Code   RO         1750    i.MFT2B_Handler     system_bluenrg1.o
    0x10048164   0x00000088   Code   RO         2091    i.Make_Connection   chat.o
    0x100481ec   0x00000016   Code   RO         3207    i.Mem_assign        libbluenrg1_stack.a(mem_alloc.o)
    0x10048202   0x00000002   Code   RO         1942    i.NMI_Handler       bluenrg1_it.o
    0x10048204   0x00000088   Code   RO         1338    i.NVIC_Init         misc.o
    0x1004828c   0x00000044   Code   RO         1752    i.NVIC_SetPriority  system_bluenrg1.o
    0x100482d0   0x00000018   Code   RO         2288    i.NVIC_SystemReset  atprocess.o
    0x100482e8   0x00000002   Code   RO         1753    i.NVM_Handler       system_bluenrg1.o
    0x100482ea   0x00000008   Code   RO         2480    i.Osal_MemCmp       osal.o
    0x100482f2   0x00000008   Code   RO         2481    i.Osal_MemCpy       osal.o
    0x100482fa   0x00000008   Code   RO         2482    i.Osal_MemSet       osal.o
    0x10048302   0x00000002   PAD
    0x10048304   0x000000c4   Code   RO         3245    i.PKA_Generate_ECDH_Public_Key  libbluenrg1_stack.a(pka.o)
    0x100483c8   0x00000034   Code   RO         1377    i.PKA_GetData       bluenrg1_pka.o
    0x100483fc   0x0000000c   Code   RO         1379    i.PKA_GetProcessStatus  bluenrg1_pka.o
    0x10048408   0x00000014   Code   RO         3246    i.PKA_Get_Current_Operation  libbluenrg1_stack.a(pka.o)
    0x1004841c   0x00000002   Code   RO         1754    i.PKA_Handler       system_bluenrg1.o
    0x1004841e   0x00000002   PAD
    0x10048420   0x000000bc   Code   RO         2721    i.PKA_Offline_Processing  libbluenrg1_stack.a(hci.o)
    0x100484dc   0x00000014   Code   RO         1381    i.PKA_Reset         bluenrg1_pka.o
    0x100484f0   0x0000003c   Code   RO         1382    i.PKA_SetData       bluenrg1_pka.o
    0x1004852c   0x00000014   Code   RO         1383    i.PKA_StartProcessing  bluenrg1_pka.o
    0x10048540   0x00000030   Code   RO         3247    i.PKA_Start_Generate_DHKey  libbluenrg1_stack.a(pka.o)
    0x10048570   0x00000010   Code   RO         1384    i.PKA_VerifyProcess  bluenrg1_pka.o
    0x10048580   0x00000010   Code   RO         3255    i.PM_Append_Fragment  libbluenrg1_stack.a(pm.o)
    0x10048590   0x0000002a   Code   RO         3256    i.PM_Clone_Pckt     libbluenrg1_stack.a(pm.o)
    0x100485ba   0x00000014   Code   RO         3257    i.PM_Copy_Pckt_Data  libbluenrg1_stack.a(pm.o)
    0x100485ce   0x00000002   PAD
    0x100485d0   0x00000018   Code   RO         3258    i.PM_Eng_Config     libbluenrg1_stack.a(pm.o)
    0x100485e8   0x00000036   Code   RO         3259    i.PM_Extend_Pckt_Pdu_Size  libbluenrg1_stack.a(pm.o)
    0x1004861e   0x00000002   PAD
    0x10048620   0x00000038   Code   RO         3260    i.PM_Get_Available_Fragments  libbluenrg1_stack.a(pm.o)
    0x10048658   0x00000012   Code   RO         3261    i.PM_Get_Fragments_Count  libbluenrg1_stack.a(pm.o)
    0x1004866a   0x00000002   PAD
    0x1004866c   0x00000080   Code   RO         3263    i.PM_Get_Pckt       libbluenrg1_stack.a(pm.o)
    0x100486ec   0x00000070   Code   RO         3264    i.PM_Init           libbluenrg1_stack.a(pm.o)
    0x1004875c   0x0000006a   Code   RO         3265    i.PM_Pckt_Cmp       libbluenrg1_stack.a(pm.o)
    0x100487c6   0x00000002   PAD
    0x100487c8   0x0000005c   Code   RO         3266    i.PM_Release_Pckt   libbluenrg1_stack.a(pm.o)
    0x10048824   0x00000050   Code   RO         3267    i.PM_Set_Att_Pdu_Length  libbluenrg1_stack.a(pm.o)
    0x10048874   0x0000000c   Code   RO         3268    i.PM_Set_ConnHandle  libbluenrg1_stack.a(pm.o)
    0x10048880   0x00000014   Code   RO         3269    i.PM_Write_Pckt_Data  libbluenrg1_stack.a(pm.o)
    0x10048894   0x000001d8   Code   RO         3161    i.PRIVWHIT_u8AddAddrInList  libbluenrg1_stack.a(ll_privacy.o)
    0x10048a6c   0x000000c8   Code   RO         3162    i.PRIVWHIT_u8RemoveAddrInList  libbluenrg1_stack.a(ll_privacy.o)
    0x10048b34   0x000000a0   Code   RO         3164    i.PRIVWHIT_u8SearchAddrInList  libbluenrg1_stack.a(ll_privacy.o)
    0x10048bd4   0x00000078   Code   RO         3165    i.PRIVWHIT_vInit_Struct  libbluenrg1_stack.a(ll_privacy.o)
    0x10048c4c   0x00000048   Code   RO         3168    i.PRIV_SearchAddrInWhiteList  libbluenrg1_stack.a(ll_privacy.o)
    0x10048c94   0x00000698   Code   RO         3169    i.PRIV_u32ProcessAdvPacket  libbluenrg1_stack.a(ll_privacy.o)
    0x1004932c   0x000001f8   Code   RO         3170    i.PRIV_u8OfflineProcessing  libbluenrg1_stack.a(ll_privacy.o)
    0x10049524   0x000000f0   Code   RO         3171    i.PRIV_u8ResolvePrivateAddress  libbluenrg1_stack.a(ll_privacy.o)
    0x10049614   0x00000062   Code   RO         3173    i.PRIV_vGeneratePrivateAddress  libbluenrg1_stack.a(ll_privacy.o)
    0x10049676   0x00000002   Code   RO         1755    i.PendSV_Handler    system_bluenrg1.o
    0x10049678   0x00000194   Code   RO         3511    i.Prepare_Write_Resp  libbluenrg1_stack.a(att.o)
    0x1004980c   0x0000019c   Code   RO         2092    i.Process_InputData  chat.o
    0x100499a8   0x00000228   Code   RO         3076    i.Process_Peer_Client_Data  libbluenrg1_stack.a(gatt_server.o)
    0x10049bd0   0x00000210   Code   RO         3077    i.Process_Peer_Server_Data  libbluenrg1_stack.a(gatt_server.o)
    0x10049de0   0x00001714   Code   RO         2775    i.RAL_Isr           libbluenrg1_stack.a(ll_isr.o)
    0x1004b4f4   0x00000020   Code   RO         1756    i.RESET_HANDLER     system_bluenrg1.o
    0x1004b514   0x00000002   Code   RO         1757    i.RTC_Handler       system_bluenrg1.o
    0x1004b516   0x00000002   PAD
    0x1004b518   0x00000028   Code   RO         2416    i.ReadIdFromFlash   configinf.o
    0x1004b540   0x00000160   Code   RO         3512    i.Read_Blob_Resp    libbluenrg1_stack.a(att.o)
    0x1004b6a0   0x00000360   Code   RO         3513    i.Read_By_Grp_Type_Resp  libbluenrg1_stack.a(att.o)
    0x1004ba00   0x00000344   Code   RO         3514    i.Read_By_Type_Resp  libbluenrg1_stack.a(att.o)
    0x1004bd44   0x000001a4   Code   RO         3515    i.Read_Multi_Resp   libbluenrg1_stack.a(att.o)
    0x1004bee8   0x00000010   Code   RO         3388    i.Read_RecordValidity  libbluenrg1_stack.a(rom_sdb.o)
    0x1004bef8   0x00000146   Code   RO         3516    i.Read_Resp         libbluenrg1_stack.a(att.o)
    0x1004c03e   0x00000002   PAD
    0x1004c040   0x0000002c   Code   RO         3389    i.Read_SDBRecord    libbluenrg1_stack.a(rom_sdb.o)
    0x1004c06c   0x000000c0   Code   RO         3188    i.Reclassify_All_Channels  libbluenrg1_stack.a(ll_routines_master.o)
    0x1004c12c   0x00000024   Code   RO         2093    i.Reset_DiscoveryContext  chat.o
    0x1004c150   0x000001ac   Code   RO         3407    i.SDB_Add_Record    libbluenrg1_stack.a(sdb.o)
    0x1004c2fc   0x00000170   Code   RO         3409    i.SDB_Delete        libbluenrg1_stack.a(sdb.o)
    0x1004c46c   0x000000a8   Code   RO         3390    i.SDB_Find_Matching_LTK  libbluenrg1_stack.a(rom_sdb.o)
    0x1004c514   0x000000cc   Code   RO         3410    i.SDB_Find_Record   libbluenrg1_stack.a(sdb.o)
    0x1004c5e0   0x00000026   Code   RO         3411    i.SDB_Find_Record_By_ConnHandle  libbluenrg1_stack.a(sdb.o)
    0x1004c606   0x000000de   Code   RO         3413    i.SDB_Get_Data_From_Record  libbluenrg1_stack.a(sdb.o)
    0x1004c6e4   0x0000001c   Code   RO         3414    i.SDB_Get_GattDb_End_Addr  libbluenrg1_stack.a(sdb.o)
    0x1004c700   0x00000018   Code   RO         3415    i.SDB_Get_GattDb_Start_Addr  libbluenrg1_stack.a(sdb.o)
    0x1004c718   0x00000044   Code   RO         3391    i.SDB_Get_Number_Of_Records  libbluenrg1_stack.a(rom_sdb.o)
    0x1004c75c   0x00000014   Code   RO         3417    i.SDB_Get_SecurityDb_Start_Addr  libbluenrg1_stack.a(sdb.o)
    0x1004c770   0x00000022   Code   RO         3418    i.SDB_Read_Peer_Bonded_Data  libbluenrg1_stack.a(sdb.o)
    0x1004c792   0x0000002e   Code   RO         3598    i.SMA_Diversify     libbluenrg1_stack.a(ssm_algo.o)
    0x1004c7c0   0x0000007c   Code   RO         3599    i.SMA_GenEDIV_RecovDIV  libbluenrg1_stack.a(ssm_algo.o)
    0x1004c83c   0x00000028   Code   RO         3600    i.SMA_Generate_CSRK  libbluenrg1_stack.a(ssm_algo.o)
    0x1004c864   0x00000028   Code   RO         3601    i.SMA_Generate_IRK  libbluenrg1_stack.a(ssm_algo.o)
    0x1004c88c   0x00000028   Code   RO         3602    i.SMA_LP_s1_Generate_STK  libbluenrg1_stack.a(ssm_algo.o)
    0x1004c8b4   0x00000050   Code   RO         3603    i.SMA_SC_Gen_f4_Confirm  libbluenrg1_stack.a(ssm_algo.o)
    0x1004c904   0x000000e0   Code   RO         3604    i.SMA_SC_Gen_f5_Keys  libbluenrg1_stack.a(ssm_algo.o)
    0x1004c9e4   0x00000084   Code   RO         3605    i.SMA_SC_Gen_f6_Check_Val  libbluenrg1_stack.a(ssm_algo.o)
    0x1004ca68   0x00000058   Code   RO         3606    i.SMA_SC_Gen_g2_NumComp_Val  libbluenrg1_stack.a(ssm_algo.o)
    0x1004cac0   0x00000048   Code   RO         3458    i.SMP_Check_Is_Device_Bonded  libbluenrg1_stack.a(sm_common.o)
    0x1004cb08   0x00000020   Code   RO         3576    i.SMP_Force_SC_Debug_Key_Usage  libbluenrg1_stack.a(smp_scv42_isap.o)
    0x1004cb28   0x0000001c   Code   RO         3459    i.SMP_Forget_Device_by_ConnHandle  libbluenrg1_stack.a(sm_common.o)
    0x1004cb44   0x00000070   Code   RO         3460    i.SMP_Init          libbluenrg1_stack.a(sm_common.o)
    0x1004cbb4   0x00000130   Code   RO         3424    i.SMP_MI_PairingRequest_Send  libbluenrg1_stack.a(securitymgr.o)
    0x1004cce4   0x00000114   Code   RO         3425    i.SMP_Process_Q     libbluenrg1_stack.a(securitymgr.o)
    0x1004cdf8   0x00000078   Code   RO         3461    i.SMP_Repeated_Attacks_Timer_cb  libbluenrg1_stack.a(sm_common.o)
    0x1004ce70   0x00000050   Code   RO         3462    i.SMP_Timer_cb      libbluenrg1_stack.a(sm_common.o)
    0x1004cec0   0x000000c4   Code   RO         3607    i.SM_CMAC_Generate_Tag  libbluenrg1_stack.a(ssm_algo.o)
    0x1004cf84   0x00000020   Code   RO         3470    i.SM_Check_Encryption_KeySize  libbluenrg1_stack.a(sm_common.o)
    0x1004cfa4   0x0000007c   Code   RO         3471    i.SM_Connection_Complete_Handler  libbluenrg1_stack.a(sm_common.o)
    0x1004d020   0x0000004e   Code   RO         3608    i.SM_Generate_Resolvable_Private_Address  libbluenrg1_stack.a(ssm_algo.o)
    0x1004d06e   0x0000002e   Code   RO         3472    i.SM_Get_Link_Status  libbluenrg1_stack.a(sm_common.o)
    0x1004d09c   0x00000048   Code   RO         3473    i.SM_Get_Remote_Device_Info  libbluenrg1_stack.a(sm_common.o)
    0x1004d0e4   0x000000c4   Code   RO         3475    i.SM_L2CAP_Encryption_changed_Handler_ISR  libbluenrg1_stack.a(sm_common.o)
    0x1004d1a8   0x000000e0   Code   RO         3476    i.SM_L2CAP_Handler  libbluenrg1_stack.a(sm_common.o)
    0x1004d288   0x0000012c   Code   RO         3477    i.SM_L2CAP_Handler_ISR  libbluenrg1_stack.a(sm_common.o)
    0x1004d3b4   0x00000022   Code   RO         3609    i.SM_Resolve_Private_Address  libbluenrg1_stack.a(ssm_algo.o)
    0x1004d3d6   0x0000007c   Code   RO         3611    i.SM_Validate_Signed_Packet  libbluenrg1_stack.a(ssm_algo.o)
    0x1004d452   0x00000002   Code   RO         1758    i.SPI_Handler       system_bluenrg1.o
    0x1004d454   0x00000008   Code   RO         3500    i.STORE_LE_16       libbluenrg1_stack.a(utils.o)
    0x1004d45c   0x00000010   Code   RO         3501    i.STORE_LE_32       libbluenrg1_stack.a(utils.o)
    0x1004d46c   0x00000002   Code   RO         1943    i.SVC_Handler       bluenrg1_it.o
    0x1004d46e   0x00000002   PAD
    0x1004d470   0x0000003c   Code   RO         2417    i.SaveConfig        configinf.o
    0x1004d4ac   0x00000070   Code   RO         2094    i.Scan_DeviceName   chat.o
    0x1004d51c   0x0000001c   Code   RO         1455    i.SdkEvalComIOConfig  sdk_eval_com.o
    0x1004d538   0x00000010   Code   RO         1457    i.SdkEvalComIOReceiveData  sdk_eval_com.o
    0x1004d548   0x00000016   Code   RO         1458    i.SdkEvalComIOSendData  sdk_eval_com.o
    0x1004d55e   0x0000002a   Code   RO         1460    i.SdkEvalComIOUartIrqHandler  sdk_eval_com.o
    0x1004d588   0x000000a0   Code   RO         1461    i.SdkEvalComUartInit  sdk_eval_com.o
    0x1004d628   0x00000020   Code   RO         1462    i.SdkEvalComUartIrqConfig  sdk_eval_com.o
    0x1004d648   0x0000000c   Code   RO         1580    i.SdkEvalGetVersion  sdk_eval_config.o
    0x1004d654   0x0000000c   Code   RO         1581    i.SdkEvalIdentification  sdk_eval_config.o
    0x1004d660   0x0000001e   Code   RO         3301    i.Search_Handle     libbluenrg1_stack.a(rom_gatt_server.o)
    0x1004d67e   0x00000020   Code   RO         2921    i.Search_In_Stat    libbluenrg1_stack.a(acl.o)
    0x1004d69e   0x00000002   PAD
    0x1004d6a0   0x00000028   Code   RO         3078    i.Search_Service_Handle  libbluenrg1_stack.a(gatt_server.o)
    0x1004d6c8   0x00000054   Code   RO         3079    i.Select_Next_Notification_Client  libbluenrg1_stack.a(gatt_server.o)
    0x1004d71c   0x00000030   Code   RO         3562    i.Send_Error_Resp   libbluenrg1_stack.a(rom_att.o)
    0x1004d74c   0x0000007c   Code   RO         3080    i.Send_Notif_Or_Ind  libbluenrg1_stack.a(gatt_server.o)
    0x1004d7c8   0x000000d0   Code   RO         2095    i.Start_Adv         chat.o
    0x1004d898   0x00000024   Code   RO         3302    i.Start_Gatt_Timer  libbluenrg1_stack.a(rom_gatt_server.o)
    0x1004d8bc   0x0000001c   Code   RO         3303    i.Stop_Gatt_Timer   libbluenrg1_stack.a(rom_gatt_server.o)
    0x1004d8d8   0x00000010   Code   RO         2513    i.SysCount_Handler  clock.o
    0x1004d8e8   0x00000018   Code   RO         1055    i.SysCtrl_PeripheralClockCmd  bluenrg1_sysctrl.o
    0x1004d900   0x00000008   Code   RO         1944    i.SysTick_Handler   bluenrg1_it.o
    0x1004d908   0x000000b8   Code   RO         1761    i.SystemInit        system_bluenrg1.o
    0x1004d9c0   0x0000007c   Code   RO         3112    i.TimerCallback     libbluenrg1_stack.a(host_timer.o)
    0x1004da3c   0x00000014   Code   RO         3113    i.Timer_ExpiryCallback  libbluenrg1_stack.a(host_timer.o)
    0x1004da50   0x00000034   Code   RO         3114    i.Timer_Init        libbluenrg1_stack.a(host_timer.o)
    0x1004da84   0x00000144   Code   RO         3115    i.Timer_ProcessQ    libbluenrg1_stack.a(host_timer.o)
    0x1004dbc8   0x00000022   Code   RO         3116    i.Timer_StartOneShot  libbluenrg1_stack.a(host_timer.o)
    0x1004dbea   0x00000002   PAD
    0x1004dbec   0x00000070   Code   RO         3117    i.Timer_StartOneShot_sysTime32  libbluenrg1_stack.a(host_timer.o)
    0x1004dc5c   0x00000054   Code   RO         3118    i.Timer_StopOneShot  libbluenrg1_stack.a(host_timer.o)
    0x1004dcb0   0x00000020   Code   RO         3120    i.Timer_sysTime32_convMachineTime  libbluenrg1_stack.a(host_timer.o)
    0x1004dcd0   0x0000001c   Code   RO         1103    i.UART_Cmd          bluenrg1_uart.o
    0x1004dcec   0x0000001c   Code   RO         1106    i.UART_GetFlagStatus  bluenrg1_uart.o
    0x1004dd08   0x00000014   Code   RO         1107    i.UART_GetITStatus  bluenrg1_uart.o
    0x1004dd1c   0x00000008   Code   RO         1945    i.UART_Handler      bluenrg1_it.o
    0x1004dd24   0x00000018   Code   RO         1108    i.UART_ITConfig     bluenrg1_uart.o
    0x1004dd3c   0x00000128   Code   RO         1109    i.UART_Init         bluenrg1_uart.o
    0x1004de64   0x0000000c   Code   RO         1110    i.UART_ReceiveData  bluenrg1_uart.o
    0x1004de70   0x00000018   Code   RO         1112    i.UART_RxFifoIrqLevelConfig  bluenrg1_uart.o
    0x1004de88   0x00000010   Code   RO         1114    i.UART_SendData     bluenrg1_uart.o
    0x1004de98   0x00000050   Code   RO         3517    i.ValidLinkPermRequest  libbluenrg1_stack.a(att.o)
    0x1004dee8   0x00000002   Code   RO         1763    i.WDG_Handler       system_bluenrg1.o
    0x1004deea   0x0000000a   Code   RO         3373    i.WindowWiden1      libbluenrg1_stack.a(rom_ll_timehandling.o)
    0x1004def4   0x00000010   Code   RO         3374    i.WindowWiden2      libbluenrg1_stack.a(rom_ll_timehandling.o)
    0x1004df04   0x000001b8   Code   RO         3419    i.Write_Client_Data  libbluenrg1_stack.a(sdb.o)
    0x1004e0bc   0x00000132   Code   RO         3518    i.Write_Cmd         libbluenrg1_stack.a(att.o)
    0x1004e1ee   0x0000014a   Code   RO         3519    i.Write_Resp        libbluenrg1_stack.a(att.o)
    0x1004e338   0x0000006c   Code   RO         3420    i.Write_SDBRecord   libbluenrg1_stack.a(sdb.o)
    0x1004e3a4   0x00000094   Code   RO         2714    i._BlueNRG_Stack_Initialization  libbluenrg1_stack.a(bluenrg_main_func.o)
    0x1004e438   0x00000064   Code   RO         2966    i._GAP_Parse_Advertising_Report  libbluenrg1_stack.a(gap.o)
    0x1004e49c   0x0000001a   Code   RO         2397    i.__ARM_common_switch8  atprocess.o
    0x1004e4b6   0x00000002   PAD
    0x1004e4b8   0x00000030   Code   RO         1764    i.__low_level_init  system_bluenrg1.o
    0x1004e4e8   0x0000006c   Code   RO         2602    i._aci_gap_set_discoverable_param_check  libbluenrg1_stack.a(bluenrg_gap_aci.o)
    0x1004e554   0x0000016c   Code   RO         2967    i._gap_set_discoverable_connectable  libbluenrg1_stack.a(gap.o)
    0x1004e6c0   0x0000000e   Code   RO         3673    i._is_digit         c_p.l(__printf_wp.o)
    0x1004e6ce   0x00000026   Code   RO         2647    i._load_uuid        libbluenrg1_stack.a(bluenrg_gatt_aci.o)
    0x1004e6f4   0x00000002   Code   RO         2783    i.aci_att_exchange_mtu_resp_event  libbluenrg1_stack.a(aci_events.o)
    0x1004e6f6   0x00000002   PAD
    0x1004e6f8   0x00000020   Code   RO         2784    i.aci_att_exchange_mtu_resp_event_cb  libbluenrg1_stack.a(aci_events.o)
    0x1004e718   0x00000002   Code   RO         2785    i.aci_att_exec_write_resp_event  libbluenrg1_stack.a(aci_events.o)
    0x1004e71a   0x00000002   PAD
    0x1004e71c   0x0000001c   Code   RO         2786    i.aci_att_exec_write_resp_event_cb  libbluenrg1_stack.a(aci_events.o)
    0x1004e738   0x00000002   Code   RO         2787    i.aci_att_find_by_type_value_resp_event  libbluenrg1_stack.a(aci_events.o)
    0x1004e73a   0x00000002   PAD
    0x1004e73c   0x00000024   Code   RO         2788    i.aci_att_find_by_type_value_resp_event_cb  libbluenrg1_stack.a(aci_events.o)
    0x1004e760   0x00000002   Code   RO         2789    i.aci_att_find_info_resp_event  libbluenrg1_stack.a(aci_events.o)
    0x1004e762   0x00000002   PAD
    0x1004e764   0x00000024   Code   RO         2790    i.aci_att_find_info_resp_event_cb  libbluenrg1_stack.a(aci_events.o)
    0x1004e788   0x00000002   Code   RO         2791    i.aci_att_prepare_write_resp_event  libbluenrg1_stack.a(aci_events.o)
    0x1004e78a   0x00000002   PAD
    0x1004e78c   0x00000028   Code   RO         2792    i.aci_att_prepare_write_resp_event_cb  libbluenrg1_stack.a(aci_events.o)
    0x1004e7b4   0x00000002   Code   RO         2793    i.aci_att_read_blob_resp_event  libbluenrg1_stack.a(aci_events.o)
    0x1004e7b6   0x00000002   PAD
    0x1004e7b8   0x00000024   Code   RO         2794    i.aci_att_read_blob_resp_event_cb  libbluenrg1_stack.a(aci_events.o)
    0x1004e7dc   0x00000068   Code   RO         3032    i.aci_att_read_blob_resp_event_push  libbluenrg1_stack.a(gatt_client.o)
    0x1004e844   0x00000002   Code   RO         2795    i.aci_att_read_by_group_type_resp_event  libbluenrg1_stack.a(aci_events.o)
    0x1004e846   0x00000002   PAD
    0x1004e848   0x00000024   Code   RO         2796    i.aci_att_read_by_group_type_resp_event_cb  libbluenrg1_stack.a(aci_events.o)
    0x1004e86c   0x00000002   Code   RO         2797    i.aci_att_read_by_type_resp_event  libbluenrg1_stack.a(aci_events.o)
    0x1004e86e   0x00000002   PAD
    0x1004e870   0x00000024   Code   RO         2798    i.aci_att_read_by_type_resp_event_cb  libbluenrg1_stack.a(aci_events.o)
    0x1004e894   0x00000002   Code   RO         2799    i.aci_att_read_multiple_resp_event  libbluenrg1_stack.a(aci_events.o)
    0x1004e896   0x00000002   PAD
    0x1004e898   0x00000024   Code   RO         2800    i.aci_att_read_multiple_resp_event_cb  libbluenrg1_stack.a(aci_events.o)
    0x1004e8bc   0x00000064   Code   RO         3035    i.aci_att_read_multiple_resp_event_push  libbluenrg1_stack.a(gatt_client.o)
    0x1004e920   0x00000002   Code   RO         2801    i.aci_att_read_resp_event  libbluenrg1_stack.a(aci_events.o)
    0x1004e922   0x00000002   PAD
    0x1004e924   0x00000024   Code   RO         2802    i.aci_att_read_resp_event_cb  libbluenrg1_stack.a(aci_events.o)
    0x1004e948   0x00000068   Code   RO         3036    i.aci_att_read_resp_event_push  libbluenrg1_stack.a(gatt_client.o)
    0x1004e9b0   0x00000002   Code   RO         2803    i.aci_att_write_resp_event  libbluenrg1_stack.a(aci_events.o)
    0x1004e9b2   0x00000002   PAD
    0x1004e9b4   0x00000024   Code   RO         2804    i.aci_att_write_resp_event_cb  libbluenrg1_stack.a(aci_events.o)
    0x1004e9d8   0x00000028   Code   RO         2805    i.aci_event_fifo_push  libbluenrg1_stack.a(aci_events.o)
    0x1004ea00   0x000000c8   Code   RO         2806    i.aci_event_fifo_push_header  libbluenrg1_stack.a(aci_events.o)
    0x1004eac8   0x00000002   Code   RO         2807    i.aci_gap_addr_not_resolved_event  libbluenrg1_stack.a(aci_events.o)
    0x1004eaca   0x00000002   PAD
    0x1004eacc   0x0000001c   Code   RO         2808    i.aci_gap_addr_not_resolved_event_cb  libbluenrg1_stack.a(aci_events.o)
    0x1004eae8   0x00000002   Code   RO         2809    i.aci_gap_authorization_req_event  libbluenrg1_stack.a(aci_events.o)
    0x1004eaea   0x00000002   PAD
    0x1004eaec   0x0000001c   Code   RO         2810    i.aci_gap_authorization_req_event_cb  libbluenrg1_stack.a(aci_events.o)
    0x1004eb08   0x00000044   Code   RO         3481    i.aci_gap_authorization_req_event_push  libbluenrg1_stack.a(sm_common.o)
    0x1004eb4c   0x00000002   Code   RO         2811    i.aci_gap_bond_lost_event  libbluenrg1_stack.a(aci_events.o)
    0x1004eb4e   0x00000002   PAD
    0x1004eb50   0x0000001c   Code   RO         2812    i.aci_gap_bond_lost_event_cb  libbluenrg1_stack.a(aci_events.o)
    0x1004eb6c   0x0000005a   Code   RO         2607    i.aci_gap_create_connection  libbluenrg1_stack.a(bluenrg_gap_aci.o)
    0x1004ebc6   0x00000018   Code   RO         2608    i.aci_gap_delete_ad_type  libbluenrg1_stack.a(bluenrg_gap_aci.o)
    0x1004ebde   0x00000002   Code   RO         2813    i.aci_gap_device_found_event  libbluenrg1_stack.a(aci_events.o)
    0x1004ebe0   0x00000020   Code   RO         2814    i.aci_gap_device_found_event_cb  libbluenrg1_stack.a(aci_events.o)
    0x1004ec00   0x00000030   Code   RO         2612    i.aci_gap_init      libbluenrg1_stack.a(bluenrg_gap_aci.o)
    0x1004ec30   0x00000002   Code   RO         2815    i.aci_gap_keypress_notification_event  libbluenrg1_stack.a(aci_events.o)
    0x1004ec32   0x00000002   PAD
    0x1004ec34   0x00000020   Code   RO         2816    i.aci_gap_keypress_notification_event_cb  libbluenrg1_stack.a(aci_events.o)
    0x1004ec54   0x00000002   Code   RO         2817    i.aci_gap_limited_discoverable_event  libbluenrg1_stack.a(aci_events.o)
    0x1004ec56   0x00000002   PAD
    0x1004ec58   0x0000001c   Code   RO         2818    i.aci_gap_limited_discoverable_event_cb  libbluenrg1_stack.a(aci_events.o)
    0x1004ec74   0x00000040   Code   RO         2968    i.aci_gap_limited_discoverable_event_push  libbluenrg1_stack.a(gap.o)
    0x1004ecb4   0x00000002   Code   RO         2819    i.aci_gap_numeric_comparison_value_event  libbluenrg1_stack.a(aci_events.o)
    0x1004ecb6   0x00000002   PAD
    0x1004ecb8   0x00000020   Code   RO         2820    i.aci_gap_numeric_comparison_value_event_cb  libbluenrg1_stack.a(aci_events.o)
    0x1004ecd8   0x00000048   Code   RO         3427    i.aci_gap_numeric_comparison_value_event_push  libbluenrg1_stack.a(securitymgr.o)
    0x1004ed20   0x00000002   Code   RO         2821    i.aci_gap_pairing_complete_event  libbluenrg1_stack.a(aci_events.o)
    0x1004ed22   0x00000002   PAD
    0x1004ed24   0x00000024   Code   RO         2822    i.aci_gap_pairing_complete_event_cb  libbluenrg1_stack.a(aci_events.o)
    0x1004ed48   0x0000004c   Code   RO         3482    i.aci_gap_pairing_complete_event_push  libbluenrg1_stack.a(sm_common.o)
    0x1004ed94   0x00000002   Code   RO         2823    i.aci_gap_pass_key_req_event  libbluenrg1_stack.a(aci_events.o)
    0x1004ed96   0x00000002   PAD
    0x1004ed98   0x0000001c   Code   RO         2824    i.aci_gap_pass_key_req_event_cb  libbluenrg1_stack.a(aci_events.o)
    0x1004edb4   0x00000002   Code   RO         2825    i.aci_gap_proc_complete_event  libbluenrg1_stack.a(aci_events.o)
    0x1004edb6   0x00000002   PAD
    0x1004edb8   0x00000024   Code   RO         2826    i.aci_gap_proc_complete_event_cb  libbluenrg1_stack.a(aci_events.o)
    0x1004eddc   0x00000064   Code   RO         2969    i.aci_gap_proc_complete_event_push  libbluenrg1_stack.a(gap.o)
    0x1004ee40   0x00000042   Code   RO         2623    i.aci_gap_set_discoverable  libbluenrg1_stack.a(bluenrg_gap_aci.o)
    0x1004ee82   0x00000002   Code   RO         2827    i.aci_gap_slave_security_initiated_event  libbluenrg1_stack.a(aci_events.o)
    0x1004ee84   0x0000001c   Code   RO         2828    i.aci_gap_slave_security_initiated_event_cb  libbluenrg1_stack.a(aci_events.o)
    0x1004eea0   0x00000008   Code   RO         2635    i.aci_gap_start_general_discovery_proc  libbluenrg1_stack.a(bluenrg_gap_aci.o)
    0x1004eea8   0x0000000e   Code   RO         2640    i.aci_gap_terminate  libbluenrg1_stack.a(bluenrg_gap_aci.o)
    0x1004eeb6   0x00000008   Code   RO         2641    i.aci_gap_terminate_gap_proc  libbluenrg1_stack.a(bluenrg_gap_aci.o)
    0x1004eebe   0x0000003e   Code   RO         2654    i.aci_gatt_add_char  libbluenrg1_stack.a(bluenrg_gatt_aci.o)
    0x1004eefc   0x00000036   Code   RO         2656    i.aci_gatt_add_service  libbluenrg1_stack.a(bluenrg_gatt_aci.o)
    0x1004ef32   0x0000000e   Code   RO         2096    i.aci_gatt_attribute_modified_event  chat.o
    0x1004ef40   0x00000028   Code   RO         2830    i.aci_gatt_attribute_modified_event_cb  libbluenrg1_stack.a(aci_events.o)
    0x1004ef68   0x00000068   Code   RO         3520    i.aci_gatt_attribute_modified_event_push  libbluenrg1_stack.a(att.o)
    0x1004efd0   0x00000074   Code   RO         2097    i.aci_gatt_disc_read_char_by_uuid_resp_event  chat.o
    0x1004f044   0x00000024   Code   RO         2832    i.aci_gatt_disc_read_char_by_uuid_resp_event_cb  libbluenrg1_stack.a(aci_events.o)
    0x1004f068   0x00000074   Code   RO         3037    i.aci_gatt_disc_read_char_by_uuid_resp_event_push  libbluenrg1_stack.a(gatt_client.o)
    0x1004f0dc   0x00000002   Code   RO         2833    i.aci_gatt_error_resp_event  libbluenrg1_stack.a(aci_events.o)
    0x1004f0de   0x00000002   PAD
    0x1004f0e0   0x00000024   Code   RO         2834    i.aci_gatt_error_resp_event_cb  libbluenrg1_stack.a(aci_events.o)
    0x1004f104   0x00000064   Code   RO         3038    i.aci_gatt_error_resp_event_push  libbluenrg1_stack.a(gatt_client.o)
    0x1004f168   0x00000002   Code   RO         2835    i.aci_gatt_indication_event  libbluenrg1_stack.a(aci_events.o)
    0x1004f16a   0x00000002   PAD
    0x1004f16c   0x00000024   Code   RO         2836    i.aci_gatt_indication_event_cb  libbluenrg1_stack.a(aci_events.o)
    0x1004f190   0x00000008   Code   RO         2671    i.aci_gatt_init     libbluenrg1_stack.a(bluenrg_gatt_aci.o)
    0x1004f198   0x00000024   Code   RO         2098    i.aci_gatt_notification_event  chat.o
    0x1004f1bc   0x00000024   Code   RO         2838    i.aci_gatt_notification_event_cb  libbluenrg1_stack.a(aci_events.o)
    0x1004f1e0   0x00000002   Code   RO         2839    i.aci_gatt_prepare_write_permit_req_event  libbluenrg1_stack.a(aci_events.o)
    0x1004f1e2   0x00000016   Code   RO         2840    i.aci_gatt_prepare_write_permit_req_event_cb  libbluenrg1_stack.a(aci_events.o)
    0x1004f1f8   0x00000044   Code   RO         2099    i.aci_gatt_proc_complete_event  chat.o
    0x1004f23c   0x00000020   Code   RO         2842    i.aci_gatt_proc_complete_event_cb  libbluenrg1_stack.a(aci_events.o)
    0x1004f25c   0x00000048   Code   RO         3039    i.aci_gatt_proc_complete_event_push  libbluenrg1_stack.a(gatt_client.o)
    0x1004f2a4   0x00000002   Code   RO         2843    i.aci_gatt_proc_timeout_event  libbluenrg1_stack.a(aci_events.o)
    0x1004f2a6   0x00000002   PAD
    0x1004f2a8   0x0000001c   Code   RO         2844    i.aci_gatt_proc_timeout_event_cb  libbluenrg1_stack.a(aci_events.o)
    0x1004f2c4   0x00000002   Code   RO         2845    i.aci_gatt_read_multi_permit_req_event  libbluenrg1_stack.a(aci_events.o)
    0x1004f2c6   0x00000010   Code   RO         2846    i.aci_gatt_read_multi_permit_req_event_cb  libbluenrg1_stack.a(aci_events.o)
    0x1004f2d6   0x00000050   Code   RO         3521    i.aci_gatt_read_multi_permit_req_event_push  libbluenrg1_stack.a(att.o)
    0x1004f326   0x00000002   Code   RO         2100    i.aci_gatt_read_permit_req_event  chat.o
    0x1004f328   0x00000010   Code   RO         2848    i.aci_gatt_read_permit_req_event_cb  libbluenrg1_stack.a(aci_events.o)
    0x1004f338   0x00000038   Code   RO         3522    i.aci_gatt_read_permit_req_event_push  libbluenrg1_stack.a(att.o)
    0x1004f370   0x00000002   Code   RO         2849    i.aci_gatt_server_confirmation_event  libbluenrg1_stack.a(aci_events.o)
    0x1004f372   0x0000000a   Code   RO         2850    i.aci_gatt_server_confirmation_event_cb  libbluenrg1_stack.a(aci_events.o)
    0x1004f37c   0x00000010   Code   RO         2101    i.aci_gatt_tx_pool_available_event  chat.o
    0x1004f38c   0x0000000e   Code   RO         2852    i.aci_gatt_tx_pool_available_event_cb  libbluenrg1_stack.a(aci_events.o)
    0x1004f39a   0x00000014   Code   RO         2683    i.aci_gatt_update_char_value  libbluenrg1_stack.a(bluenrg_gatt_aci.o)
    0x1004f3ae   0x00000008   Code   RO         2685    i.aci_gatt_write_char_desc  libbluenrg1_stack.a(bluenrg_gatt_aci.o)
    0x1004f3b6   0x00000002   Code   RO         2853    i.aci_gatt_write_permit_req_event  libbluenrg1_stack.a(aci_events.o)
    0x1004f3b8   0x00000012   Code   RO         2854    i.aci_gatt_write_permit_req_event_cb  libbluenrg1_stack.a(aci_events.o)
    0x1004f3ca   0x00000056   Code   RO         3523    i.aci_gatt_write_permit_req_event_push  libbluenrg1_stack.a(att.o)
    0x1004f420   0x00000008   Code   RO         2691    i.aci_gatt_write_without_resp  libbluenrg1_stack.a(bluenrg_gatt_aci.o)
    0x1004f428   0x00000002   Code   RO         2102    i.aci_hal_end_of_radio_activity_event  chat.o
    0x1004f42a   0x00000002   Code   RO         2855    i.aci_hal_scan_req_report_event  libbluenrg1_stack.a(aci_events.o)
    0x1004f42c   0x00000024   Code   RO         2856    i.aci_hal_scan_req_report_event_cb  libbluenrg1_stack.a(aci_events.o)
    0x1004f450   0x00000008   Code   RO         2699    i.aci_hal_set_tx_power_level  libbluenrg1_stack.a(bluenrg_hal_aci.o)
    0x1004f458   0x00000008   Code   RO         2702    i.aci_hal_write_config_data  libbluenrg1_stack.a(bluenrg_hal_aci.o)
    0x1004f460   0x00000002   Code   RO         2857    i.aci_l2cap_command_reject_event  libbluenrg1_stack.a(aci_events.o)
    0x1004f462   0x00000016   Code   RO         2858    i.aci_l2cap_command_reject_event_cb  libbluenrg1_stack.a(aci_events.o)
    0x1004f478   0x00000002   Code   RO         2859    i.aci_l2cap_connection_update_req_event  libbluenrg1_stack.a(aci_events.o)
    0x1004f47a   0x00000002   PAD
    0x1004f47c   0x00000030   Code   RO         2860    i.aci_l2cap_connection_update_req_event_cb  libbluenrg1_stack.a(aci_events.o)
    0x1004f4ac   0x00000088   Code   RO         3147    i.aci_l2cap_connection_update_req_event_push  libbluenrg1_stack.a(l2cap.o)
    0x1004f534   0x00000002   Code   RO         2861    i.aci_l2cap_connection_update_resp_event  libbluenrg1_stack.a(aci_events.o)
    0x1004f536   0x00000002   PAD
    0x1004f538   0x00000020   Code   RO         2862    i.aci_l2cap_connection_update_resp_event_cb  libbluenrg1_stack.a(aci_events.o)
    0x1004f558   0x00000002   Code   RO         2863    i.aci_l2cap_proc_timeout_event  libbluenrg1_stack.a(aci_events.o)
    0x1004f55a   0x00000002   PAD
    0x1004f55c   0x00000020   Code   RO         2864    i.aci_l2cap_proc_timeout_event_cb  libbluenrg1_stack.a(aci_events.o)
    0x1004f57c   0x00000026   Code   RO         2924    i.acl_list_full_on_packt  libbluenrg1_stack.a(acl_list.o)
    0x1004f5a2   0x00000004   Code   RO         2926    i.acl_list_get_pckt_count  libbluenrg1_stack.a(acl_list.o)
    0x1004f5a6   0x00000012   Code   RO         2927    i.acl_list_init     libbluenrg1_stack.a(acl_list.o)
    0x1004f5b8   0x00000020   Code   RO         2928    i.acl_list_insert_head  libbluenrg1_stack.a(acl_list.o)
    0x1004f5d8   0x00000020   Code   RO         2929    i.acl_list_insert_tail  libbluenrg1_stack.a(acl_list.o)
    0x1004f5f8   0x00000010   Code   RO         2930    i.acl_list_is_empty  libbluenrg1_stack.a(acl_list.o)
    0x1004f608   0x00000020   Code   RO         2932    i.acl_list_remove   libbluenrg1_stack.a(acl_list.o)
    0x1004f628   0x00000020   Code   RO         2933    i.acl_list_remove_head  libbluenrg1_stack.a(acl_list.o)
    0x1004f648   0x00000258   Code   RO         3215    i.adapt_slot        libbluenrg1_stack.a(multi_master_time.o)
    0x1004f8a0   0x00000078   Code   RO         2970    i.advParamsCheckAndSet  libbluenrg1_stack.a(gap.o)
    0x1004f918   0x00000438   Code   RO         3216    i.advance_slave_timing_MultiSlave  libbluenrg1_stack.a(multi_master_time.o)
    0x1004fd50   0x000000b8   Code   RO         3366    i.advance_transmit  libbluenrg1_stack.a(rom_ll_routines_support.o)
    0x1004fe08   0x000004d4   Code   RO         2936    i.advance_wakeup_timer  libbluenrg1_stack.a(advance_wakeup_time.o)
    0x100502dc   0x00000050   Code   RO         3217    i.anchor_replace    libbluenrg1_stack.a(multi_master_time.o)
    0x1005032c   0x0000019c   Code   RO         3218    i.cancel_current_master  libbluenrg1_stack.a(multi_master_time.o)
    0x100504c8   0x00000100   Code   RO         3312    i.cancel_master     libbluenrg1_stack.a(rom_ll_isr_routines.o)
    0x100505c8   0x00000098   Code   RO         3127    i.cancel_slave      libbluenrg1_stack.a(isr_routines.o)
    0x10050660   0x00000012   Code   RO         3095    i.char_copy         libbluenrg1_stack.a(hal.o)
    0x10050672   0x00000002   PAD
    0x10050674   0x000000c8   Code   RO         3189    i.check_access_address_patched  libbluenrg1_stack.a(ll_routines_master.o)
    0x1005073c   0x00000024   Code   RO         3368    i.convert_power     libbluenrg1_stack.a(rom_ll_routines_support.o)
    0x10050760   0x00000022   Code   RO         3502    i.copy_swap_buffer  libbluenrg1_stack.a(utils.o)
    0x10050782   0x00000088   Code   RO         3369    i.encrypt           libbluenrg1_stack.a(rom_ll_routines_support.o)
    0x1005080a   0x0000006a   Code   RO         2865    i.fifoBuf_getFreeHeader  libbluenrg1_stack.a(aci_events.o)
    0x10050874   0x0000000a   Code   RO         2866    i.fifoCtrl_init     libbluenrg1_stack.a(aci_events.o)
    0x1005087e   0x0000000c   Code   RO         1465    i.fputc             sdk_eval_com.o
    0x1005088a   0x00000002   PAD
    0x1005088c   0x00000014   Code   RO         2971    i.gapClearAllModeFlags  libbluenrg1_stack.a(gap.o)
    0x100508a0   0x0000002c   Code   RO         3313    i.get_adv_addr      libbluenrg1_stack.a(rom_ll_isr_routines.o)
    0x100508cc   0x00000048   Code   RO         3219    i.get_advertiser    libbluenrg1_stack.a(multi_master_time.o)
    0x10050914   0x00000084   Code   RO         3220    i.get_connection_no  libbluenrg1_stack.a(multi_master_time.o)
    0x10050998   0x00000034   Code   RO         3221    i.get_next_free_slot  libbluenrg1_stack.a(multi_master_time.o)
    0x100509cc   0x0000002e   Code   RO         3314    i.get_scan_addr     libbluenrg1_stack.a(rom_ll_isr_routines.o)
    0x100509fa   0x00000002   PAD
    0x100509fc   0x00000048   Code   RO         3222    i.get_scan_connection  libbluenrg1_stack.a(multi_master_time.o)
    0x10050a44   0x00000278   Code   RO         3315    i.go_to_connect     libbluenrg1_stack.a(rom_ll_isr_routines.o)
    0x10050cbc   0x00000198   Code   RO         3128    i.go_to_connect_master  libbluenrg1_stack.a(isr_routines.o)
    0x10050e54   0x00000020   Code   RO         3096    i.hal_get_hw_version  libbluenrg1_stack.a(hal.o)
    0x10050e74   0x00000034   Code   RO         3097    i.hal_radio_activity_state_callback_check  libbluenrg1_stack.a(hal.o)
    0x10050ea8   0x0000001c   Code   RO         3098    i.hal_radio_activity_state_init  libbluenrg1_stack.a(hal.o)
    0x10050ec4   0x00000040   Code   RO         3099    i.hal_read_radio_activity_state  libbluenrg1_stack.a(hal.o)
    0x10050f04   0x00000064   Code   RO         2723    i.hci_acl_Process_Q  libbluenrg1_stack.a(hci.o)
    0x10050f68   0x000000e4   Code   RO         2922    i.hci_acl_data_ind_event_int_cb  libbluenrg1_stack.a(acl.o)
    0x1005104c   0x00000098   Code   RO         2923    i.hci_acl_data_tx_cmpl_event_int_cb  libbluenrg1_stack.a(acl.o)
    0x100510e4   0x00000002   Code   RO         2868    i.hci_data_buffer_overflow_event_cb  libbluenrg1_stack.a(aci_events.o)
    0x100510e6   0x00000002   PAD
    0x100510e8   0x00000048   Code   RO         2103    i.hci_disconnection_complete_event  chat.o
    0x10051130   0x00000020   Code   RO         2870    i.hci_disconnection_complete_event_cb  libbluenrg1_stack.a(aci_events.o)
    0x10051150   0x00000026   Code   RO         2871    i.hci_disconnection_complete_event_int_cb  libbluenrg1_stack.a(aci_events.o)
    0x10051176   0x00000002   Code   RO         2872    i.hci_encryption_change_event  libbluenrg1_stack.a(aci_events.o)
    0x10051178   0x00000020   Code   RO         2873    i.hci_encryption_change_event_cb  libbluenrg1_stack.a(aci_events.o)
    0x10051198   0x0000001a   Code   RO         2874    i.hci_encryption_change_event_int_cb  libbluenrg1_stack.a(aci_events.o)
    0x100511b2   0x00000002   PAD
    0x100511b4   0x0000004c   Code   RO         3190    i.hci_encryption_change_event_push  libbluenrg1_stack.a(ll_routines_master.o)
    0x10051200   0x00000002   Code   RO         2875    i.hci_encryption_key_refresh_complete_event  libbluenrg1_stack.a(aci_events.o)
    0x10051202   0x00000002   PAD
    0x10051204   0x00000020   Code   RO         2876    i.hci_encryption_key_refresh_complete_event_cb  libbluenrg1_stack.a(aci_events.o)
    0x10051224   0x0000001a   Code   RO         2877    i.hci_encryption_key_refresh_complete_event_int_cb  libbluenrg1_stack.a(aci_events.o)
    0x1005123e   0x00000002   PAD
    0x10051240   0x00000048   Code   RO         3191    i.hci_encryption_key_refresh_complete_event_push  libbluenrg1_stack.a(ll_routines_master.o)
    0x10051288   0x00000002   Code   RO         2878    i.hci_hardware_error_event  libbluenrg1_stack.a(aci_events.o)
    0x1005128a   0x00000002   PAD
    0x1005128c   0x0000005c   Code   RO         2104    i.hci_le_advertising_report_event  chat.o
    0x100512e8   0x00000020   Code   RO         2880    i.hci_le_advertising_report_event_cb  libbluenrg1_stack.a(aci_events.o)
    0x10051308   0x0000001e   Code   RO         2881    i.hci_le_advertising_report_event_int_cb  libbluenrg1_stack.a(aci_events.o)
    0x10051326   0x00000002   PAD
    0x10051328   0x00000080   Code   RO         3192    i.hci_le_advertising_report_event_push  libbluenrg1_stack.a(ll_routines_master.o)
    0x100513a8   0x00000038   Code   RO         2105    i.hci_le_connection_complete_event  chat.o
    0x100513e0   0x00000040   Code   RO         2883    i.hci_le_connection_complete_event_cb  libbluenrg1_stack.a(aci_events.o)
    0x10051420   0x00000026   Code   RO         2884    i.hci_le_connection_complete_event_int_cb  libbluenrg1_stack.a(aci_events.o)
    0x10051446   0x00000002   PAD
    0x10051448   0x00000078   Code   RO         3193    i.hci_le_connection_complete_event_push  libbluenrg1_stack.a(ll_routines_master.o)
    0x100514c0   0x00000002   Code   RO         2885    i.hci_le_connection_update_complete_event  libbluenrg1_stack.a(aci_events.o)
    0x100514c2   0x00000002   PAD
    0x100514c4   0x0000002c   Code   RO         2886    i.hci_le_connection_update_complete_event_cb  libbluenrg1_stack.a(aci_events.o)
    0x100514f0   0x00000058   Code   RO         3194    i.hci_le_connection_update_complete_event_push  libbluenrg1_stack.a(ll_routines_master.o)
    0x10051548   0x00000002   Code   RO         2887    i.hci_le_direct_advertising_report_event  libbluenrg1_stack.a(aci_events.o)
    0x1005154a   0x00000002   PAD
    0x1005154c   0x00000020   Code   RO         2888    i.hci_le_direct_advertising_report_event_cb  libbluenrg1_stack.a(aci_events.o)
    0x1005156c   0x0000001e   Code   RO         2889    i.hci_le_direct_advertising_report_event_int_cb  libbluenrg1_stack.a(aci_events.o)
    0x1005158a   0x00000002   PAD
    0x1005158c   0x00000074   Code   RO         3195    i.hci_le_direct_advertising_report_event_push  libbluenrg1_stack.a(ll_routines_master.o)
    0x10051600   0x00000002   Code   RO         2890    i.hci_le_enhanced_connection_complete_event  libbluenrg1_stack.a(aci_events.o)
    0x10051602   0x00000002   PAD
    0x10051604   0x00000048   Code   RO         2891    i.hci_le_enhanced_connection_complete_event_cb  libbluenrg1_stack.a(aci_events.o)
    0x1005164c   0x00000026   Code   RO         2892    i.hci_le_enhanced_connection_complete_event_int_cb  libbluenrg1_stack.a(aci_events.o)
    0x10051672   0x00000002   PAD
    0x10051674   0x00000090   Code   RO         3196    i.hci_le_enhanced_connection_complete_event_push  libbluenrg1_stack.a(ll_routines_master.o)
    0x10051704   0x00000094   Code   RO         2732    i.hci_le_generate_dhkey  libbluenrg1_stack.a(hci.o)
    0x10051798   0x00000002   Code   RO         2893    i.hci_le_generate_dhkey_complete_event  libbluenrg1_stack.a(aci_events.o)
    0x1005179a   0x00000002   PAD
    0x1005179c   0x00000024   Code   RO         2894    i.hci_le_generate_dhkey_complete_event_cb  libbluenrg1_stack.a(aci_events.o)
    0x100517c0   0x0000001a   Code   RO         2895    i.hci_le_generate_dhkey_complete_event_int_cb  libbluenrg1_stack.a(aci_events.o)
    0x100517da   0x00000002   PAD
    0x100517dc   0x00000054   Code   RO         2733    i.hci_le_generate_dhkey_complete_event_push  libbluenrg1_stack.a(hci.o)
    0x10051830   0x00000002   Code   RO         2896    i.hci_le_long_term_key_request_event  libbluenrg1_stack.a(aci_events.o)
    0x10051832   0x00000002   PAD
    0x10051834   0x00000024   Code   RO         2897    i.hci_le_long_term_key_request_event_cb  libbluenrg1_stack.a(aci_events.o)
    0x10051858   0x0000000c   Code   RO         2898    i.hci_le_long_term_key_request_event_int_cb  libbluenrg1_stack.a(aci_events.o)
    0x10051864   0x0000005c   Code   RO         2740    i.hci_le_read_local_p256_public_key  libbluenrg1_stack.a(hci.o)
    0x100518c0   0x00000002   Code   RO         2899    i.hci_le_read_local_p256_public_key_complete_event  libbluenrg1_stack.a(aci_events.o)
    0x100518c2   0x00000002   PAD
    0x100518c4   0x00000024   Code   RO         2900    i.hci_le_read_local_p256_public_key_complete_event_cb  libbluenrg1_stack.a(aci_events.o)
    0x100518e8   0x0000001a   Code   RO         2901    i.hci_le_read_local_p256_public_key_complete_event_int_cb  libbluenrg1_stack.a(aci_events.o)
    0x10051902   0x00000002   PAD
    0x10051904   0x00000058   Code   RO         2741    i.hci_le_read_local_p256_public_key_complete_event_push  libbluenrg1_stack.a(hci.o)
    0x1005195c   0x00000002   Code   RO         2902    i.hci_le_read_remote_used_features_complete_event  libbluenrg1_stack.a(aci_events.o)
    0x1005195e   0x00000002   PAD
    0x10051960   0x00000028   Code   RO         2903    i.hci_le_read_remote_used_features_complete_event_cb  libbluenrg1_stack.a(aci_events.o)
    0x10051988   0x00000024   Code   RO         2751    i.hci_le_set_event_mask  libbluenrg1_stack.a(hci.o)
    0x100519ac   0x00000016   Code   RO         2756    i.hci_le_set_scan_response_data  libbluenrg1_stack.a(hci.o)
    0x100519c2   0x00000002   PAD
    0x100519c4   0x00000064   Code   RO         2760    i.hci_load_connParams  libbluenrg1_stack.a(hci.o)
    0x10051a28   0x00000002   Code   RO         2904    i.hci_number_of_completed_packets_event  libbluenrg1_stack.a(aci_events.o)
    0x10051a2a   0x0000000a   Code   RO         2905    i.hci_number_of_completed_packets_event_cb  libbluenrg1_stack.a(aci_events.o)
    0x10051a34   0x00000002   Code   RO         2906    i.hci_read_remote_version_information_complete_event  libbluenrg1_stack.a(aci_events.o)
    0x10051a36   0x00000002   PAD
    0x10051a38   0x00000024   Code   RO         2907    i.hci_read_remote_version_information_complete_event_cb  libbluenrg1_stack.a(aci_events.o)
    0x10051a5c   0x00000020   Code   RO         2767    i.hci_read_transmit_power_level  libbluenrg1_stack.a(hci.o)
    0x10051a7c   0x0000005a   Code   RO         2769    i.hci_rx_acl_data   libbluenrg1_stack.a(hci.o)
    0x10051ad6   0x00000004   Code   RO         2908    i.hci_rx_acl_data_event  libbluenrg1_stack.a(aci_events.o)
    0x10051ada   0x00000016   Code   RO         2909    i.hci_rx_acl_data_event_cb  libbluenrg1_stack.a(aci_events.o)
    0x10051af0   0x00000034   Code   RO         2772    i.hci_tx_acl_data_done  libbluenrg1_stack.a(hci.o)
    0x10051b24   0x0000001e   Code   RO         3503    i.is_Buffer_All_Set_To  libbluenrg1_stack.a(utils.o)
    0x10051b42   0x00000002   PAD
    0x10051b44   0x00000034   Code   RO         3223    i.is_slave          libbluenrg1_stack.a(multi_master_time.o)
    0x10051b78   0x000008bc   Code   RO         3197    i.isr_event_handler_patched  libbluenrg1_stack.a(ll_routines_master.o)
    0x10052434   0x0000014c   Code   RO         3123    i.isr_postproc      libbluenrg1_stack.a(isr_postproc.o)
    0x10052580   0x0000014c   Code   RO         3306    i.isr_postproc1     libbluenrg1_stack.a(rom_ll_isr_postproc.o)
    0x100526cc   0x00000016   Code   RO         3307    i.isr_postproc_encrypt_data  libbluenrg1_stack.a(rom_ll_isr_postproc.o)
    0x100526e2   0x00000002   PAD
    0x100526e4   0x00000020   Code   RO         3375    i.machine_time_trans  libbluenrg1_stack.a(rom_ll_timehandling.o)
    0x10052704   0x00000090   Code   RO         2247    i.main              ble_chat_main.o
    0x10052794   0x000000a8   Code   RO         3208    i.mem_alloc_ctx_init  libbluenrg1_stack.a(mem_alloc.o)
    0x1005283c   0x00000008   Code   RO         3398    i.microseconds_to_machine_time  libbluenrg1_stack.a(routines_support.o)
    0x10052844   0x00000018   Code   RO         3370    i.modulo_37         libbluenrg1_stack.a(rom_ll_routines_support.o)
    0x1005285c   0x00000018   Code   RO         3224    i.nsar_init         libbluenrg1_stack.a(multi_master_time.o)
    0x10052874   0x0000001c   Code   RO         3225    i.nsar_insertSlotListEntry  libbluenrg1_stack.a(multi_master_time.o)
    0x10052890   0x000000ac   Code   RO         3226    i.nsar_searchBestFreeSlot  libbluenrg1_stack.a(multi_master_time.o)
    0x1005293c   0x00000022   Code   RO         3228    i.nsar_updateBestFreeSlot  libbluenrg1_stack.a(multi_master_time.o)
    0x1005295e   0x00000002   PAD
    0x10052960   0x0000006c   Code   RO         3229    i.nsar_updateSlotListEntry  libbluenrg1_stack.a(multi_master_time.o)
    0x100529cc   0x00000044   Code   RO         3399    i.patch_advance_transmit  libbluenrg1_stack.a(routines_support.o)
    0x10052a10   0x00000070   Code   RO         3181    i.read_rssi         libbluenrg1_stack.a(ll_routines.o)
    0x10052a80   0x00000074   Code   RO         3231    i.request_connect_slot  libbluenrg1_stack.a(multi_master_time.o)
    0x10052af4   0x00000088   Code   RO         3232    i.request_scan_slot  libbluenrg1_stack.a(multi_master_time.o)
    0x10052b7c   0x00000094   Code   RO         3234    i.schedule_advertise_slot  libbluenrg1_stack.a(multi_master_time.o)
    0x10052c10   0x00000100   Code   RO         2972    i.setGapAdvData     libbluenrg1_stack.a(gap.o)
    0x10052d10   0x0000007c   Code   RO         3376    i.set_freq          libbluenrg1_stack.a(rom_ll_timehandling.o)
    0x10052d8c   0x00000020   Code   RO         3377    i.set_sca           libbluenrg1_stack.a(rom_ll_timehandling.o)
    0x10052dac   0x00000010   Code   RO         3100    i.set_string        libbluenrg1_stack.a(hal.o)
    0x10052dbc   0x000000fc   Code   RO         3400    i.slave_advance     libbluenrg1_stack.a(routines_support.o)
    0x10052eb8   0x00000038   Code   RO         3612    i.sm_Calculate_Hash  libbluenrg1_stack.a(ssm_algo.o)
    0x10052ef0   0x00000080   Code   RO         3613    i.sm_Generate_SubKeys  libbluenrg1_stack.a(ssm_algo.o)
    0x10052f70   0x00000090   Code   RO         3428    i.sm_Get_Long_Term_Key  libbluenrg1_stack.a(securitymgr.o)
    0x10053000   0x00000118   Code   RO         3429    i.sm_RepeatedAttacks_Protection  libbluenrg1_stack.a(securitymgr.o)
    0x10053118   0x0000004c   Code   RO         3430    i.sm_Search_BlackList  libbluenrg1_stack.a(securitymgr.o)
    0x10053164   0x0000014c   Code   RO         3483    i.smp_Add_To_Database  libbluenrg1_stack.a(sm_common.o)
    0x100532b0   0x0000001a   Code   RO         3431    i.smp_Build_AuthReq_Field  libbluenrg1_stack.a(securitymgr.o)
    0x100532ca   0x00000002   PAD
    0x100532cc   0x00000054   Code   RO         3432    i.smp_Build_Pairing_ReqResp_Packet  libbluenrg1_stack.a(securitymgr.o)
    0x10053320   0x00000038   Code   RO         3433    i.smp_Check_Incoming_Pairing_Parameters  libbluenrg1_stack.a(securitymgr.o)
    0x10053358   0x000000b4   Code   RO         3434    i.smp_Determine_Key_Association_Method  libbluenrg1_stack.a(securitymgr.o)
    0x1005340c   0x0000026c   Code   RO         3435    i.smp_Execute_Actions_wrt_Current_State  libbluenrg1_stack.a(securitymgr.o)
    0x10053678   0x00000040   Code   RO         3484    i.smp_Find_Remote_Device_Index  libbluenrg1_stack.a(sm_common.o)
    0x100536b8   0x00000040   Code   RO         3485    i.smp_Get_Local_Identity_Address  libbluenrg1_stack.a(sm_common.o)
    0x100536f8   0x00000088   Code   RO         3436    i.smp_Get_Pairing_Parameters_From_Peer_Packet  libbluenrg1_stack.a(securitymgr.o)
    0x10053780   0x00000046   Code   RO         3486    i.smp_Keys_Distribution_Complete  libbluenrg1_stack.a(sm_common.o)
    0x100537c6   0x00000002   PAD
    0x100537c8   0x0000012c   Code   RO         3437    i.smp_Keys_Distribution_Send  libbluenrg1_stack.a(securitymgr.o)
    0x100538f4   0x00000036   Code   RO         3487    i.smp_Keys_Distribution_Start  libbluenrg1_stack.a(sm_common.o)
    0x1005392a   0x00000002   PAD
    0x1005392c   0x0000015c   Code   RO         3438    i.smp_LP_MI_Compute_c1_Confirm_Value  libbluenrg1_stack.a(securitymgr.o)
    0x10053a88   0x0000003c   Code   RO         3488    i.smp_OOB_Check_Is_Remote_Data_Present  libbluenrg1_stack.a(sm_common.o)
    0x10053ac4   0x00000020   Code   RO         3489    i.smp_OOB_Clear_Remote_Data_Entry_by_Index  libbluenrg1_stack.a(sm_common.o)
    0x10053ae4   0x0000004c   Code   RO         3491    i.smp_OOB_Get_Remote_Data_Reference  libbluenrg1_stack.a(sm_common.o)
    0x10053b30   0x000000a8   Code   RO         3492    i.smp_Pairing_Completed  libbluenrg1_stack.a(sm_common.o)
    0x10053bd8   0x000000b4   Code   RO         3439    i.smp_Process_Rx_Packet_Exception_Cases  libbluenrg1_stack.a(securitymgr.o)
    0x10053c8c   0x00000178   Code   RO         3440    i.smp_Process_Rx_Packet_wrt_Current_State  libbluenrg1_stack.a(securitymgr.o)
    0x10053e04   0x000000d2   Code   RO         3493    i.smp_Receive_Keys  libbluenrg1_stack.a(sm_common.o)
    0x10053ed6   0x00000002   PAD
    0x10053ed8   0x00000020   Code   RO         3441    i.smp_Reset_Timer   libbluenrg1_stack.a(securitymgr.o)
    0x10053ef8   0x00000170   Code   RO         3442    i.smp_SR_Compute_c1_Confirm_Value  libbluenrg1_stack.a(securitymgr.o)
    0x10054068   0x0000002c   Code   RO         3443    i.smp_Send_Data     libbluenrg1_stack.a(securitymgr.o)
    0x10054094   0x00000068   Code   RO         3444    i.smp_Set_Key_Association_Method  libbluenrg1_stack.a(securitymgr.o)
    0x100540fc   0x00000056   Code   RO         3445    i.smp____MI_PairingConfirm_Receive  libbluenrg1_stack.a(securitymgr.o)
    0x10054152   0x00000002   PAD
    0x10054154   0x00000098   Code   RO         3446    i.smp____MI_PairingConfirm_Send  libbluenrg1_stack.a(securitymgr.o)
    0x100541ec   0x000001ac   Code   RO         3447    i.smp____MI_PairingRandom_Receive  libbluenrg1_stack.a(securitymgr.o)
    0x10054398   0x00000084   Code   RO         3448    i.smp____MI_PairingResponse_Receive  libbluenrg1_stack.a(securitymgr.o)
    0x1005441c   0x00000064   Code   RO         3449    i.smp____MI_SecurityRequest_Receive  libbluenrg1_stack.a(securitymgr.o)
    0x10054480   0x00000030   Code   RO         3450    i.smp____PairingFailed_Send  libbluenrg1_stack.a(securitymgr.o)
    0x100544b0   0x00000048   Code   RO         3494    i.smp____Pairing_2Octets_Packet_Send  libbluenrg1_stack.a(sm_common.o)
    0x100544f8   0x000000bc   Code   RO         3451    i.smp____Pairing_Process_Abort  libbluenrg1_stack.a(securitymgr.o)
    0x100545b4   0x0000003c   Code   RO         3577    i.smp____SC_Continue_If_Exclusive_SC_Pairing  libbluenrg1_stack.a(smp_scv42_isap.o)
    0x100545f0   0x00000070   Code   RO         3578    i.smp____SC_PairingPublicKey_Receive  libbluenrg1_stack.a(smp_scv42_isap.o)
    0x10054660   0x00000068   Code   RO         3579    i.smp____SC_PairingPublicKey_Send  libbluenrg1_stack.a(smp_scv42_isap.o)
    0x100546c8   0x00000090   Code   RO         3580    i.smp____SC_Pairing_OOB_Confirm_Receive_and_Verify  libbluenrg1_stack.a(smp_scv42_isap.o)
    0x10054758   0x00000080   Code   RO         3581    i.smp____SC_Phase_2AS2_DHKeyCheck_Receive  libbluenrg1_stack.a(smp_scv42_isap.o)
    0x100547d8   0x0000005c   Code   RO         3582    i.smp____SC_Phase_2AS2_DHKeyCheck_Send  libbluenrg1_stack.a(smp_scv42_isap.o)
    0x10054834   0x00000130   Code   RO         3583    i.smp____SC_Phase_2AS2_Generate_DHKeyCheck  libbluenrg1_stack.a(smp_scv42_isap.o)
    0x10054964   0x000000b4   Code   RO         3584    i.smp____SC_Phase_2AS2_Start  libbluenrg1_stack.a(smp_scv42_isap.o)
    0x10054a18   0x00000032   Code   RO         3585    i.smp____SC_Phase_2AS2__Set_Addresses  libbluenrg1_stack.a(smp_scv42_isap.o)
    0x10054a4a   0x00000002   PAD
    0x10054a4c   0x00000044   Code   RO         3586    i.smp____SC_Verify_Peer_PK_and_Generate_DHKey  libbluenrg1_stack.a(smp_scv42_isap.o)
    0x10054a90   0x00000028   Code   RO         3588    i.smp____SC_hci_le_generate_dhkey_complete_evt_hndl  libbluenrg1_stack.a(smp_scv42_isap.o)
    0x10054ab8   0x00000044   Code   RO         3589    i.smp____SC_hci_le_read_local_p256_public_key_complete_evt_hndl  libbluenrg1_stack.a(smp_scv42_isap.o)
    0x10054afc   0x00000058   Code   RO         3590    i.smp____SC_initialize  libbluenrg1_stack.a(smp_scv42_isap.o)
    0x10054b54   0x00000014   Code   RO         3591    i.smp____SC_is_Debug_Key_Usage_Forced  libbluenrg1_stack.a(smp_scv42_isap.o)
    0x10054b68   0x00000038   Code   RO         3592    i.smp____SC_is_any_other_SC_Pairing_Ongoing  libbluenrg1_stack.a(smp_scv42_isap.o)
    0x10054ba0   0x0000001c   Code   RO         3593    i.smp____SC_submit_ECC_PK_generation_request  libbluenrg1_stack.a(smp_scv42_isap.o)
    0x10054bbc   0x000000b0   Code   RO         3452    i.smp____SR_PairingConfirm_Receive  libbluenrg1_stack.a(securitymgr.o)
    0x10054c6c   0x000001a4   Code   RO         3453    i.smp____SR_PairingRandom_Receive  libbluenrg1_stack.a(securitymgr.o)
    0x10054e10   0x00000194   Code   RO         3454    i.smp____SR_PairingRequest_Receive  libbluenrg1_stack.a(securitymgr.o)
    0x10054fa4   0x000000a0   Code   RO         3235    i.start_timebase    libbluenrg1_stack.a(multi_master_time.o)
    0x10055044   0x0000001c   Code   RO         3081    i.store_data        libbluenrg1_stack.a(gatt_server.o)
    0x10055060   0x0000000a   Code   RO         3236    i.swap_char         libbluenrg1_stack.a(multi_master_time.o)
    0x1005506a   0x0000000a   Code   RO         3237    i.swap_short_int    libbluenrg1_stack.a(multi_master_time.o)
    0x10055074   0x0000000a   Code   RO         3378    i.system_time_trans  libbluenrg1_stack.a(rom_ll_timehandling.o)
    0x1005507e   0x00000002   PAD
    0x10055080   0x0000002c   Code   RO         3379    i.system_time_trans_ext  libbluenrg1_stack.a(rom_ll_timehandling.o)
    0x100550ac   0x0000000e   Code   RO         3380    i.time_offset1      libbluenrg1_stack.a(rom_ll_timehandling.o)
    0x100550ba   0x00000002   PAD
    0x100550bc   0x00000010   Code   RO         3381    i.time_offset2      libbluenrg1_stack.a(rom_ll_timehandling.o)
    0x100550cc   0x00000040   Code   RO         3238    i.timebase_start_connect  libbluenrg1_stack.a(multi_master_time.o)
    0x1005510c   0x00000038   Code   RO         3316    i.unpack_channel_map  libbluenrg1_stack.a(rom_ll_isr_routines.o)
    0x10055144   0x00000046   Code   RO         3317    i.unpack_update_request  libbluenrg1_stack.a(rom_ll_isr_routines.o)
    0x1005518a   0x00000002   PAD
    0x1005518c   0x00000004   Data   RO         1583    .constdata          sdk_eval_config.o
    0x10055190   0x00000004   Data   RO         1584    .constdata          sdk_eval_config.o
    0x10055194   0x00000004   Data   RO         1585    .constdata          sdk_eval_config.o
    0x10055198   0x00000004   Data   RO         1586    .constdata          sdk_eval_config.o
    0x1005519c   0x00000034   Data   RO         2421    .constdata          configinf.o
    0x100551d0   0x00000110   Data   RO         2910    .constdata          libbluenrg1_stack.a(aci_events.o)
    0x100552e0   0x00000020   Data   RO         3382    .constdata          libbluenrg1_stack.a(rom_ll_timehandling.o)
    0x10055300   0x00000019   Data   RO         3455    .constdata          libbluenrg1_stack.a(securitymgr.o)
    0x10055319   0x00000010   Data   RO         3524    .constdata          libbluenrg1_stack.a(att.o)
    0x10055329   0x00000060   Data   RO         3594    .constdata          libbluenrg1_stack.a(smp_scv42_isap.o)
    0x10055389   0x00000010   Data   RO         3614    .constdata          libbluenrg1_stack.a(ssm_algo.o)
    0x10055399   0x00000003   PAD
    0x1005539c   0x00000128   Data   RO         3627    .constdata          libbluenrg1_stack.a(crypto.o)
    0x100554c4   0x00000028   Data   RO         3646    .constdata          c_p.l(_printf_hex_int.o)
    0x100554ec   0x00000011   Data   RO         3676    .constdata          c_p.l(__printf_flags_wp.o)
    0x100554fd   0x00000003   PAD
    0x10055500   0x0000008b   Data   RO         2110    .conststring        chat.o
    0x1005558b   0x00000001   PAD
    0x1005558c   0x000002f7   Data   RO         2290    .conststring        atprocess.o
    0x10055883   0x00000001   PAD
    0x10055884   0x00000080   Data   RO         3927    Region$$Table       anon$$obj.o


    Execution Region BLOCK_STACKLIB_FLASH_DATA (Base: 0x10067000, Size: 0x00000838, Max: 0x00001000, ABSOLUTE, UNINIT)

    Base Addr    Size         Type   Attr      Idx    E Section Name        Object

    0x10067000   0x00000800   Data   RO         2424    .noinit.stacklib_flash_data  configinf.o
    0x10067800   0x00000038   Data   RO         2425    .noinit.stacklib_stored_device_id_data  configinf.o


    Execution Region ota_sw_activation_block (Base: 0x20000004, Size: 0x00000000, Max: 0x00000004, ABSOLUTE, UNINIT)

    **** No section assigned to this execution region ****


    Execution Region savedMSP_block (Base: 0x20000008, Size: 0x00000004, Max: 0x00000004, ABSOLUTE)

    Base Addr    Size         Type   Attr      Idx    E Section Name        Object

    0x20000008   0x00000004   Data   RW         1773    .savedMSP           system_bluenrg1.o


    Execution Region wakeupFromSleepFlag_block (Base: 0x2000000c, Size: 0x00000004, Max: 0x00000004, ABSOLUTE)

    Base Addr    Size         Type   Attr      Idx    E Section Name        Object

    0x2000000c   0x00000001   Data   RW         1774    .wakeupFromSleepFlag  system_bluenrg1.o


    Execution Region app_base_block (Base: 0x20000010, Size: 0x00000004, Max: 0x00000004, ABSOLUTE)

    Base Addr    Size         Type   Attr      Idx    E Section Name        Object

    0x20000010   0x00000004   Data   RW         1766    .app_base           system_bluenrg1.o


    Execution Region Blue_Flag_Ram_block (Base: 0x20000030, Size: 0x00000004, Max: 0x00000004, ABSOLUTE)

    Base Addr    Size         Type   Attr      Idx    E Section Name        Object

    0x20000030   0x00000004   Data   RW         1765    .__blueflag_RAM     system_bluenrg1.o


    Execution Region Crash_Info_block (Base: 0x20000034, Size: 0x00000000, Max: 0x00000028, ABSOLUTE, UNINIT)

    **** No section assigned to this execution region ****


    Execution Region BLUE (Base: 0x200000c0, Size: 0x0000020c, Max: 0x0000020c, ABSOLUTE, COMPRESSED[0x00000008])

    Base Addr    Size         Type   Attr      Idx    E Section Name        Object

    0x200000c0   0x0000020c   Data   RW         1767    .bss.__blue_RAM     system_bluenrg1.o


    Execution Region REGION_RAM2 (Base: 0x200002cc, Size: 0x000024d4, Max: 0x00005d34, ABSOLUTE, COMPRESSED[0x00000104])

    Base Addr    Size         Type   Attr      Idx    E Section Name        Object

    0x200002cc   0x00000010   Data   RW         1467    .data               sdk_eval_com.o
    0x200002dc   0x00000004   Data   RW         1468    .data               sdk_eval_com.o
    0x200002e0   0x00000001   Data   RW         1606    .data               sdk_eval_config.o
    0x200002e1   0x00000003   PAD
    0x200002e4   0x00000004   Data   RW         1768    .data               system_bluenrg1.o
    0x200002e8   0x00000004   Data   RW         1769    .data               system_bluenrg1.o
    0x200002ec   0x00000004   Data   RW         1770    .data               system_bluenrg1.o
    0x200002f0   0x00000006   Data   RW         2041    .data               gatt_db.o
    0x200002f6   0x00000002   PAD
    0x200002f8   0x00000010   Data   RW         2111    .data               chat.o
    0x20000308   0x000000d8   Data   RW         2291    .data               atprocess.o
    0x200003e0   0x00000038   Data   RW         2422    .data               configinf.o
    0x20000418   0x00000004   Data   RW         2515    .data               clock.o
    0x2000041c   0x00000004   Data   RW         3210    .data               libbluenrg1_stack.a(mem_alloc.o)
    0x20000420   0x00000001   Data   RW         3248    .data               libbluenrg1_stack.a(pka.o)
    0x20000421   0x00000001   Data   RW         3566    .rom_var_in_ram2    libbluenrg1_stack.a(rom_global_var.o)
    0x20000422   0x00000002   PAD
    0x20000424   0x000019f4   Data   RW         2426    NoInit              configinf.o
    0x20001e18   0x00000020   Zero   RW         2040    .bss                gatt_db.o
    0x20001e38   0x0000021e   Zero   RW         2106    .bss                chat.o
    0x20002056   0x00000002   PAD
    0x20002058   0x00000054   Zero   RW         2289    .bss                atprocess.o
    0x200020ac   0x00000038   Zero   RW         2418    .bss                configinf.o
    0x200020e4   0x00000081   Zero   RW         2419    .bss                configinf.o
    0x20002165   0x00000003   PAD
    0x20002168   0x0000001c   Zero   RW         2420    .bss                configinf.o
    0x20002184   0x000005e8   Zero   RW         3174    .bss                libbluenrg1_stack.a(ll_privacy.o)
    0x2000276c   0x00000034   Zero   RW         3209    .bss                libbluenrg1_stack.a(mem_alloc.o)


    Execution Region ARM_LIB_STACKHEAP (Base: 0x20005400, Size: 0x00000c00, Max: 0x00000c00, ABSOLUTE)

    Base Addr    Size         Type   Attr      Idx    E Section Name        Object

    0x20005400   0x00000c00   Zero   RW            2    ARM_LIB_STACKHEAP.bss  anon$$obj.o


==============================================================================

Image component sizes


      Code (inc. data)   RO Data    RW Data    ZI Data      Debug   Object Name

      2186       1032        759        216         84      20352   atprocess.o
       144         48          0          0          0       6435   ble_chat_main.o
         0          0          0          0          0      26576   bluenrg1_adc.o
        76         14          0          0          0       2394   bluenrg1_flash.o
       148          0          0          0          0       8272   bluenrg1_gpio.o
        32          0          0          0          0       9191   bluenrg1_it.o
       180         14          0          0          0       4421   bluenrg1_pka.o
        24          6          0          0          0        689   bluenrg1_sysctrl.o
       448         44          0          0          0       9918   bluenrg1_uart.o
      2190        870        139         16        542      15273   chat.o
        80         24          0          4          0       8865   clock.o
       380        130       2156       6700        213       6726   configinf.o
       108         30          0          0          0        588   context_switch.o
       408        170          0          6         32       3301   gatt_db.o
       136         12          0          0          0       7748   misc.o
        24          0          0          0          0       1994   osal.o
       312         26          0         20          0       8034   sdk_eval_com.o
        24         10         16          1          0       3881   sdk_eval_config.o
       588         88        192        549          0      15279   system_bluenrg1.o

    ----------------------------------------------------------------------
      7500       2518       3392       7520       5996     159937   Object Totals
         0          0        128          0       5120          0   (incl. Generated)
        12          0          2          8          5          0   (incl. Padding)

    ----------------------------------------------------------------------

      Code (inc. data)   RO Data    RW Data    ZI Data      Debug   Library Member Name

        86          0          0          0          0          0   __dczerorl2.o
         8          0          0          0          0         68   __main.o
       312          6         17          0          0         76   __printf_flags_wp.o
        14          0          0          0          0         60   __printf_wp.o
         0          0          0          0          0          0   __rtentry.o
        12          0          0          0          0          0   __rtentry2.o
         8          4          0          0          0          0   __rtentry6.o
        60          8          0          0          0          0   __scatter.o
        26          0          0          0          0          0   __scatter_copy.o
        28          0          0          0          0          0   __scatter_zi.o
        10          0          0          0          0          0   _printf_c.o
        46          0          0          0          0        100   _printf_char.o
        48          6          0          0          0         88   _printf_char_common.o
        40          6          0          0          0         72   _printf_char_file.o
        10          0          0          0          0          0   _printf_d.o
       108         18          0          0          0         76   _printf_dec.o
        88          4         40          0          0         72   _printf_hex_int.o
       176          0          0          0          0         84   _printf_intcommon.o
        78          0          0          0          0        100   _printf_pad.o
         2          0          0          0          0          0   _printf_percent.o
         4          0          0          0          0          0   _printf_percent_end.o
        10          0          0          0          0          0   _printf_s.o
        82          0          0          0          0         72   _printf_str.o
        10          0          0          0          0          0   _printf_x.o
       488          0          0          0          0         92   aeabi_sdivfast.o
        16          0          0          0          0         68   exit.o
         8          0          0          0          0         60   ferror.o
         0          0          0          0          0          0   indicate_semi.o
         2          0          0          0          0          0   libinit.o
         2          0          0          0          0          0   libinit2.o
         2          0          0          0          0          0   libshutdown.o
         2          0          0          0          0          0   libshutdown2.o
        90          0          0          0          0         68   memcmp.o
        12          0          0          0          0         68   memcpy.o
        28          0          0          0          0         68   memset.o
        28          6          0          0          0         84   noretval__2printf.o
        64          0          0          0          0        108   rt_memclr.o
       186          0          0          0          0        144   rt_memcpy.o
         2          0          0          0          0          0   rtexit.o
        10          0          0          0          0          0   rtexit2.o
        40          0          0          0          0         60   rtudiv10.o
       160          4          0          0          0         80   strcmpv6m.o
        68          6          0          0          0         72   strlen.o
        12          4          0          0          0         60   sys_exit.o
        34          0          0          0          0         60   uread4.o
         2          0          0          0          0         68   use_no_semi.o
      2902          0        272          0          0          0   aci_events.o
       738          0          0          0          0          0   acl.o
       204          0          0          0          0          0   acl_list.o
      1236          0          0          0          0          0   advance_wakeup_time.o
       184          0          0          0          0          0   aes128cmac.o
      5560          0         16          0          0          0   att.o
       366          0          0          0          0          0   bluenrg_gap_aci.o
       198          0          0          0          0          0   bluenrg_gatt_aci.o
        16          0          0          0          0          0   bluenrg_hal_aci.o
       904          0          0          0          0          0   bluenrg_main_func.o
      2018          0        296          0          0          0   crypto.o
       300          0          0          0          0          0   device_id_data.o
      2448          0          0          0          0          0   gap.o
      1650          0          0          0          0          0   gatt_client.o
      7500          0          0          0          0          0   gatt_server.o
       576          0          0          0          0          0   hal.o
      1128          0          0          0          0          0   hci.o
       838          0          0          0          0          0   host_timer.o
       332          0          0          0          0          0   isr_postproc.o
       756          0          0          0          0          0   isr_routines.o
      1300          0          0          0          0          0   l2cap.o
      5908          0          0          0          0          0   ll_isr.o
      3650          0          0          0       1512          0   ll_privacy.o
       248          0          0          0          0          0   ll_routines.o
      4632          0          0          0          0          0   ll_routines_master.o
       296          0          0          0          0          0   ll_routines_support.o
       816          0          0          4         52          0   mem_alloc.o
      3562          0          0          0          0          0   multi_master_time.o
        76          0          0          0          0          0   nvm.o
       264          0          0          1          0          0   pka.o
       978          0          0          0          0          0   pm.o
      1700          0          0          0          0          0   rom_att.o
       772          0          0          0          0          0   rom_gap.o
       372          0          0          0          0          0   rom_gap_rom.o
       364          0          0          0          0          0   rom_gatt_server.o
         0          0          0          1          0          0   rom_global_var.o
       126          0          0          0          0          0   rom_list.o
       354          0          0          0          0          0   rom_ll_isr_postproc.o
      1192          0          0          0          0          0   rom_ll_isr_routines.o
      3136          0          0          0          0          0   rom_ll_ll_routines.o
       368          0          0          0          0          0   rom_ll_ll_routines_master.o
       548          0          0          0          0          0   rom_ll_routines_support.o
       298          0         32          0          0          0   rom_ll_timehandling.o
       544          0          0          0          0          0   rom_sdb.o
       476          0          0          0          0          0   routines_support.o
      2136          0          0          0          0          0   sdb.o
      6140          0         25          0          0          0   securitymgr.o
      2752          0          0          0          0          0   sm_common.o
      1574          0         96          0          0          0   smp_scv42_isap.o
      1474          0         16          0          0          0   ssm_algo.o
       122          0          0          0          0          0   utils.o

    ----------------------------------------------------------------------
     78720         72        816          8       1564       2028   Library Totals
       166          0          6          2          0          0   (incl. Padding)

    ----------------------------------------------------------------------

      Code (inc. data)   RO Data    RW Data    ZI Data      Debug   Library Name

      2522         72         57          0          0       2028   c_p.l
     76032          0        753          6       1564          0   libbluenrg1_stack.a

    ----------------------------------------------------------------------
     78720         72        816          8       1564       2028   Library Totals

    ----------------------------------------------------------------------

==============================================================================


      Code (inc. data)   RO Data    RW Data    ZI Data      Debug   

     86220       2590       4208       7528       7560     156613   Grand Totals
     86220       2590       4208        284       7560     156613   ELF Image Totals (compressed)
     86220       2590       4208        284          0          0   ROM Totals

==============================================================================

    Total RO  Size (Code + RO Data)                90428 (  88.31kB)
    Total RW  Size (RW Data + ZI Data)             15088 (  14.73kB)
    Total ROM Size (Code + RO Data + RW Data)      90712 (  88.59kB)

==============================================================================

