<!doctype html public "-//w3c//dtd html 4.0 transitional//en">
<html><head>
<title>Static Call Graph - [.\Server\Objects\BLE_Chat_Server.axf]</title></head>
<body><HR>
<H1>Static Call Graph for image .\Server\Objects\BLE_Chat_Server.axf</H1><HR>
<BR><P>#&#060CALLGRAPH&#062# ARM Linker, 5060422: Last Updated: Fri Dec 08 17:16:22 2017
<BR><P>
<H3>Maximum Stack Usage =        288 bytes + Unknown(Functions without stacksize, Cycles, Untraceable Function Pointers)</H3><H3>
Call chain for Maximum Stack Depth:</H3>
RESET_HANDLER &rArr; main &rArr; BleInit &rArr; CHAT_DeviceInit &rArr; Add_Chat_Service &rArr; __2printf &rArr; _printf_char_file &rArr; _printf_char_common &rArr; __printf
<P>
<H3>
Functions with no stack information
</H3><UL>
 <LI><a href="#[9d]">AES128ECB_Wrapper</a>
 <LI><a href="#[a1]">AES_CMAC_Encrypt</a>
 <LI><a href="#[a3]">AES_CMAC_Encrypt_Append</a>
 <LI><a href="#[a4]">AES_CMAC_Encrypt_Finish</a>
 <LI><a href="#[a2]">AES_CMAC_Encrypt_Init</a>
 <LI><a href="#[a0]">AES_general_SW_enc</a>
 <LI><a href="#[9e]">AES_keyschedule_enc</a>
 <LI><a href="#[ad]">Accu_Handles_Requiring_Auth</a>
 <LI><a href="#[b2]">Accu_UuidTypes_Requiring_Auth</a>
 <LI><a href="#[b4]">Acl_Clone_Fragment</a>
 <LI><a href="#[b7]">Acl_Disconnected_Peer</a>
 <LI><a href="#[1d4]">Acl_Get_Last</a>
 <LI><a href="#[b6]">Acl_Get_Pack_Off</a>
 <LI><a href="#[ba]">Acl_Init</a>
 <LI><a href="#[bc]">Acl_Rcv_Pkt_Handler</a>
 <LI><a href="#[bf]">Acl_Transmit_Data</a>
 <LI><a href="#[c0]">Acl_Transmit_Packet</a>
 <LI><a href="#[c3]">Acl_Tx_Cmpl_Pkt_Handler</a>
 <LI><a href="#[c9]">Att_Send_Read_Blob_Req_Pdu</a>
 <LI><a href="#[cb]">Att_Send_Read_By_Typ_Req_Pdu</a>
 <LI><a href="#[ce]">BTLE_StackTick</a>
 <LI><a href="#[da]">BlueNRG_Stack_Initialization</a>
 <LI><a href="#[de]">BlueNRG_Stack_Initialize_ConfigData</a>
 <LI><a href="#[e0]">BlueNRG_Stack_Initialize_Layers</a>
 <LI><a href="#[ea]">BlueNRG_Stack_Initialize_RAM</a>
 <LI><a href="#[dc]">BlueNRG_Stack_Initialize_RAM_check</a>
 <LI><a href="#[ee]">BlueNRG_Start_Crystal_Measurement</a>
 <LI><a href="#[f1]">Blue_Init_Global</a>
 <LI><a href="#[f2]">Blue_Set_Radio_Config_Data</a>
 <LI><a href="#[f4]">Build_Notif_Or_Ind</a>
 <LI><a href="#[fa]">CheckSecForSignedWrite</a>
 <LI><a href="#[163]">Check_Encry_Key_Size</a>
 <LI><a href="#[fd]">Check_Flags</a>
 <LI><a href="#[101]">Check_For_Service_Change</a>
 <LI><a href="#[106]">Check_Permission</a>
 <LI><a href="#[109]">Check_Serv_Chng_Charac_Ind_Not</a>
 <LI><a href="#[10b]">Check_Stat</a>
 <LI><a href="#[d1]">Controller_Process_Q</a>
 <LI><a href="#[249]">Delay_With_NOP_Cycles</a>
 <LI><a href="#[eb]">Dynamic_allocator</a>
 <LI><a href="#[ec]">Dynamic_allocator_noRet</a>
 <LI><a href="#[d2]">Events_Process_Q</a>
 <LI><a href="#[e9]">Events_Process_init</a>
 <LI><a href="#[116]">Exchg_Mtu_Resp</a>
 <LI><a href="#[118]">Exec_Write_Resp</a>
 <LI><a href="#[103]">Fetch_Handle</a>
 <LI><a href="#[104]">Find_Attr_Index</a>
 <LI><a href="#[11f]">Find_By_Type_Val_Resp</a>
 <LI><a href="#[122]">Find_Client_Data</a>
 <LI><a href="#[fe]">Find_Gatt_Client</a>
 <LI><a href="#[127]">Find_Info_Resp</a>
 <LI><a href="#[197]">Find_L2cap_signalling_connection</a>
 <LI><a href="#[15d]">Find_Timed_Out_Connection</a>
 <LI><a href="#[128]">Flash_Write_Client_Data</a>
 <LI><a href="#[12e]">Flash_Write_Flagged</a>
 <LI><a href="#[12f]">GAP_Connection_Complete_Handler</a>
 <LI><a href="#[131]">GAP_Delete_ADType</a>
 <LI><a href="#[135]">GAP_DiscProcTimeoutcb</a>
 <LI><a href="#[137]">GAP_Init</a>
 <LI><a href="#[e6]">GAP_Init_Context</a>
 <LI><a href="#[140]">GAP_Internal_Evt_Handler</a>
 <LI><a href="#[141]">GAP_LL_Event_Handler_ISR</a>
 <LI><a href="#[143]">GAP_LimDiscTimeoutcb</a>
 <LI><a href="#[146]">GAP_Notify_Add_Charac</a>
 <LI><a href="#[142]">GAP_Parse_Advertising_Report</a>
 <LI><a href="#[14a]">GAP_Privacy1v2</a>
 <LI><a href="#[152]">GAP_PrivateAddrTimercb</a>
 <LI><a href="#[d6]">GAP_Process_Q</a>
 <LI><a href="#[156]">GAP_Set_Discoverable_Mode</a>
 <LI><a href="#[180]">GAP_Started_Gatt_Proc</a>
 <LI><a href="#[16c]">GATT_Clear_Flag</a>
 <LI><a href="#[158]">GATT_Connection_Complete_Handler</a>
 <LI><a href="#[147]">GATT_Num_Charac_Present</a>
 <LI><a href="#[15a]">GATT_Set_Flag</a>
 <LI><a href="#[15c]">GATT_TimeOut_Handler</a>
 <LI><a href="#[2b5]">GapIsPrivacySupported</a>
 <LI><a href="#[15e]">Gatt_Add_Charac_Desc</a>
 <LI><a href="#[13e]">Gatt_Add_Characteristic</a>
 <LI><a href="#[162]">Gatt_Add_Descriptor</a>
 <LI><a href="#[13d]">Gatt_Add_Service</a>
 <LI><a href="#[166]">Gatt_Check_Not_Error_Resp</a>
 <LI><a href="#[1fd]">Gatt_Find_Srv_From_Handle</a>
 <LI><a href="#[af]">Gatt_Find_Srv_Owner_Of_Handle</a>
 <LI><a href="#[174]">Gatt_Find_Timed_Out_Connection_Index</a>
 <LI><a href="#[168]">Gatt_Flush_Pending_AclPacket_Lists</a>
 <LI><a href="#[d7]">Gatt_Process_Q</a>
 <LI><a href="#[155]">Gatt_Read_Charac_By_Uuid</a>
 <LI><a href="#[26]">Gatt_Read_Charac_By_Uuid_Cb</a>
 <LI><a href="#[169]">Gatt_Reset_To_Closed_State</a>
 <LI><a href="#[15f]">Gatt_Server_Db_Check</a>
 <LI><a href="#[178]">Gatt_Server_Init</a>
 <LI><a href="#[17a]">Gatt_Server_L2C_Handler</a>
 <LI><a href="#[17e]">Gatt_Server_L2C_Handler_ISR</a>
 <LI><a href="#[173]">Gatt_Super_Handler_Task7</a>
 <LI><a href="#[13f]">Gatt_Update_Charac_Value</a>
 <LI><a href="#[188]">Gatt_Update_Charac_Value_Ext</a>
 <LI><a href="#[14e]">Generate_Non_Resolvable_Private_Address</a>
 <LI><a href="#[15b]">Get_GAP_Handle</a>
 <LI><a href="#[124]">Get_Max_SecDb_Size</a>
 <LI><a href="#[12b]">Get_SecRec_Len_In_Words</a>
 <LI><a href="#[18a]">Get_SecRecord_Size</a>
 <LI><a href="#[139]">Get_StaticRandAddr</a>
 <LI><a href="#[18b]">HAL_Flash_Store_Data</a>
 <LI><a href="#[18c]">HAL_Generate_Random_Bytes_To</a>
 <LI><a href="#[e8]">HAL_Init</a>
 <LI><a href="#[24b]">HAL_Set_TX_Power_Level</a>
 <LI><a href="#[244]">HAL_VTimerAcc_sysT32_ms</a>
 <LI><a href="#[18d]">HAL_VTimerGetCurrentTime_sysT32</a>
 <LI><a href="#[242]">HAL_VTimerTimeoutCallback</a>
 <LI><a href="#[18f]">HAL_Write_ConfigData</a>
 <LI><a href="#[e7]">HCI_Init</a>
 <LI><a href="#[189]">Hal_Get_Random_Number</a>
 <LI><a href="#[191]">Hal_Get_Random_Number32</a>
 <LI><a href="#[138]">IDD_Initialize_Device_IDs</a>
 <LI><a href="#[105]">Ind_Service_Change_Charac</a>
 <LI><a href="#[193]">InvaliDate_Record</a>
 <LI><a href="#[1a6]">Is_Address_Initialized</a>
 <LI><a href="#[1e7]">Is_Flash_Write_On_Going</a>
 <LI><a href="#[b1]">L2CAP_Get_PDU_Len</a>
 <LI><a href="#[194]">L2CAP_Reset_To_Closed_State</a>
 <LI><a href="#[196]">L2C_Build_Command_Reject_Pdu</a>
 <LI><a href="#[198]">L2C_Connection_Complete_Handler</a>
 <LI><a href="#[19b]">L2C_Connection_Complete_Signal_Handler</a>
 <LI><a href="#[e4]">L2C_Init</a>
 <LI><a href="#[19c]">L2C_Rcv_Event_Handler</a>
 <LI><a href="#[19f]">L2C_Rcv_Event_Handler_ISR</a>
 <LI><a href="#[171]">L2C_Send_Data</a>
 <LI><a href="#[1a1]">L2C_SigChan_Req_TimeOut_Handler</a>
 <LI><a href="#[19e]">L2C_Signal_Channel_Handler</a>
 <LI><a href="#[19a]">L2C_Signal_Channel_Handler_ISR</a>
 <LI><a href="#[1a3]">LE_TO_NRG_32</a>
 <LI><a href="#[14b]">LL_Allow_Address_Setting</a>
 <LI><a href="#[1a5]">LL_Check_And_Set_Addresses</a>
 <LI><a href="#[1ab]">LL_Disconnect_Link</a>
 <LI><a href="#[144]">LL_Enable_Disable_Adv</a>
 <LI><a href="#[136]">LL_Enable_Disable_Scan</a>
 <LI><a href="#[1b6]">LL_Encrypt_Plain_Data</a>
 <LI><a href="#[1a4]">LL_Get_Address</a>
 <LI><a href="#[14c]">LL_Get_AdvAddress</a>
 <LI><a href="#[133]">LL_Get_Adv_Data</a>
 <LI><a href="#[1b8]">LL_Get_Adv_Tx_Power_Level</a>
 <LI><a href="#[1ba]">LL_Get_LTK</a>
 <LI><a href="#[1bb]">LL_Get_Link_Tx_Power_Level</a>
 <LI><a href="#[14d]">LL_Get_ScanAddress</a>
 <LI><a href="#[e2]">LL_Init</a>
 <LI><a href="#[1bd]">LL_LE_Clear_White_List</a>
 <LI><a href="#[1bf]">LL_LE_Set_Address_Resolution_Enable</a>
 <LI><a href="#[13a]">LL_LE_Set_Resolvable_Private_Address_Timeout</a>
 <LI><a href="#[1bc]">LL_Rcv_ACL_Data</a>
 <LI><a href="#[c1]">LL_Send_ACL_Data</a>
 <LI><a href="#[13c]">LL_SetAddressResolutionEnable</a>
 <LI><a href="#[134]">LL_Set_Adv_Data</a>
 <LI><a href="#[1c0]">LL_Set_Adv_Params</a>
 <LI><a href="#[1af]">LL_Set_Advertising_Buffers</a>
 <LI><a href="#[1a9]">LL_Set_DirectAddress</a>
 <LI><a href="#[1aa]">LL_Set_OwnAddress</a>
 <LI><a href="#[2a7]">LL_Set_Scan_Resp_Data</a>
 <LI><a href="#[1b2]">LL_Sleep_Req</a>
 <LI><a href="#[1c1]">LL_Start_Encryption</a>
 <LI><a href="#[1c2]">LL_Update_Advertising_Buffers</a>
 <LI><a href="#[1c3]">LL_Update_Scanning_Initiating_Buffers</a>
 <LI><a href="#[1ee]">LL_receive_data_patch</a>
 <LI><a href="#[1f0]">LL_update_proc</a>
 <LI><a href="#[160]">List_Circular_Get_Size</a>
 <LI><a href="#[27d]">List_Circular_Insert_Head</a>
 <LI><a href="#[165]">List_Circular_Insert_Tail</a>
 <LI><a href="#[1c4]">List_Circular_Node_Present</a>
 <LI><a href="#[246]">List_Circular_Remove_Head</a>
 <LI><a href="#[164]">List_Circular_Remove_Node</a>
 <LI><a href="#[1c9]">PKA_Generate_ECDH_Public_Key</a>
 <LI><a href="#[1cc]">PKA_Get_Current_Operation</a>
 <LI><a href="#[10d]">PKA_Offline_Processing</a>
 <LI><a href="#[1d1]">PKA_Start_Generate_DHKey</a>
 <LI><a href="#[1d3]">PM_Append_Fragment</a>
 <LI><a href="#[1d5]">PM_Clone_Pckt</a>
 <LI><a href="#[11a]">PM_Copy_Pckt_Data</a>
 <LI><a href="#[1d7]">PM_Eng_Config</a>
 <LI><a href="#[120]">PM_Extend_Pckt_Pdu_Size</a>
 <LI><a href="#[176]">PM_Get_Available_Fragments</a>
 <LI><a href="#[1d6]">PM_Get_Fragments_Count</a>
 <LI><a href="#[ff]">PM_Get_Pckt</a>
 <LI><a href="#[e3]">PM_Init</a>
 <LI><a href="#[121]">PM_Pckt_Cmp</a>
 <LI><a href="#[b9]">PM_Release_Pckt</a>
 <LI><a href="#[ca]">PM_Set_Att_Pdu_Length</a>
 <LI><a href="#[100]">PM_Set_ConnHandle</a>
 <LI><a href="#[cc]">PM_Write_Pckt_Data</a>
 <LI><a href="#[1d8]">PRIVWHIT_u8AddAddrInList</a>
 <LI><a href="#[1d9]">PRIVWHIT_u8RemoveAddrInList</a>
 <LI><a href="#[1a7]">PRIVWHIT_u8SearchAddrInList</a>
 <LI><a href="#[1da]">PRIVWHIT_vInit_Struct</a>
 <LI><a href="#[1ea]">PRIV_SearchAddrInWhiteList</a>
 <LI><a href="#[1db]">PRIV_u32ProcessAdvPacket</a>
 <LI><a href="#[10c]">PRIV_u8OfflineProcessing</a>
 <LI><a href="#[1dc]">PRIV_u8ResolvePrivateAddress</a>
 <LI><a href="#[1a8]">PRIV_vGeneratePrivateAddress</a>
 <LI><a href="#[1dd]">Prepare_Write_Resp</a>
 <LI><a href="#[16f]">Process_Peer_Client_Data</a>
 <LI><a href="#[16d]">Process_Peer_Server_Data</a>
 <LI><a href="#[f0]">RAL_Isr</a>
 <LI><a href="#[1e1]">Read_Blob_Resp</a>
 <LI><a href="#[1e3]">Read_By_Grp_Type_Resp</a>
 <LI><a href="#[1df]">Read_By_Type_Resp</a>
 <LI><a href="#[1e2]">Read_Multi_Resp</a>
 <LI><a href="#[125]">Read_RecordValidity</a>
 <LI><a href="#[1e0]">Read_Resp</a>
 <LI><a href="#[129]">Read_SDBRecord</a>
 <LI><a href="#[1ff]">Reclassify_All_Channels</a>
 <LI><a href="#[200]">SDB_Add_Record</a>
 <LI><a href="#[12d]">SDB_Delete</a>
 <LI><a href="#[203]">SDB_Find_Matching_LTK</a>
 <LI><a href="#[207]">SDB_Find_Record</a>
 <LI><a href="#[208]">SDB_Find_Record_By_ConnHandle</a>
 <LI><a href="#[205]">SDB_Get_Data_From_Record</a>
 <LI><a href="#[247]">SDB_Get_GattDb_End_Addr</a>
 <LI><a href="#[123]">SDB_Get_GattDb_Start_Addr</a>
 <LI><a href="#[148]">SDB_Get_Number_Of_Records</a>
 <LI><a href="#[202]">SDB_Get_SecurityDb_Start_Addr</a>
 <LI><a href="#[102]">SDB_Read_Peer_Bonded_Data</a>
 <LI><a href="#[206]">SMA_Diversify</a>
 <LI><a href="#[204]">SMA_GenEDIV_RecovDIV</a>
 <LI><a href="#[209]">SMA_Generate_CSRK</a>
 <LI><a href="#[20a]">SMA_Generate_IRK</a>
 <LI><a href="#[20b]">SMA_LP_s1_Generate_STK</a>
 <LI><a href="#[20c]">SMA_SC_Gen_f4_Confirm</a>
 <LI><a href="#[20e]">SMA_SC_Gen_f5_Keys</a>
 <LI><a href="#[20f]">SMA_SC_Gen_f6_Check_Val</a>
 <LI><a href="#[210]">SMA_SC_Gen_g2_NumComp_Val</a>
 <LI><a href="#[16b]">SMP_Check_Is_Device_Bonded</a>
 <LI><a href="#[190]">SMP_Force_SC_Debug_Key_Usage</a>
 <LI><a href="#[16a]">SMP_Forget_Device_by_ConnHandle</a>
 <LI><a href="#[e5]">SMP_Init</a>
 <LI><a href="#[213]">SMP_MI_PairingRequest_Send</a>
 <LI><a href="#[d8]">SMP_Process_Q</a>
 <LI><a href="#[220]">SMP_Repeated_Attacks_Timer_cb</a>
 <LI><a href="#[221]">SMP_Timer_cb</a>
 <LI><a href="#[108]">SM_Check_Encryption_KeySize</a>
 <LI><a href="#[14f]">SM_Generate_Resolvable_Private_Address</a>
 <LI><a href="#[107]">SM_Get_Link_Status</a>
 <LI><a href="#[fc]">SM_Get_Remote_Device_Info</a>
 <LI><a href="#[1a0]">SM_L2CAP_Encryption_changed_Handler_ISR</a>
 <LI><a href="#[19d]">SM_L2CAP_Handler</a>
 <LI><a href="#[199]">SM_L2CAP_Handler_ISR</a>
 <LI><a href="#[12a]">SM_Resolve_Private_Address</a>
 <LI><a href="#[229]">SM_Validate_Signed_Packet</a>
 <LI><a href="#[184]">STORE_LE_16</a>
 <LI><a href="#[126]">STORE_LE_32</a>
 <LI><a href="#[b0]">Search_Handle</a>
 <LI><a href="#[b8]">Search_In_Stat</a>
 <LI><a href="#[10a]">Search_Service_Handle</a>
 <LI><a href="#[23d]">Select_Next_Notification_Client</a>
 <LI><a href="#[117]">Send_Error_Resp</a>
 <LI><a href="#[17d]">Send_Notif_Or_Ind</a>
 <LI><a href="#[17c]">Start_Gatt_Timer</a>
 <LI><a href="#[17b]">Stop_Gatt_Timer</a>
 <LI><a href="#[1e6]">Timer_ExpiryCallback</a>
 <LI><a href="#[e1]">Timer_Init</a>
 <LI><a href="#[cf]">Timer_ProcessQ</a>
 <LI><a href="#[151]">Timer_StartOneShot</a>
 <LI><a href="#[245]">Timer_StartOneShot_sysTime32</a>
 <LI><a href="#[150]">Timer_StopOneShot</a>
 <LI><a href="#[18e]">Timer_sysTime32_convMachineTime</a>
 <LI><a href="#[fb]">ValidLinkPermRequest</a>
 <LI><a href="#[283]">WindowWiden1</a>
 <LI><a href="#[285]">WindowWiden2</a>
 <LI><a href="#[12c]">Write_Client_Data</a>
 <LI><a href="#[1e5]">Write_Cmd</a>
 <LI><a href="#[1e4]">Write_Resp</a>
 <LI><a href="#[dd]">_BlueNRG_Stack_Initialization</a>
 <LI><a href="#[161]">__ARM_common_switch8</a>
 <LI><a href="#[157]">_gap_set_discoverable_connectable</a>
 <LI><a href="#[251]">aci_att_exchange_mtu_resp_event</a>
 <LI><a href="#[4a]">aci_att_exchange_mtu_resp_event_cb</a>
 <LI><a href="#[252]">aci_att_exec_write_resp_event</a>
 <LI><a href="#[54]">aci_att_exec_write_resp_event_cb</a>
 <LI><a href="#[253]">aci_att_find_by_type_value_resp_event</a>
 <LI><a href="#[4c]">aci_att_find_by_type_value_resp_event_cb</a>
 <LI><a href="#[254]">aci_att_find_info_resp_event</a>
 <LI><a href="#[4b]">aci_att_find_info_resp_event_cb</a>
 <LI><a href="#[255]">aci_att_prepare_write_resp_event</a>
 <LI><a href="#[53]">aci_att_prepare_write_resp_event_cb</a>
 <LI><a href="#[256]">aci_att_read_blob_resp_event</a>
 <LI><a href="#[4f]">aci_att_read_blob_resp_event_cb</a>
 <LI><a href="#[257]">aci_att_read_by_group_type_resp_event</a>
 <LI><a href="#[51]">aci_att_read_by_group_type_resp_event_cb</a>
 <LI><a href="#[258]">aci_att_read_by_type_resp_event</a>
 <LI><a href="#[4d]">aci_att_read_by_type_resp_event_cb</a>
 <LI><a href="#[259]">aci_att_read_multiple_resp_event</a>
 <LI><a href="#[50]">aci_att_read_multiple_resp_event_cb</a>
 <LI><a href="#[25a]">aci_att_read_resp_event</a>
 <LI><a href="#[4e]">aci_att_read_resp_event_cb</a>
 <LI><a href="#[25b]">aci_att_write_resp_event</a>
 <LI><a href="#[52]">aci_att_write_resp_event_cb</a>
 <LI><a href="#[be]">aci_event_fifo_push</a>
 <LI><a href="#[bd]">aci_event_fifo_push_header</a>
 <LI><a href="#[25d]">aci_gap_addr_not_resolved_event</a>
 <LI><a href="#[41]">aci_gap_addr_not_resolved_event_cb</a>
 <LI><a href="#[25e]">aci_gap_authorization_req_event</a>
 <LI><a href="#[3c]">aci_gap_authorization_req_event_cb</a>
 <LI><a href="#[260]">aci_gap_bond_lost_event</a>
 <LI><a href="#[3e]">aci_gap_bond_lost_event_cb</a>
 <LI><a href="#[a8]">aci_gap_delete_ad_type</a>
 <LI><a href="#[261]">aci_gap_device_found_event</a>
 <LI><a href="#[3f]">aci_gap_device_found_event_cb</a>
 <LI><a href="#[f8]">aci_gap_init</a>
 <LI><a href="#[262]">aci_gap_keypress_notification_event</a>
 <LI><a href="#[43]">aci_gap_keypress_notification_event_cb</a>
 <LI><a href="#[263]">aci_gap_limited_discoverable_event</a>
 <LI><a href="#[39]">aci_gap_limited_discoverable_event_cb</a>
 <LI><a href="#[264]">aci_gap_numeric_comparison_value_event</a>
 <LI><a href="#[42]">aci_gap_numeric_comparison_value_event_cb</a>
 <LI><a href="#[266]">aci_gap_pairing_complete_event</a>
 <LI><a href="#[3a]">aci_gap_pairing_complete_event_cb</a>
 <LI><a href="#[267]">aci_gap_pass_key_req_event</a>
 <LI><a href="#[3b]">aci_gap_pass_key_req_event_cb</a>
 <LI><a href="#[268]">aci_gap_proc_complete_event</a>
 <LI><a href="#[40]">aci_gap_proc_complete_event_cb</a>
 <LI><a href="#[1c7]">aci_gap_set_discoverable</a>
 <LI><a href="#[26a]">aci_gap_slave_security_initiated_event</a>
 <LI><a href="#[3d]">aci_gap_slave_security_initiated_event_cb</a>
 <LI><a href="#[c6]">aci_gatt_add_char</a>
 <LI><a href="#[c5]">aci_gatt_add_service</a>
 <LI><a href="#[48]">aci_gatt_attribute_modified_event_cb</a>
 <LI><a href="#[26c]">aci_gatt_disc_read_char_by_uuid_resp_event</a>
 <LI><a href="#[59]">aci_gatt_disc_read_char_by_uuid_resp_event_cb</a>
 <LI><a href="#[26d]">aci_gatt_error_resp_event</a>
 <LI><a href="#[58]">aci_gatt_error_resp_event_cb</a>
 <LI><a href="#[26e]">aci_gatt_indication_event</a>
 <LI><a href="#[55]">aci_gatt_indication_event_cb</a>
 <LI><a href="#[f7]">aci_gatt_init</a>
 <LI><a href="#[26f]">aci_gatt_notification_event</a>
 <LI><a href="#[56]">aci_gatt_notification_event_cb</a>
 <LI><a href="#[270]">aci_gatt_prepare_write_permit_req_event</a>
 <LI><a href="#[5b]">aci_gatt_prepare_write_permit_req_event_cb</a>
 <LI><a href="#[271]">aci_gatt_proc_complete_event</a>
 <LI><a href="#[57]">aci_gatt_proc_complete_event_cb</a>
 <LI><a href="#[272]">aci_gatt_proc_timeout_event</a>
 <LI><a href="#[49]">aci_gatt_proc_timeout_event_cb</a>
 <LI><a href="#[273]">aci_gatt_read_multi_permit_req_event</a>
 <LI><a href="#[5d]">aci_gatt_read_multi_permit_req_event_cb</a>
 <LI><a href="#[5c]">aci_gatt_read_permit_req_event_cb</a>
 <LI><a href="#[275]">aci_gatt_server_confirmation_event</a>
 <LI><a href="#[5f]">aci_gatt_server_confirmation_event_cb</a>
 <LI><a href="#[5e]">aci_gatt_tx_pool_available_event_cb</a>
 <LI><a href="#[f9]">aci_gatt_update_char_value</a>
 <LI><a href="#[277]">aci_gatt_write_permit_req_event</a>
 <LI><a href="#[5a]">aci_gatt_write_permit_req_event_cb</a>
 <LI><a href="#[278]">aci_hal_scan_req_report_event</a>
 <LI><a href="#[36]">aci_hal_scan_req_report_event_cb</a>
 <LI><a href="#[f6]">aci_hal_set_tx_power_level</a>
 <LI><a href="#[f5]">aci_hal_write_config_data</a>
 <LI><a href="#[279]">aci_l2cap_command_reject_event</a>
 <LI><a href="#[47]">aci_l2cap_command_reject_event_cb</a>
 <LI><a href="#[27a]">aci_l2cap_connection_update_req_event</a>
 <LI><a href="#[46]">aci_l2cap_connection_update_req_event_cb</a>
 <LI><a href="#[27b]">aci_l2cap_connection_update_resp_event</a>
 <LI><a href="#[44]">aci_l2cap_connection_update_resp_event_cb</a>
 <LI><a href="#[27c]">aci_l2cap_proc_timeout_event</a>
 <LI><a href="#[45]">aci_l2cap_proc_timeout_event_cb</a>
 <LI><a href="#[1de]">acl_list_full_on_packt</a>
 <LI><a href="#[119]">acl_list_get_pckt_count</a>
 <LI><a href="#[179]">acl_list_init</a>
 <LI><a href="#[21f]">acl_list_insert_head</a>
 <LI><a href="#[172]">acl_list_insert_tail</a>
 <LI><a href="#[16e]">acl_list_is_empty</a>
 <LI><a href="#[11b]">acl_list_remove</a>
 <LI><a href="#[170]">acl_list_remove_head</a>
 <LI><a href="#[24e]">advParamsCheckAndSet</a>
 <LI><a href="#[1f2]">advance_slave_timing_MultiSlave</a>
 <LI><a href="#[2af]">advance_transmit</a>
 <LI><a href="#[1b3]">advance_wakeup_timer</a>
 <LI><a href="#[1f7]">anchor_replace</a>
 <LI><a href="#[1b1]">cancel_current_master</a>
 <LI><a href="#[28a]">cancel_master</a>
 <LI><a href="#[28b]">cancel_slave</a>
 <LI><a href="#[f3]">char_copy</a>
 <LI><a href="#[1b9]">convert_power</a>
 <LI><a href="#[20d]">copy_swap_buffer</a>
 <LI><a href="#[1b7]">encrypt</a>
 <LI><a href="#[24d]">gapClearAllModeFlags</a>
 <LI><a href="#[1e9]">get_adv_addr</a>
 <LI><a href="#[153]">get_advertiser</a>
 <LI><a href="#[1ac]">get_connection_no</a>
 <LI><a href="#[1ae]">get_next_free_slot</a>
 <LI><a href="#[1e8]">get_scan_addr</a>
 <LI><a href="#[154]">get_scan_connection</a>
 <LI><a href="#[1eb]">go_to_connect</a>
 <LI><a href="#[1f4]">go_to_connect_master</a>
 <LI><a href="#[df]">hal_get_hw_version</a>
 <LI><a href="#[113]">hal_radio_activity_state_callback_check</a>
 <LI><a href="#[114]">hal_radio_activity_state_init</a>
 <LI><a href="#[28d]">hal_read_radio_activity_state</a>
 <LI><a href="#[d0]">hci_acl_Process_Q</a>
 <LI><a href="#[61]">hci_acl_data_ind_event_int_cb</a>
 <LI><a href="#[60]">hci_acl_data_tx_cmpl_event_int_cb</a>
 <LI><a href="#[32]">hci_data_buffer_overflow_event_cb</a>
 <LI><a href="#[a9]">hci_disconnect</a>
 <LI><a href="#[28]">hci_disconnection_complete_event_cb</a>
 <LI><a href="#[62]">hci_disconnection_complete_event_int_cb</a>
 <LI><a href="#[292]">hci_encryption_change_event</a>
 <LI><a href="#[29]">hci_encryption_change_event_cb</a>
 <LI><a href="#[63]">hci_encryption_change_event_int_cb</a>
 <LI><a href="#[294]">hci_encryption_key_refresh_complete_event</a>
 <LI><a href="#[2a]">hci_encryption_key_refresh_complete_event_cb</a>
 <LI><a href="#[64]">hci_encryption_key_refresh_complete_event_int_cb</a>
 <LI><a href="#[112]">hci_hardware_error_event</a>
 <LI><a href="#[296]">hci_le_advertising_report_event</a>
 <LI><a href="#[2d]">hci_le_advertising_report_event_cb</a>
 <LI><a href="#[67]">hci_le_advertising_report_event_int_cb</a>
 <LI><a href="#[2b]">hci_le_connection_complete_event_cb</a>
 <LI><a href="#[65]">hci_le_connection_complete_event_int_cb</a>
 <LI><a href="#[29a]">hci_le_connection_update_complete_event</a>
 <LI><a href="#[34]">hci_le_connection_update_complete_event_cb</a>
 <LI><a href="#[29c]">hci_le_direct_advertising_report_event</a>
 <LI><a href="#[31]">hci_le_direct_advertising_report_event_cb</a>
 <LI><a href="#[6b]">hci_le_direct_advertising_report_event_int_cb</a>
 <LI><a href="#[29e]">hci_le_enhanced_connection_complete_event</a>
 <LI><a href="#[30]">hci_le_enhanced_connection_complete_event_cb</a>
 <LI><a href="#[6a]">hci_le_enhanced_connection_complete_event_int_cb</a>
 <LI><a href="#[2a0]">hci_le_generate_dhkey</a>
 <LI><a href="#[2a1]">hci_le_generate_dhkey_complete_event</a>
 <LI><a href="#[2f]">hci_le_generate_dhkey_complete_event_cb</a>
 <LI><a href="#[69]">hci_le_generate_dhkey_complete_event_int_cb</a>
 <LI><a href="#[2a3]">hci_le_long_term_key_request_event</a>
 <LI><a href="#[2c]">hci_le_long_term_key_request_event_cb</a>
 <LI><a href="#[66]">hci_le_long_term_key_request_event_int_cb</a>
 <LI><a href="#[219]">hci_le_read_local_p256_public_key</a>
 <LI><a href="#[2a4]">hci_le_read_local_p256_public_key_complete_event</a>
 <LI><a href="#[2e]">hci_le_read_local_p256_public_key_complete_event_cb</a>
 <LI><a href="#[68]">hci_le_read_local_p256_public_key_complete_event_int_cb</a>
 <LI><a href="#[2a6]">hci_le_read_remote_used_features_complete_event</a>
 <LI><a href="#[35]">hci_le_read_remote_used_features_complete_event_cb</a>
 <LI><a href="#[13b]">hci_le_set_event_mask</a>
 <LI><a href="#[1c6]">hci_le_set_scan_response_data</a>
 <LI><a href="#[2a8]">hci_number_of_completed_packets_event</a>
 <LI><a href="#[37]">hci_number_of_completed_packets_event_cb</a>
 <LI><a href="#[2a9]">hci_read_remote_version_information_complete_event</a>
 <LI><a href="#[33]">hci_read_remote_version_information_complete_event_cb</a>
 <LI><a href="#[ac]">hci_read_transmit_power_level</a>
 <LI><a href="#[28f]">hci_rx_acl_data</a>
 <LI><a href="#[2aa]">hci_rx_acl_data_event</a>
 <LI><a href="#[38]">hci_rx_acl_data_event_cb</a>
 <LI><a href="#[290]">hci_tx_acl_data_done</a>
 <LI><a href="#[192]">is_Buffer_All_Set_To</a>
 <LI><a href="#[1ad]">is_slave</a>
 <LI><a href="#[1f9]">isr_event_handler_patched</a>
 <LI><a href="#[1fa]">isr_postproc</a>
 <LI><a href="#[1ef]">isr_postproc1</a>
 <LI><a href="#[1f6]">isr_postproc_encrypt_data</a>
 <LI><a href="#[d4]">machine_time_trans</a>
 <LI><a href="#[ed]">mem_alloc_ctx_init</a>
 <LI><a href="#[287]">microseconds_to_machine_time</a>
 <LI><a href="#[1f1]">modulo_37</a>
 <LI><a href="#[1be]">nsar_init</a>
 <LI><a href="#[d5]">patch_advance_transmit</a>
 <LI><a href="#[1f8]">read_rssi</a>
 <LI><a href="#[1b4]">request_scan_slot</a>
 <LI><a href="#[1b0]">schedule_advertise_slot</a>
 <LI><a href="#[24f]">setGapAdvData</a>
 <LI><a href="#[ef]">set_freq</a>
 <LI><a href="#[282]">set_sca</a>
 <LI><a href="#[1f3]">set_string</a>
 <LI><a href="#[c2]">slave_advance</a>
 <LI><a href="#[214]">sm_Search_BlackList</a>
 <LI><a href="#[2b2]">smp_Add_To_Database</a>
 <LI><a href="#[2b3]">smp_Determine_Key_Association_Method</a>
 <LI><a href="#[228]">smp_Find_Remote_Device_Index</a>
 <LI><a href="#[2c0]">smp_Get_Local_Identity_Address</a>
 <LI><a href="#[2bd]">smp_Keys_Distribution_Start</a>
 <LI><a href="#[216]">smp_OOB_Check_Is_Remote_Data_Present</a>
 <LI><a href="#[2c2]">smp_OOB_Clear_Remote_Data_Entry_by_Index</a>
 <LI><a href="#[2c3]">smp_OOB_Get_Remote_Data_Reference</a>
 <LI><a href="#[2bf]">smp_Pairing_Completed</a>
 <LI><a href="#[2c9]">smp_Receive_Keys</a>
 <LI><a href="#[218]">smp_Send_Data</a>
 <LI><a href="#[2bc]">smp____PairingFailed_Send</a>
 <LI><a href="#[2d2]">smp____Pairing_2Octets_Packet_Send</a>
 <LI><a href="#[2d0]">smp____SC_Continue_If_Exclusive_SC_Pairing</a>
 <LI><a href="#[2c7]">smp____SC_PairingPublicKey_Receive</a>
 <LI><a href="#[2b7]">smp____SC_PairingPublicKey_Send</a>
 <LI><a href="#[2b9]">smp____SC_Pairing_OOB_Confirm_Receive_and_Verify</a>
 <LI><a href="#[2cc]">smp____SC_Phase_2AS2_DHKeyCheck_Receive</a>
 <LI><a href="#[2d6]">smp____SC_Phase_2AS2_DHKeyCheck_Send</a>
 <LI><a href="#[2bb]">smp____SC_Phase_2AS2_Start</a>
 <LI><a href="#[2d3]">smp____SC_Verify_Peer_PK_and_Generate_DHKey</a>
 <LI><a href="#[2a2]">smp____SC_hci_le_generate_dhkey_complete_evt_hndl</a>
 <LI><a href="#[2a5]">smp____SC_hci_le_read_local_p256_public_key_complete_evt_hndl</a>
 <LI><a href="#[212]">smp____SC_initialize</a>
 <LI><a href="#[2d4]">smp____SC_is_Debug_Key_Usage_Forced</a>
 <LI><a href="#[211]">smp____SC_is_any_other_SC_Pairing_Ongoing</a>
 <LI><a href="#[2b6]">smp____SC_submit_ECC_PK_generation_request</a>
 <LI><a href="#[1b5]">start_timebase</a>
 <LI><a href="#[17f]">store_data</a>
 <LI><a href="#[1f5]">system_time_trans</a>
 <LI><a href="#[243]">system_time_trans_ext</a>
 <LI><a href="#[284]">time_offset1</a>
 <LI><a href="#[286]">time_offset2</a>
 <LI><a href="#[28c]">timebase_start_connect</a>
 <LI><a href="#[1ed]">unpack_channel_map</a>
 <LI><a href="#[1ec]">unpack_update_request</a>
 <LI><a href="#[269]">_aci_gap_set_discoverable_param_check</a>
 <LI><a href="#[250]">_load_uuid</a>
 <LI><a href="#[d3]">BlueNRG_Stack_Perform_Crystal_Check</a>
 <LI><a href="#[1d0]">hci_le_generate_dhkey_complete_event_push</a>
 <LI><a href="#[1cf]">hci_le_read_local_p256_public_key_complete_event_push</a>
 <LI><a href="#[25c]">fifoBuf_getFreeHeader</a>
 <LI><a href="#[115]">fifoCtrl_init</a>
 <LI><a href="#[149]">_GAP_Parse_Advertising_Report</a>
 <LI><a href="#[145]">aci_gap_limited_discoverable_event_push</a>
 <LI><a href="#[130]">aci_gap_proc_complete_event_push</a>
 <LI><a href="#[183]">aci_att_read_blob_resp_event_push</a>
 <LI><a href="#[182]">aci_att_read_multiple_resp_event_push</a>
 <LI><a href="#[181]">aci_att_read_resp_event_push</a>
 <LI><a href="#[186]">aci_gatt_disc_read_char_by_uuid_resp_event_push</a>
 <LI><a href="#[167]">aci_gatt_error_resp_event_push</a>
 <LI><a href="#[187]">aci_gatt_proc_complete_event_push</a>
 <LI><a href="#[159]">GATT_Server_Set_Flag</a>
 <LI><a href="#[175]">Gatt_Store_Server_Database_And_Reset_CCCD</a>
 <LI><a href="#[241]">TimerCallback</a>
 <LI><a href="#[195]">Find_L2cap_conn_index</a>
 <LI><a href="#[1a2]">aci_l2cap_connection_update_req_event_push</a>
 <LI><a href="#[293]">hci_encryption_change_event_push</a>
 <LI><a href="#[295]">hci_encryption_key_refresh_complete_event_push</a>
 <LI><a href="#[297]">hci_le_advertising_report_event_push</a>
 <LI><a href="#[299]">hci_le_connection_complete_event_push</a>
 <LI><a href="#[29b]">hci_le_connection_update_complete_event_push</a>
 <LI><a href="#[29d]">hci_le_direct_advertising_report_event_push</a>
 <LI><a href="#[29f]">hci_le_enhanced_connection_complete_event_push</a>
 <LI><a href="#[10f]">Mem_assign</a>
 <LI><a href="#[27e]">adapt_slot</a>
 <LI><a href="#[280]">nsar_insertSlotListEntry</a>
 <LI><a href="#[281]">nsar_searchBestFreeSlot</a>
 <LI><a href="#[2ae]">nsar_updateBestFreeSlot</a>
 <LI><a href="#[27f]">nsar_updateSlotListEntry</a>
 <LI><a href="#[288]">swap_char</a>
 <LI><a href="#[289]">swap_short_int</a>
 <LI><a href="#[b5]">Acl_Copy_Data</a>
 <LI><a href="#[110]">Erase_Sector</a>
 <LI><a href="#[201]">Write_SDBRecord</a>
 <LI><a href="#[265]">aci_gap_numeric_comparison_value_event_push</a>
 <LI><a href="#[21a]">sm_Get_Long_Term_Key</a>
 <LI><a href="#[2b1]">sm_RepeatedAttacks_Protection</a>
 <LI><a href="#[215]">smp_Build_AuthReq_Field</a>
 <LI><a href="#[217]">smp_Build_Pairing_ReqResp_Packet</a>
 <LI><a href="#[2cf]">smp_Check_Incoming_Pairing_Parameters</a>
 <LI><a href="#[21b]">smp_Execute_Actions_wrt_Current_State</a>
 <LI><a href="#[2d1]">smp_Get_Pairing_Parameters_From_Peer_Packet</a>
 <LI><a href="#[2be]">smp_Keys_Distribution_Send</a>
 <LI><a href="#[2c1]">smp_LP_MI_Compute_c1_Confirm_Value</a>
 <LI><a href="#[21e]">smp_Process_Rx_Packet_Exception_Cases</a>
 <LI><a href="#[21c]">smp_Process_Rx_Packet_wrt_Current_State</a>
 <LI><a href="#[2c4]">smp_Reset_Timer</a>
 <LI><a href="#[2cd]">smp_SR_Compute_c1_Confirm_Value</a>
 <LI><a href="#[2ce]">smp_Set_Key_Association_Method</a>
 <LI><a href="#[2b4]">smp____MI_PairingConfirm_Receive</a>
 <LI><a href="#[2b8]">smp____MI_PairingConfirm_Send</a>
 <LI><a href="#[2cb]">smp____MI_PairingRandom_Receive</a>
 <LI><a href="#[2ca]">smp____MI_PairingResponse_Receive</a>
 <LI><a href="#[2c6]">smp____MI_SecurityRequest_Receive</a>
 <LI><a href="#[21d]">smp____Pairing_Process_Abort</a>
 <LI><a href="#[2ba]">smp____SR_PairingConfirm_Receive</a>
 <LI><a href="#[2c8]">smp____SR_PairingRandom_Receive</a>
 <LI><a href="#[2c5]">smp____SR_PairingRequest_Receive</a>
 <LI><a href="#[225]">SM_Connection_Complete_Handler</a>
 <LI><a href="#[25f]">aci_gap_authorization_req_event_push</a>
 <LI><a href="#[222]">aci_gap_pairing_complete_event_push</a>
 <LI><a href="#[227]">smp_Keys_Distribution_Complete</a>
 <LI><a href="#[11c]">aci_gatt_attribute_modified_event_push</a>
 <LI><a href="#[1fe]">aci_gatt_read_multi_permit_req_event_push</a>
 <LI><a href="#[1fc]">aci_gatt_read_permit_req_event_push</a>
 <LI><a href="#[248]">aci_gatt_write_permit_req_event_push</a>
 <LI><a href="#[2d5]">smp____SC_Phase_2AS2_Generate_DHKeyCheck</a>
 <LI><a href="#[2d7]">smp____SC_Phase_2AS2__Set_Addresses</a>
 <LI><a href="#[2b0]">LeftShift</a>
 <LI><a href="#[223]">SM_CMAC_Generate_Tag</a>
 <LI><a href="#[226]">sm_Calculate_Hash</a>
 <LI><a href="#[224]">sm_Generate_SubKeys</a>
 <LI><a href="#[a5]">AES_general_enc</a>
 <LI><a href="#[a7]">AES_keyschedule_enc_LL</a>
 <LI><a href="#[a6]">AESstdInit</a>
</UL>
</UL>
<P>
<H3>
Mutually Recursive functions
</H3> <LI><a href="#[10]">HardFault_Handler</a>&nbsp;&nbsp;&nbsp;&rArr;&nbsp;&nbsp;&nbsp;<a href="#[10]">HardFault_Handler</a><BR>
</UL>
<P>
<H3>
Function Pointers
</H3><UL>
 <LI><a href="#[1a]">ADC_Handler</a> from system_bluenrg1.o(i.ADC_Handler) referenced from system_bluenrg1.o(.intvec)
 <LI><a href="#[c]">AT_Delet_ADV</a> from atprocess.o(i.AT_Delet_ADV) referenced 2 times from atprocess.o(.data)
 <LI><a href="#[9]">AT_Disconnect</a> from atprocess.o(i.AT_Disconnect) referenced 2 times from atprocess.o(.data)
 <LI><a href="#[b]">AT_Name</a> from atprocess.o(i.AT_Name) referenced 2 times from atprocess.o(.data)
 <LI><a href="#[d]">AT_StartAdv</a> from atprocess.o(i.AT_StartAdv) referenced 2 times from atprocess.o(.data)
 <LI><a href="#[a]">AT_transmit_power_level</a> from atprocess.o(i.AT_transmit_power_level) referenced 2 times from atprocess.o(.data)
 <LI><a href="#[8]">At_Mac</a> from atprocess.o(i.At_Mac) referenced 2 times from atprocess.o(.data)
 <LI><a href="#[7]">At_Version</a> from atprocess.o(i.At_Version) referenced 2 times from atprocess.o(.data)
 <LI><a href="#[5]">At_help</a> from atprocess.o(i.At_help) referenced 2 times from atprocess.o(.data)
 <LI><a href="#[6]">At_reset</a> from atprocess.o(i.At_reset) referenced 2 times from atprocess.o(.data)
 <LI><a href="#[18]">Blue_Handler</a> from bluenrg1_it.o(i.Blue_Handler) referenced from system_bluenrg1.o(.intvec)
 <LI><a href="#[23]">DMA_Handler</a> from system_bluenrg1.o(i.DMA_Handler) referenced from system_bluenrg1.o(.intvec)
 <LI><a href="#[14]">GPIO_Handler</a> from bluenrg1_it.o(i.GPIO_Handler) referenced from system_bluenrg1.o(.intvec)
 <LI><a href="#[26]">Gatt_Read_Charac_By_Uuid_Cb</a> from gatt_client.o(i.Gatt_Read_Charac_By_Uuid_Cb) referenced from gatt_client.o(i.Gatt_Read_Charac_By_Uuid)
 <LI><a href="#[10]">HardFault_Handler</a> from bluenrg1_it.o(i.HardFault_Handler) referenced from system_bluenrg1.o(.intvec)
 <LI><a href="#[1c]">I2C1_Handler</a> from system_bluenrg1.o(i.I2C1_Handler) referenced from system_bluenrg1.o(.intvec)
 <LI><a href="#[1b]">I2C2_Handler</a> from system_bluenrg1.o(i.I2C2_Handler) referenced from system_bluenrg1.o(.intvec)
 <LI><a href="#[1d]">MFT1A_Handler</a> from system_bluenrg1.o(i.MFT1A_Handler) referenced from system_bluenrg1.o(.intvec)
 <LI><a href="#[1e]">MFT1B_Handler</a> from system_bluenrg1.o(i.MFT1B_Handler) referenced from system_bluenrg1.o(.intvec)
 <LI><a href="#[1f]">MFT2A_Handler</a> from system_bluenrg1.o(i.MFT2A_Handler) referenced from system_bluenrg1.o(.intvec)
 <LI><a href="#[20]">MFT2B_Handler</a> from system_bluenrg1.o(i.MFT2B_Handler) referenced from system_bluenrg1.o(.intvec)
 <LI><a href="#[f]">NMI_Handler</a> from bluenrg1_it.o(i.NMI_Handler) referenced from system_bluenrg1.o(.intvec)
 <LI><a href="#[15]">NVM_Handler</a> from system_bluenrg1.o(i.NVM_Handler) referenced from system_bluenrg1.o(.intvec)
 <LI><a href="#[22]">PKA_Handler</a> from system_bluenrg1.o(i.PKA_Handler) referenced from system_bluenrg1.o(.intvec)
 <LI><a href="#[12]">PendSV_Handler</a> from system_bluenrg1.o(i.PendSV_Handler) referenced from system_bluenrg1.o(.intvec)
 <LI><a href="#[27]">Process_InputData</a> from chat.o(i.Process_InputData) referenced from ble_chat_main.o(i.main)
 <LI><a href="#[e]">RESET_HANDLER</a> from system_bluenrg1.o(i.RESET_HANDLER) referenced from system_bluenrg1.o(.intvec)
 <LI><a href="#[21]">RTC_Handler</a> from system_bluenrg1.o(i.RTC_Handler) referenced from system_bluenrg1.o(.intvec)
 <LI><a href="#[17]">SPI_Handler</a> from system_bluenrg1.o(i.SPI_Handler) referenced from system_bluenrg1.o(.intvec)
 <LI><a href="#[11]">SVC_Handler</a> from bluenrg1_it.o(i.SVC_Handler) referenced from system_bluenrg1.o(.intvec)
 <LI><a href="#[13]">SysTick_Handler</a> from bluenrg1_it.o(i.SysTick_Handler) referenced from system_bluenrg1.o(.intvec)
 <LI><a href="#[16]">UART_Handler</a> from bluenrg1_it.o(i.UART_Handler) referenced from system_bluenrg1.o(.intvec)
 <LI><a href="#[19]">WDG_Handler</a> from system_bluenrg1.o(i.WDG_Handler) referenced from system_bluenrg1.o(.intvec)
 <LI><a href="#[25]">_printf_input_char</a> from _printf_char_common.o(.text) referenced from _printf_char_common.o(.text)
 <LI><a href="#[4a]">aci_att_exchange_mtu_resp_event_cb</a> from aci_events.o(i.aci_att_exchange_mtu_resp_event_cb) referenced from aci_events.o(.constdata)
 <LI><a href="#[54]">aci_att_exec_write_resp_event_cb</a> from aci_events.o(i.aci_att_exec_write_resp_event_cb) referenced from aci_events.o(.constdata)
 <LI><a href="#[4c]">aci_att_find_by_type_value_resp_event_cb</a> from aci_events.o(i.aci_att_find_by_type_value_resp_event_cb) referenced from aci_events.o(.constdata)
 <LI><a href="#[4b]">aci_att_find_info_resp_event_cb</a> from aci_events.o(i.aci_att_find_info_resp_event_cb) referenced from aci_events.o(.constdata)
 <LI><a href="#[53]">aci_att_prepare_write_resp_event_cb</a> from aci_events.o(i.aci_att_prepare_write_resp_event_cb) referenced from aci_events.o(.constdata)
 <LI><a href="#[4f]">aci_att_read_blob_resp_event_cb</a> from aci_events.o(i.aci_att_read_blob_resp_event_cb) referenced from aci_events.o(.constdata)
 <LI><a href="#[51]">aci_att_read_by_group_type_resp_event_cb</a> from aci_events.o(i.aci_att_read_by_group_type_resp_event_cb) referenced from aci_events.o(.constdata)
 <LI><a href="#[4d]">aci_att_read_by_type_resp_event_cb</a> from aci_events.o(i.aci_att_read_by_type_resp_event_cb) referenced from aci_events.o(.constdata)
 <LI><a href="#[50]">aci_att_read_multiple_resp_event_cb</a> from aci_events.o(i.aci_att_read_multiple_resp_event_cb) referenced from aci_events.o(.constdata)
 <LI><a href="#[4e]">aci_att_read_resp_event_cb</a> from aci_events.o(i.aci_att_read_resp_event_cb) referenced from aci_events.o(.constdata)
 <LI><a href="#[52]">aci_att_write_resp_event_cb</a> from aci_events.o(i.aci_att_write_resp_event_cb) referenced from aci_events.o(.constdata)
 <LI><a href="#[41]">aci_gap_addr_not_resolved_event_cb</a> from aci_events.o(i.aci_gap_addr_not_resolved_event_cb) referenced from aci_events.o(.constdata)
 <LI><a href="#[3c]">aci_gap_authorization_req_event_cb</a> from aci_events.o(i.aci_gap_authorization_req_event_cb) referenced from aci_events.o(.constdata)
 <LI><a href="#[3e]">aci_gap_bond_lost_event_cb</a> from aci_events.o(i.aci_gap_bond_lost_event_cb) referenced from aci_events.o(.constdata)
 <LI><a href="#[3f]">aci_gap_device_found_event_cb</a> from aci_events.o(i.aci_gap_device_found_event_cb) referenced from aci_events.o(.constdata)
 <LI><a href="#[43]">aci_gap_keypress_notification_event_cb</a> from aci_events.o(i.aci_gap_keypress_notification_event_cb) referenced from aci_events.o(.constdata)
 <LI><a href="#[39]">aci_gap_limited_discoverable_event_cb</a> from aci_events.o(i.aci_gap_limited_discoverable_event_cb) referenced from aci_events.o(.constdata)
 <LI><a href="#[42]">aci_gap_numeric_comparison_value_event_cb</a> from aci_events.o(i.aci_gap_numeric_comparison_value_event_cb) referenced from aci_events.o(.constdata)
 <LI><a href="#[3a]">aci_gap_pairing_complete_event_cb</a> from aci_events.o(i.aci_gap_pairing_complete_event_cb) referenced from aci_events.o(.constdata)
 <LI><a href="#[3b]">aci_gap_pass_key_req_event_cb</a> from aci_events.o(i.aci_gap_pass_key_req_event_cb) referenced from aci_events.o(.constdata)
 <LI><a href="#[40]">aci_gap_proc_complete_event_cb</a> from aci_events.o(i.aci_gap_proc_complete_event_cb) referenced from aci_events.o(.constdata)
 <LI><a href="#[3d]">aci_gap_slave_security_initiated_event_cb</a> from aci_events.o(i.aci_gap_slave_security_initiated_event_cb) referenced from aci_events.o(.constdata)
 <LI><a href="#[48]">aci_gatt_attribute_modified_event_cb</a> from aci_events.o(i.aci_gatt_attribute_modified_event_cb) referenced from aci_events.o(.constdata)
 <LI><a href="#[59]">aci_gatt_disc_read_char_by_uuid_resp_event_cb</a> from aci_events.o(i.aci_gatt_disc_read_char_by_uuid_resp_event_cb) referenced from aci_events.o(.constdata)
 <LI><a href="#[58]">aci_gatt_error_resp_event_cb</a> from aci_events.o(i.aci_gatt_error_resp_event_cb) referenced from aci_events.o(.constdata)
 <LI><a href="#[55]">aci_gatt_indication_event_cb</a> from aci_events.o(i.aci_gatt_indication_event_cb) referenced from aci_events.o(.constdata)
 <LI><a href="#[56]">aci_gatt_notification_event_cb</a> from aci_events.o(i.aci_gatt_notification_event_cb) referenced from aci_events.o(.constdata)
 <LI><a href="#[5b]">aci_gatt_prepare_write_permit_req_event_cb</a> from aci_events.o(i.aci_gatt_prepare_write_permit_req_event_cb) referenced from aci_events.o(.constdata)
 <LI><a href="#[57]">aci_gatt_proc_complete_event_cb</a> from aci_events.o(i.aci_gatt_proc_complete_event_cb) referenced from aci_events.o(.constdata)
 <LI><a href="#[49]">aci_gatt_proc_timeout_event_cb</a> from aci_events.o(i.aci_gatt_proc_timeout_event_cb) referenced from aci_events.o(.constdata)
 <LI><a href="#[5d]">aci_gatt_read_multi_permit_req_event_cb</a> from aci_events.o(i.aci_gatt_read_multi_permit_req_event_cb) referenced from aci_events.o(.constdata)
 <LI><a href="#[5c]">aci_gatt_read_permit_req_event_cb</a> from aci_events.o(i.aci_gatt_read_permit_req_event_cb) referenced from aci_events.o(.constdata)
 <LI><a href="#[5f]">aci_gatt_server_confirmation_event_cb</a> from aci_events.o(i.aci_gatt_server_confirmation_event_cb) referenced from aci_events.o(.constdata)
 <LI><a href="#[5e]">aci_gatt_tx_pool_available_event_cb</a> from aci_events.o(i.aci_gatt_tx_pool_available_event_cb) referenced from aci_events.o(.constdata)
 <LI><a href="#[5a]">aci_gatt_write_permit_req_event_cb</a> from aci_events.o(i.aci_gatt_write_permit_req_event_cb) referenced from aci_events.o(.constdata)
 <LI><a href="#[36]">aci_hal_scan_req_report_event_cb</a> from aci_events.o(i.aci_hal_scan_req_report_event_cb) referenced from aci_events.o(.constdata)
 <LI><a href="#[47]">aci_l2cap_command_reject_event_cb</a> from aci_events.o(i.aci_l2cap_command_reject_event_cb) referenced from aci_events.o(.constdata)
 <LI><a href="#[46]">aci_l2cap_connection_update_req_event_cb</a> from aci_events.o(i.aci_l2cap_connection_update_req_event_cb) referenced from aci_events.o(.constdata)
 <LI><a href="#[44]">aci_l2cap_connection_update_resp_event_cb</a> from aci_events.o(i.aci_l2cap_connection_update_resp_event_cb) referenced from aci_events.o(.constdata)
 <LI><a href="#[45]">aci_l2cap_proc_timeout_event_cb</a> from aci_events.o(i.aci_l2cap_proc_timeout_event_cb) referenced from aci_events.o(.constdata)
 <LI><a href="#[24]">fputc</a> from sdk_eval_com.o(i.fputc) referenced from _printf_char_file.o(.text)
 <LI><a href="#[61]">hci_acl_data_ind_event_int_cb</a> from acl.o(i.hci_acl_data_ind_event_int_cb) referenced from aci_events.o(.constdata)
 <LI><a href="#[60]">hci_acl_data_tx_cmpl_event_int_cb</a> from acl.o(i.hci_acl_data_tx_cmpl_event_int_cb) referenced from aci_events.o(.constdata)
 <LI><a href="#[32]">hci_data_buffer_overflow_event_cb</a> from aci_events.o(i.hci_data_buffer_overflow_event_cb) referenced from aci_events.o(.constdata)
 <LI><a href="#[28]">hci_disconnection_complete_event_cb</a> from aci_events.o(i.hci_disconnection_complete_event_cb) referenced from aci_events.o(.constdata)
 <LI><a href="#[62]">hci_disconnection_complete_event_int_cb</a> from aci_events.o(i.hci_disconnection_complete_event_int_cb) referenced from aci_events.o(.constdata)
 <LI><a href="#[29]">hci_encryption_change_event_cb</a> from aci_events.o(i.hci_encryption_change_event_cb) referenced from aci_events.o(.constdata)
 <LI><a href="#[63]">hci_encryption_change_event_int_cb</a> from aci_events.o(i.hci_encryption_change_event_int_cb) referenced from aci_events.o(.constdata)
 <LI><a href="#[2a]">hci_encryption_key_refresh_complete_event_cb</a> from aci_events.o(i.hci_encryption_key_refresh_complete_event_cb) referenced from aci_events.o(.constdata)
 <LI><a href="#[64]">hci_encryption_key_refresh_complete_event_int_cb</a> from aci_events.o(i.hci_encryption_key_refresh_complete_event_int_cb) referenced from aci_events.o(.constdata)
 <LI><a href="#[2d]">hci_le_advertising_report_event_cb</a> from aci_events.o(i.hci_le_advertising_report_event_cb) referenced from aci_events.o(.constdata)
 <LI><a href="#[67]">hci_le_advertising_report_event_int_cb</a> from aci_events.o(i.hci_le_advertising_report_event_int_cb) referenced from aci_events.o(.constdata)
 <LI><a href="#[2b]">hci_le_connection_complete_event_cb</a> from aci_events.o(i.hci_le_connection_complete_event_cb) referenced from aci_events.o(.constdata)
 <LI><a href="#[65]">hci_le_connection_complete_event_int_cb</a> from aci_events.o(i.hci_le_connection_complete_event_int_cb) referenced from aci_events.o(.constdata)
 <LI><a href="#[34]">hci_le_connection_update_complete_event_cb</a> from aci_events.o(i.hci_le_connection_update_complete_event_cb) referenced from aci_events.o(.constdata)
 <LI><a href="#[31]">hci_le_direct_advertising_report_event_cb</a> from aci_events.o(i.hci_le_direct_advertising_report_event_cb) referenced from aci_events.o(.constdata)
 <LI><a href="#[6b]">hci_le_direct_advertising_report_event_int_cb</a> from aci_events.o(i.hci_le_direct_advertising_report_event_int_cb) referenced from aci_events.o(.constdata)
 <LI><a href="#[30]">hci_le_enhanced_connection_complete_event_cb</a> from aci_events.o(i.hci_le_enhanced_connection_complete_event_cb) referenced from aci_events.o(.constdata)
 <LI><a href="#[6a]">hci_le_enhanced_connection_complete_event_int_cb</a> from aci_events.o(i.hci_le_enhanced_connection_complete_event_int_cb) referenced from aci_events.o(.constdata)
 <LI><a href="#[2f]">hci_le_generate_dhkey_complete_event_cb</a> from aci_events.o(i.hci_le_generate_dhkey_complete_event_cb) referenced from aci_events.o(.constdata)
 <LI><a href="#[69]">hci_le_generate_dhkey_complete_event_int_cb</a> from aci_events.o(i.hci_le_generate_dhkey_complete_event_int_cb) referenced from aci_events.o(.constdata)
 <LI><a href="#[2c]">hci_le_long_term_key_request_event_cb</a> from aci_events.o(i.hci_le_long_term_key_request_event_cb) referenced from aci_events.o(.constdata)
 <LI><a href="#[66]">hci_le_long_term_key_request_event_int_cb</a> from aci_events.o(i.hci_le_long_term_key_request_event_int_cb) referenced from aci_events.o(.constdata)
 <LI><a href="#[2e]">hci_le_read_local_p256_public_key_complete_event_cb</a> from aci_events.o(i.hci_le_read_local_p256_public_key_complete_event_cb) referenced from aci_events.o(.constdata)
 <LI><a href="#[68]">hci_le_read_local_p256_public_key_complete_event_int_cb</a> from aci_events.o(i.hci_le_read_local_p256_public_key_complete_event_int_cb) referenced from aci_events.o(.constdata)
 <LI><a href="#[35]">hci_le_read_remote_used_features_complete_event_cb</a> from aci_events.o(i.hci_le_read_remote_used_features_complete_event_cb) referenced from aci_events.o(.constdata)
 <LI><a href="#[37]">hci_number_of_completed_packets_event_cb</a> from aci_events.o(i.hci_number_of_completed_packets_event_cb) referenced from aci_events.o(.constdata)
 <LI><a href="#[33]">hci_read_remote_version_information_complete_event_cb</a> from aci_events.o(i.hci_read_remote_version_information_complete_event_cb) referenced from aci_events.o(.constdata)
 <LI><a href="#[38]">hci_rx_acl_data_event_cb</a> from aci_events.o(i.hci_rx_acl_data_event_cb) referenced from aci_events.o(.constdata)
</UL>
<P>
<H3>
Global Symbols
</H3>
<P><STRONG><a name="[6c]"></a>__main</STRONG> (Thumb, 8 bytes, Stack size 0 bytes, __main.o(!!!main))
<BR><BR>[Calls]<UL><LI><a href="#[6e]">&gt;&gt;</a>&nbsp;&nbsp;&nbsp;__rt_entry
<LI><a href="#[6d]">&gt;&gt;</a>&nbsp;&nbsp;&nbsp;__scatterload
</UL>
<BR>[Called By]<UL><LI><a href="#[e]">&gt;&gt;</a>&nbsp;&nbsp;&nbsp;RESET_HANDLER
</UL>

<P><STRONG><a name="[6d]"></a>__scatterload</STRONG> (Thumb, 0 bytes, Stack size unknown bytes, __scatter.o(!!!scatter))
<BR><BR>[Called By]<UL><LI><a href="#[6c]">&gt;&gt;</a>&nbsp;&nbsp;&nbsp;__main
</UL>

<P><STRONG><a name="[6f]"></a>__scatterload_rt2</STRONG> (Thumb, 52 bytes, Stack size unknown bytes, __scatter.o(!!!scatter), UNUSED)
<BR><BR>[Calls]<UL><LI><a href="#[6e]">&gt;&gt;</a>&nbsp;&nbsp;&nbsp;__rt_entry
</UL>

<P><STRONG><a name="[2d8]"></a>__scatterload_rt2_thumb_only</STRONG> (Thumb, 0 bytes, Stack size unknown bytes, __scatter.o(!!!scatter), UNUSED)

<P><STRONG><a name="[2d9]"></a>__scatterload_null</STRONG> (Thumb, 0 bytes, Stack size unknown bytes, __scatter.o(!!!scatter), UNUSED)

<P><STRONG><a name="[70]"></a>__scatterload_copy</STRONG> (Thumb, 26 bytes, Stack size unknown bytes, __scatter_copy.o(!!handler_copy), UNUSED)
<BR><BR>[Calls]<UL><LI><a href="#[70]">&gt;&gt;</a>&nbsp;&nbsp;&nbsp;__scatterload_copy
</UL>
<BR>[Called By]<UL><LI><a href="#[70]">&gt;&gt;</a>&nbsp;&nbsp;&nbsp;__scatterload_copy
</UL>

<P><STRONG><a name="[2da]"></a>__scatterload_zeroinit</STRONG> (Thumb, 28 bytes, Stack size unknown bytes, __scatter_zi.o(!!handler_zi), UNUSED)

<P><STRONG><a name="[2db]"></a>CS_contextSave</STRONG> (Thumb, 50 bytes, Stack size 0 bytes, context_switch.o(. text), UNUSED)

<P><STRONG><a name="[24c]"></a>CS_contextRestore</STRONG> (Thumb, 20 bytes, Stack size 0 bytes, context_switch.o(. text))
<BR><BR>[Called By]<UL><LI><a href="#[1fb]">&gt;&gt;</a>&nbsp;&nbsp;&nbsp;__low_level_init
</UL>

<P><STRONG><a name="[2dc]"></a>BlueNRG_IdleSleep</STRONG> (Thumb, 8 bytes, Stack size 0 bytes, context_switch.o(. text), UNUSED)

<P><STRONG><a name="[8e]"></a>_printf_percent</STRONG> (Thumb, 0 bytes, Stack size unknown bytes, _printf_percent.o(.ARM.Collect$$_printf_percent$$00000000))
<BR><BR>[Called By]<UL><LI><a href="#[8c]">&gt;&gt;</a>&nbsp;&nbsp;&nbsp;__printf
</UL>

<P><STRONG><a name="[71]"></a>_printf_d</STRONG> (Thumb, 0 bytes, Stack size unknown bytes, _printf_d.o(.ARM.Collect$$_printf_percent$$00000009))
<BR><BR>[Stack]<UL><LI>Max Depth = 88 + Unknown Stack Size
<LI>Call Chain = _printf_d &rArr; _printf_int_dec &rArr; _printf_int_common &rArr; _printf_post_padding
</UL>
<BR>[Calls]<UL><LI><a href="#[72]">&gt;&gt;</a>&nbsp;&nbsp;&nbsp;_printf_x
<LI><a href="#[73]">&gt;&gt;</a>&nbsp;&nbsp;&nbsp;_printf_int_dec
</UL>

<P><STRONG><a name="[72]"></a>_printf_x</STRONG> (Thumb, 0 bytes, Stack size unknown bytes, _printf_x.o(.ARM.Collect$$_printf_percent$$0000000C))
<BR><BR>[Stack]<UL><LI>Max Depth = 72 + Unknown Stack Size
<LI>Call Chain = _printf_x &rArr; _printf_int_hex &rArr; _printf_int_common &rArr; _printf_post_padding
</UL>
<BR>[Calls]<UL><LI><a href="#[74]">&gt;&gt;</a>&nbsp;&nbsp;&nbsp;_printf_c
<LI><a href="#[75]">&gt;&gt;</a>&nbsp;&nbsp;&nbsp;_printf_int_hex
</UL>
<BR>[Called By]<UL><LI><a href="#[71]">&gt;&gt;</a>&nbsp;&nbsp;&nbsp;_printf_d
</UL>

<P><STRONG><a name="[74]"></a>_printf_c</STRONG> (Thumb, 0 bytes, Stack size unknown bytes, _printf_c.o(.ARM.Collect$$_printf_percent$$00000013))
<BR><BR>[Stack]<UL><LI>Max Depth = 40 + Unknown Stack Size
<LI>Call Chain = _printf_c &rArr; _printf_char &rArr; _printf_cs_common &rArr; _printf_str &rArr; _printf_post_padding
</UL>
<BR>[Calls]<UL><LI><a href="#[77]">&gt;&gt;</a>&nbsp;&nbsp;&nbsp;_printf_char
<LI><a href="#[76]">&gt;&gt;</a>&nbsp;&nbsp;&nbsp;_printf_s
</UL>
<BR>[Called By]<UL><LI><a href="#[72]">&gt;&gt;</a>&nbsp;&nbsp;&nbsp;_printf_x
</UL>

<P><STRONG><a name="[76]"></a>_printf_s</STRONG> (Thumb, 0 bytes, Stack size unknown bytes, _printf_s.o(.ARM.Collect$$_printf_percent$$00000014))
<BR><BR>[Stack]<UL><LI>Max Depth = 40 + Unknown Stack Size
<LI>Call Chain = _printf_s &rArr; _printf_string &rArr; _printf_cs_common &rArr; _printf_str &rArr; _printf_post_padding
</UL>
<BR>[Calls]<UL><LI><a href="#[78]">&gt;&gt;</a>&nbsp;&nbsp;&nbsp;_printf_percent_end
<LI><a href="#[79]">&gt;&gt;</a>&nbsp;&nbsp;&nbsp;_printf_string
</UL>
<BR>[Called By]<UL><LI><a href="#[74]">&gt;&gt;</a>&nbsp;&nbsp;&nbsp;_printf_c
</UL>

<P><STRONG><a name="[78]"></a>_printf_percent_end</STRONG> (Thumb, 0 bytes, Stack size unknown bytes, _printf_percent_end.o(.ARM.Collect$$_printf_percent$$00000017))
<BR><BR>[Called By]<UL><LI><a href="#[76]">&gt;&gt;</a>&nbsp;&nbsp;&nbsp;_printf_s
</UL>

<P><STRONG><a name="[7b]"></a>__rt_lib_init</STRONG> (Thumb, 0 bytes, Stack size unknown bytes, libinit.o(.ARM.Collect$$libinit$$00000000))
<BR><BR>[Called By]<UL><LI><a href="#[7a]">&gt;&gt;</a>&nbsp;&nbsp;&nbsp;__rt_entry_li
</UL>

<P><STRONG><a name="[2dd]"></a>__rt_lib_init_alloca_1</STRONG> (Thumb, 0 bytes, Stack size unknown bytes, libinit2.o(.ARM.Collect$$libinit$$0000002E))

<P><STRONG><a name="[2de]"></a>__rt_lib_init_argv_1</STRONG> (Thumb, 0 bytes, Stack size unknown bytes, libinit2.o(.ARM.Collect$$libinit$$0000002C))

<P><STRONG><a name="[2df]"></a>__rt_lib_init_atexit_1</STRONG> (Thumb, 0 bytes, Stack size unknown bytes, libinit2.o(.ARM.Collect$$libinit$$0000001B))

<P><STRONG><a name="[2e0]"></a>__rt_lib_init_clock_1</STRONG> (Thumb, 0 bytes, Stack size unknown bytes, libinit2.o(.ARM.Collect$$libinit$$00000021))

<P><STRONG><a name="[2e1]"></a>__rt_lib_init_cpp_1</STRONG> (Thumb, 0 bytes, Stack size unknown bytes, libinit2.o(.ARM.Collect$$libinit$$00000032))

<P><STRONG><a name="[2e2]"></a>__rt_lib_init_exceptions_1</STRONG> (Thumb, 0 bytes, Stack size unknown bytes, libinit2.o(.ARM.Collect$$libinit$$00000030))

<P><STRONG><a name="[2e3]"></a>__rt_lib_init_fp_1</STRONG> (Thumb, 0 bytes, Stack size unknown bytes, libinit2.o(.ARM.Collect$$libinit$$00000002))

<P><STRONG><a name="[2e4]"></a>__rt_lib_init_fp_trap_1</STRONG> (Thumb, 0 bytes, Stack size unknown bytes, libinit2.o(.ARM.Collect$$libinit$$0000001F))

<P><STRONG><a name="[2e5]"></a>__rt_lib_init_getenv_1</STRONG> (Thumb, 0 bytes, Stack size unknown bytes, libinit2.o(.ARM.Collect$$libinit$$00000023))

<P><STRONG><a name="[2e6]"></a>__rt_lib_init_heap_1</STRONG> (Thumb, 0 bytes, Stack size unknown bytes, libinit2.o(.ARM.Collect$$libinit$$0000000A))

<P><STRONG><a name="[2e7]"></a>__rt_lib_init_lc_collate_1</STRONG> (Thumb, 0 bytes, Stack size unknown bytes, libinit2.o(.ARM.Collect$$libinit$$00000011))

<P><STRONG><a name="[2e8]"></a>__rt_lib_init_lc_ctype_1</STRONG> (Thumb, 0 bytes, Stack size unknown bytes, libinit2.o(.ARM.Collect$$libinit$$00000013))

<P><STRONG><a name="[2e9]"></a>__rt_lib_init_lc_monetary_1</STRONG> (Thumb, 0 bytes, Stack size unknown bytes, libinit2.o(.ARM.Collect$$libinit$$00000015))

<P><STRONG><a name="[2ea]"></a>__rt_lib_init_lc_numeric_1</STRONG> (Thumb, 0 bytes, Stack size unknown bytes, libinit2.o(.ARM.Collect$$libinit$$00000017))

<P><STRONG><a name="[2eb]"></a>__rt_lib_init_lc_time_1</STRONG> (Thumb, 0 bytes, Stack size unknown bytes, libinit2.o(.ARM.Collect$$libinit$$00000019))

<P><STRONG><a name="[2ec]"></a>__rt_lib_init_preinit_1</STRONG> (Thumb, 0 bytes, Stack size unknown bytes, libinit2.o(.ARM.Collect$$libinit$$00000004))

<P><STRONG><a name="[2ed]"></a>__rt_lib_init_rand_1</STRONG> (Thumb, 0 bytes, Stack size unknown bytes, libinit2.o(.ARM.Collect$$libinit$$0000000E))

<P><STRONG><a name="[2ee]"></a>__rt_lib_init_return</STRONG> (Thumb, 0 bytes, Stack size unknown bytes, libinit2.o(.ARM.Collect$$libinit$$00000033))

<P><STRONG><a name="[2ef]"></a>__rt_lib_init_signal_1</STRONG> (Thumb, 0 bytes, Stack size unknown bytes, libinit2.o(.ARM.Collect$$libinit$$0000001D))

<P><STRONG><a name="[2f0]"></a>__rt_lib_init_stdio_1</STRONG> (Thumb, 0 bytes, Stack size unknown bytes, libinit2.o(.ARM.Collect$$libinit$$00000025))

<P><STRONG><a name="[2f1]"></a>__rt_lib_init_user_alloc_1</STRONG> (Thumb, 0 bytes, Stack size unknown bytes, libinit2.o(.ARM.Collect$$libinit$$0000000C))

<P><STRONG><a name="[80]"></a>__rt_lib_shutdown</STRONG> (Thumb, 0 bytes, Stack size unknown bytes, libshutdown.o(.ARM.Collect$$libshutdown$$00000000))
<BR><BR>[Called By]<UL><LI><a href="#[7f]">&gt;&gt;</a>&nbsp;&nbsp;&nbsp;__rt_exit_ls
</UL>

<P><STRONG><a name="[2f2]"></a>__rt_lib_shutdown_cpp_1</STRONG> (Thumb, 0 bytes, Stack size unknown bytes, libshutdown2.o(.ARM.Collect$$libshutdown$$00000002))

<P><STRONG><a name="[2f3]"></a>__rt_lib_shutdown_fp_trap_1</STRONG> (Thumb, 0 bytes, Stack size unknown bytes, libshutdown2.o(.ARM.Collect$$libshutdown$$00000007))

<P><STRONG><a name="[2f4]"></a>__rt_lib_shutdown_heap_1</STRONG> (Thumb, 0 bytes, Stack size unknown bytes, libshutdown2.o(.ARM.Collect$$libshutdown$$0000000F))

<P><STRONG><a name="[2f5]"></a>__rt_lib_shutdown_return</STRONG> (Thumb, 0 bytes, Stack size unknown bytes, libshutdown2.o(.ARM.Collect$$libshutdown$$00000010))

<P><STRONG><a name="[2f6]"></a>__rt_lib_shutdown_signal_1</STRONG> (Thumb, 0 bytes, Stack size unknown bytes, libshutdown2.o(.ARM.Collect$$libshutdown$$0000000A))

<P><STRONG><a name="[2f7]"></a>__rt_lib_shutdown_stdio_1</STRONG> (Thumb, 0 bytes, Stack size unknown bytes, libshutdown2.o(.ARM.Collect$$libshutdown$$00000004))

<P><STRONG><a name="[2f8]"></a>__rt_lib_shutdown_user_alloc_1</STRONG> (Thumb, 0 bytes, Stack size unknown bytes, libshutdown2.o(.ARM.Collect$$libshutdown$$0000000C))

<P><STRONG><a name="[6e]"></a>__rt_entry</STRONG> (Thumb, 0 bytes, Stack size unknown bytes, __rtentry.o(.ARM.Collect$$rtentry$$00000000))
<BR><BR>[Called By]<UL><LI><a href="#[6c]">&gt;&gt;</a>&nbsp;&nbsp;&nbsp;__main
<LI><a href="#[6f]">&gt;&gt;</a>&nbsp;&nbsp;&nbsp;__scatterload_rt2
</UL>

<P><STRONG><a name="[2f9]"></a>__rt_entry_presh_1</STRONG> (Thumb, 0 bytes, Stack size unknown bytes, __rtentry2.o(.ARM.Collect$$rtentry$$00000002))

<P><STRONG><a name="[2fa]"></a>__rt_entry_sh</STRONG> (Thumb, 0 bytes, Stack size unknown bytes, __rtentry6.o(.ARM.Collect$$rtentry$$00000006))

<P><STRONG><a name="[7a]"></a>__rt_entry_li</STRONG> (Thumb, 0 bytes, Stack size unknown bytes, __rtentry2.o(.ARM.Collect$$rtentry$$0000000A))
<BR><BR>[Calls]<UL><LI><a href="#[7b]">&gt;&gt;</a>&nbsp;&nbsp;&nbsp;__rt_lib_init
</UL>

<P><STRONG><a name="[2fb]"></a>__rt_entry_postsh_1</STRONG> (Thumb, 0 bytes, Stack size unknown bytes, __rtentry2.o(.ARM.Collect$$rtentry$$00000009))

<P><STRONG><a name="[7c]"></a>__rt_entry_main</STRONG> (Thumb, 0 bytes, Stack size unknown bytes, __rtentry2.o(.ARM.Collect$$rtentry$$0000000D))
<BR><BR>[Stack]<UL><LI>Max Depth = 280 + Unknown Stack Size
<LI>Call Chain = __rt_entry_main &rArr; main &rArr; BleInit &rArr; CHAT_DeviceInit &rArr; Add_Chat_Service &rArr; __2printf &rArr; _printf_char_file &rArr; _printf_char_common &rArr; __printf
</UL>
<BR>[Calls]<UL><LI><a href="#[7d]">&gt;&gt;</a>&nbsp;&nbsp;&nbsp;main
<LI><a href="#[7e]">&gt;&gt;</a>&nbsp;&nbsp;&nbsp;exit
</UL>

<P><STRONG><a name="[2fc]"></a>__rt_entry_postli_1</STRONG> (Thumb, 0 bytes, Stack size unknown bytes, __rtentry2.o(.ARM.Collect$$rtentry$$0000000C))

<P><STRONG><a name="[9c]"></a>__rt_exit</STRONG> (Thumb, 0 bytes, Stack size unknown bytes, rtexit.o(.ARM.Collect$$rtexit$$00000000))
<BR><BR>[Called By]<UL><LI><a href="#[7e]">&gt;&gt;</a>&nbsp;&nbsp;&nbsp;exit
</UL>

<P><STRONG><a name="[7f]"></a>__rt_exit_ls</STRONG> (Thumb, 0 bytes, Stack size unknown bytes, rtexit2.o(.ARM.Collect$$rtexit$$00000003))
<BR><BR>[Calls]<UL><LI><a href="#[80]">&gt;&gt;</a>&nbsp;&nbsp;&nbsp;__rt_lib_shutdown
</UL>

<P><STRONG><a name="[2fd]"></a>__rt_exit_prels_1</STRONG> (Thumb, 0 bytes, Stack size unknown bytes, rtexit2.o(.ARM.Collect$$rtexit$$00000002))

<P><STRONG><a name="[81]"></a>__rt_exit_exit</STRONG> (Thumb, 0 bytes, Stack size unknown bytes, rtexit2.o(.ARM.Collect$$rtexit$$00000004))
<BR><BR>[Calls]<UL><LI><a href="#[82]">&gt;&gt;</a>&nbsp;&nbsp;&nbsp;_sys_exit
</UL>

<P><STRONG><a name="[91]"></a>__aeabi_memcpy4</STRONG> (Thumb, 56 bytes, Stack size 0 bytes, rt_memcpy.o(.emb_text))
<BR><BR>[Called By]<UL><LI><a href="#[7d]">&gt;&gt;</a>&nbsp;&nbsp;&nbsp;main
<LI><a href="#[10e]">&gt;&gt;</a>&nbsp;&nbsp;&nbsp;DeviceConfiguration
<LI><a href="#[131]">&gt;&gt;</a>&nbsp;&nbsp;&nbsp;GAP_Delete_ADType
<LI><a href="#[2b2]">&gt;&gt;</a>&nbsp;&nbsp;&nbsp;smp_Add_To_Database
<LI><a href="#[2b3]">&gt;&gt;</a>&nbsp;&nbsp;&nbsp;smp_Determine_Key_Association_Method
<LI><a href="#[282]">&gt;&gt;</a>&nbsp;&nbsp;&nbsp;set_sca
<LI><a href="#[90]">&gt;&gt;</a>&nbsp;&nbsp;&nbsp;__aeabi_memcpy
<LI><a href="#[20e]">&gt;&gt;</a>&nbsp;&nbsp;&nbsp;SMA_SC_Gen_f5_Keys
</UL>

<P><STRONG><a name="[2fe]"></a>__aeabi_memcpy8</STRONG> (Thumb, 0 bytes, Stack size 0 bytes, rt_memcpy.o(.emb_text), UNUSED)

<P><STRONG><a name="[83]"></a>__2printf</STRONG> (Thumb, 22 bytes, Stack size 24 bytes, noretval__2printf.o(.text))
<BR><BR>[Stack]<UL><LI>Max Depth = 136 + Unknown Stack Size
<LI>Call Chain = __2printf &rArr; _printf_char_file &rArr; _printf_char_common &rArr; __printf
</UL>
<BR>[Calls]<UL><LI><a href="#[84]">&gt;&gt;</a>&nbsp;&nbsp;&nbsp;_printf_char_file
</UL>
<BR>[Called By]<UL><LI><a href="#[5]">&gt;&gt;</a>&nbsp;&nbsp;&nbsp;At_help
<LI><a href="#[7]">&gt;&gt;</a>&nbsp;&nbsp;&nbsp;At_Version
<LI><a href="#[8]">&gt;&gt;</a>&nbsp;&nbsp;&nbsp;At_Mac
<LI><a href="#[a]">&gt;&gt;</a>&nbsp;&nbsp;&nbsp;AT_transmit_power_level
<LI><a href="#[d]">&gt;&gt;</a>&nbsp;&nbsp;&nbsp;AT_StartAdv
<LI><a href="#[b]">&gt;&gt;</a>&nbsp;&nbsp;&nbsp;AT_Name
<LI><a href="#[9]">&gt;&gt;</a>&nbsp;&nbsp;&nbsp;AT_Disconnect
<LI><a href="#[c]">&gt;&gt;</a>&nbsp;&nbsp;&nbsp;AT_Delet_ADV
<LI><a href="#[d9]">&gt;&gt;</a>&nbsp;&nbsp;&nbsp;BleInit
<LI><a href="#[ab]">&gt;&gt;</a>&nbsp;&nbsp;&nbsp;Make_Connection
<LI><a href="#[db]">&gt;&gt;</a>&nbsp;&nbsp;&nbsp;CHAT_DeviceInit
<LI><a href="#[cd]">&gt;&gt;</a>&nbsp;&nbsp;&nbsp;Attribute_Modified_CB
<LI><a href="#[c4]">&gt;&gt;</a>&nbsp;&nbsp;&nbsp;Add_Chat_Service
<LI><a href="#[7d]">&gt;&gt;</a>&nbsp;&nbsp;&nbsp;main
</UL>

<P><STRONG><a name="[86]"></a>_printf_pre_padding</STRONG> (Thumb, 44 bytes, Stack size 16 bytes, _printf_pad.o(.text))
<BR><BR>[Stack]<UL><LI>Max Depth = 16<LI>Call Chain = _printf_pre_padding
</UL>
<BR>[Called By]<UL><LI><a href="#[8b]">&gt;&gt;</a>&nbsp;&nbsp;&nbsp;_printf_int_common
<LI><a href="#[85]">&gt;&gt;</a>&nbsp;&nbsp;&nbsp;_printf_str
</UL>

<P><STRONG><a name="[87]"></a>_printf_post_padding</STRONG> (Thumb, 34 bytes, Stack size 16 bytes, _printf_pad.o(.text))
<BR><BR>[Stack]<UL><LI>Max Depth = 16<LI>Call Chain = _printf_post_padding
</UL>
<BR>[Called By]<UL><LI><a href="#[8b]">&gt;&gt;</a>&nbsp;&nbsp;&nbsp;_printf_int_common
<LI><a href="#[85]">&gt;&gt;</a>&nbsp;&nbsp;&nbsp;_printf_str
</UL>

<P><STRONG><a name="[85]"></a>_printf_str</STRONG> (Thumb, 82 bytes, Stack size 16 bytes, _printf_str.o(.text))
<BR><BR>[Stack]<UL><LI>Max Depth = 32<LI>Call Chain = _printf_str &rArr; _printf_post_padding
</UL>
<BR>[Calls]<UL><LI><a href="#[87]">&gt;&gt;</a>&nbsp;&nbsp;&nbsp;_printf_post_padding
<LI><a href="#[86]">&gt;&gt;</a>&nbsp;&nbsp;&nbsp;_printf_pre_padding
</UL>
<BR>[Called By]<UL><LI><a href="#[97]">&gt;&gt;</a>&nbsp;&nbsp;&nbsp;_printf_cs_common
</UL>

<P><STRONG><a name="[73]"></a>_printf_int_dec</STRONG> (Thumb, 90 bytes, Stack size 32 bytes, _printf_dec.o(.text))
<BR><BR>[Stack]<UL><LI>Max Depth = 88<LI>Call Chain = _printf_int_dec &rArr; _printf_int_common &rArr; _printf_post_padding
</UL>
<BR>[Calls]<UL><LI><a href="#[8a]">&gt;&gt;</a>&nbsp;&nbsp;&nbsp;__rt_udiv10
<LI><a href="#[8b]">&gt;&gt;</a>&nbsp;&nbsp;&nbsp;_printf_int_common
<LI><a href="#[89]">&gt;&gt;</a>&nbsp;&nbsp;&nbsp;_printf_truncate_unsigned (Weak Reference)
<LI><a href="#[88]">&gt;&gt;</a>&nbsp;&nbsp;&nbsp;_printf_truncate_signed (Weak Reference)
</UL>
<BR>[Called By]<UL><LI><a href="#[71]">&gt;&gt;</a>&nbsp;&nbsp;&nbsp;_printf_d
</UL>

<P><STRONG><a name="[75]"></a>_printf_int_hex</STRONG> (Thumb, 84 bytes, Stack size 16 bytes, _printf_hex_int.o(.text))
<BR><BR>[Stack]<UL><LI>Max Depth = 72<LI>Call Chain = _printf_int_hex &rArr; _printf_int_common &rArr; _printf_post_padding
</UL>
<BR>[Calls]<UL><LI><a href="#[8b]">&gt;&gt;</a>&nbsp;&nbsp;&nbsp;_printf_int_common
<LI><a href="#[89]">&gt;&gt;</a>&nbsp;&nbsp;&nbsp;_printf_truncate_unsigned (Weak Reference)
</UL>
<BR>[Called By]<UL><LI><a href="#[72]">&gt;&gt;</a>&nbsp;&nbsp;&nbsp;_printf_x
</UL>

<P><STRONG><a name="[2ff]"></a>_printf_longlong_hex</STRONG> (Thumb, 0 bytes, Stack size 16 bytes, _printf_hex_int.o(.text), UNUSED)

<P><STRONG><a name="[8c]"></a>__printf</STRONG> (Thumb, 306 bytes, Stack size 32 bytes, __printf_flags_wp.o(.text))
<BR><BR>[Stack]<UL><LI>Max Depth = 32 + Unknown Stack Size
<LI>Call Chain = __printf
</UL>
<BR>[Calls]<UL><LI><a href="#[8e]">&gt;&gt;</a>&nbsp;&nbsp;&nbsp;_printf_percent
<LI><a href="#[8d]">&gt;&gt;</a>&nbsp;&nbsp;&nbsp;_is_digit
</UL>
<BR>[Called By]<UL><LI><a href="#[99]">&gt;&gt;</a>&nbsp;&nbsp;&nbsp;_printf_char_common
</UL>

<P><STRONG><a name="[1c8]"></a>memcmp</STRONG> (Thumb, 90 bytes, Stack size 8 bytes, memcmp.o(.text))
<BR><BR>[Stack]<UL><LI>Max Depth = 8<LI>Call Chain = memcmp
</UL>
<BR>[Called By]<UL><LI><a href="#[b3]">&gt;&gt;</a>&nbsp;&nbsp;&nbsp;Osal_MemCmp
</UL>

<P><STRONG><a name="[aa]"></a>strlen</STRONG> (Thumb, 62 bytes, Stack size 12 bytes, strlen.o(.text))
<BR><BR>[Stack]<UL><LI>Max Depth = 12<LI>Call Chain = strlen
</UL>
<BR>[Called By]<UL><LI><a href="#[b]">&gt;&gt;</a>&nbsp;&nbsp;&nbsp;AT_Name
<LI><a href="#[1c5]">&gt;&gt;</a>&nbsp;&nbsp;&nbsp;LoadConfig
<LI><a href="#[ab]">&gt;&gt;</a>&nbsp;&nbsp;&nbsp;Make_Connection
</UL>

<P><STRONG><a name="[8f]"></a>memcpy</STRONG> (Thumb, 12 bytes, Stack size 8 bytes, memcpy.o(.text))
<BR><BR>[Stack]<UL><LI>Max Depth = 32<LI>Call Chain = memcpy &rArr; __aeabi_memcpy
</UL>
<BR>[Calls]<UL><LI><a href="#[90]">&gt;&gt;</a>&nbsp;&nbsp;&nbsp;__aeabi_memcpy
</UL>
<BR>[Called By]<UL><LI><a href="#[ae]">&gt;&gt;</a>&nbsp;&nbsp;&nbsp;Osal_MemCpy
</UL>

<P><STRONG><a name="[90]"></a>__aeabi_memcpy</STRONG> (Thumb, 130 bytes, Stack size 24 bytes, rt_memcpy.o(.text))
<BR><BR>[Stack]<UL><LI>Max Depth = 24<LI>Call Chain = __aeabi_memcpy
</UL>
<BR>[Calls]<UL><LI><a href="#[91]">&gt;&gt;</a>&nbsp;&nbsp;&nbsp;__aeabi_memcpy4
</UL>
<BR>[Called By]<UL><LI><a href="#[155]">&gt;&gt;</a>&nbsp;&nbsp;&nbsp;Gatt_Read_Charac_By_Uuid
<LI><a href="#[13d]">&gt;&gt;</a>&nbsp;&nbsp;&nbsp;Gatt_Add_Service
<LI><a href="#[13e]">&gt;&gt;</a>&nbsp;&nbsp;&nbsp;Gatt_Add_Characteristic
<LI><a href="#[8f]">&gt;&gt;</a>&nbsp;&nbsp;&nbsp;memcpy
</UL>

<P><STRONG><a name="[300]"></a>__rt_memcpy</STRONG> (Thumb, 0 bytes, Stack size 24 bytes, rt_memcpy.o(.text), UNUSED)

<P><STRONG><a name="[92]"></a>memset</STRONG> (Thumb, 28 bytes, Stack size 8 bytes, memset.o(.text))
<BR><BR>[Stack]<UL><LI>Max Depth = 8<LI>Call Chain = memset
</UL>
<BR>[Calls]<UL><LI><a href="#[93]">&gt;&gt;</a>&nbsp;&nbsp;&nbsp;_memset
</UL>
<BR>[Called By]<UL><LI><a href="#[bb]">&gt;&gt;</a>&nbsp;&nbsp;&nbsp;Osal_MemSet
</UL>

<P><STRONG><a name="[94]"></a>_memset_w</STRONG> (Thumb, 26 bytes, Stack size 0 bytes, rt_memclr.o(.text))
<BR><BR>[Called By]<UL><LI><a href="#[96]">&gt;&gt;</a>&nbsp;&nbsp;&nbsp;__rt_memclr_w
<LI><a href="#[93]">&gt;&gt;</a>&nbsp;&nbsp;&nbsp;_memset
</UL>

<P><STRONG><a name="[93]"></a>_memset</STRONG> (Thumb, 30 bytes, Stack size 0 bytes, rt_memclr.o(.text))
<BR><BR>[Calls]<UL><LI><a href="#[94]">&gt;&gt;</a>&nbsp;&nbsp;&nbsp;_memset_w
</UL>
<BR>[Called By]<UL><LI><a href="#[95]">&gt;&gt;</a>&nbsp;&nbsp;&nbsp;__aeabi_memclr
<LI><a href="#[92]">&gt;&gt;</a>&nbsp;&nbsp;&nbsp;memset
</UL>

<P><STRONG><a name="[95]"></a>__aeabi_memclr</STRONG> (Thumb, 4 bytes, Stack size 0 bytes, rt_memclr.o(.text), UNUSED)
<BR><BR>[Calls]<UL><LI><a href="#[93]">&gt;&gt;</a>&nbsp;&nbsp;&nbsp;_memset
</UL>

<P><STRONG><a name="[301]"></a>__rt_memclr</STRONG> (Thumb, 0 bytes, Stack size 0 bytes, rt_memclr.o(.text), UNUSED)

<P><STRONG><a name="[132]"></a>__aeabi_memclr4</STRONG> (Thumb, 0 bytes, Stack size 0 bytes, rt_memclr.o(.text))
<BR><BR>[Called By]<UL><LI><a href="#[219]">&gt;&gt;</a>&nbsp;&nbsp;&nbsp;hci_le_read_local_p256_public_key
<LI><a href="#[2a0]">&gt;&gt;</a>&nbsp;&nbsp;&nbsp;hci_le_generate_dhkey
<LI><a href="#[131]">&gt;&gt;</a>&nbsp;&nbsp;&nbsp;GAP_Delete_ADType
<LI><a href="#[157]">&gt;&gt;</a>&nbsp;&nbsp;&nbsp;_gap_set_discoverable_connectable
</UL>

<P><STRONG><a name="[302]"></a>__aeabi_memclr8</STRONG> (Thumb, 0 bytes, Stack size 0 bytes, rt_memclr.o(.text), UNUSED)

<P><STRONG><a name="[96]"></a>__rt_memclr_w</STRONG> (Thumb, 4 bytes, Stack size 0 bytes, rt_memclr.o(.text), UNUSED)
<BR><BR>[Calls]<UL><LI><a href="#[94]">&gt;&gt;</a>&nbsp;&nbsp;&nbsp;_memset_w
</UL>

<P><STRONG><a name="[c8]"></a>strcmp</STRONG> (Thumb, 160 bytes, Stack size 16 bytes, strcmpv6m.o(.text))
<BR><BR>[Stack]<UL><LI>Max Depth = 16<LI>Call Chain = strcmp
</UL>
<BR>[Called By]<UL><LI><a href="#[c7]">&gt;&gt;</a>&nbsp;&nbsp;&nbsp;AtLineProcess
</UL>

<P><STRONG><a name="[9f]"></a>__aeabi_uread4</STRONG> (Thumb, 34 bytes, Stack size 0 bytes, uread4.o(.text))
<BR><BR>[Called By]<UL><LI><a href="#[1ed]">&gt;&gt;</a>&nbsp;&nbsp;&nbsp;unpack_channel_map
<LI><a href="#[1f4]">&gt;&gt;</a>&nbsp;&nbsp;&nbsp;go_to_connect_master
<LI><a href="#[1eb]">&gt;&gt;</a>&nbsp;&nbsp;&nbsp;go_to_connect
<LI><a href="#[1e8]">&gt;&gt;</a>&nbsp;&nbsp;&nbsp;get_scan_addr
<LI><a href="#[1e9]">&gt;&gt;</a>&nbsp;&nbsp;&nbsp;get_adv_addr
<LI><a href="#[1c1]">&gt;&gt;</a>&nbsp;&nbsp;&nbsp;LL_Start_Encryption
<LI><a href="#[9e]">&gt;&gt;</a>&nbsp;&nbsp;&nbsp;AES_keyschedule_enc
<LI><a href="#[a3]">&gt;&gt;</a>&nbsp;&nbsp;&nbsp;AES_CMAC_Encrypt_Append
<LI><a href="#[1a3]">&gt;&gt;</a>&nbsp;&nbsp;&nbsp;LE_TO_NRG_32
<LI><a href="#[12c]">&gt;&gt;</a>&nbsp;&nbsp;&nbsp;Write_Client_Data
<LI><a href="#[1aa]">&gt;&gt;</a>&nbsp;&nbsp;&nbsp;LL_Set_OwnAddress
<LI><a href="#[1a9]">&gt;&gt;</a>&nbsp;&nbsp;&nbsp;LL_Set_DirectAddress
<LI><a href="#[9d]">&gt;&gt;</a>&nbsp;&nbsp;&nbsp;AES128ECB_Wrapper
<LI><a href="#[1a5]">&gt;&gt;</a>&nbsp;&nbsp;&nbsp;LL_Check_And_Set_Addresses
<LI><a href="#[18b]">&gt;&gt;</a>&nbsp;&nbsp;&nbsp;HAL_Flash_Store_Data
</UL>

<P><STRONG><a name="[303]"></a>__rt_uread4</STRONG> (Thumb, 0 bytes, Stack size 0 bytes, uread4.o(.text), UNUSED)

<P><STRONG><a name="[304]"></a>__aeabi_uidiv</STRONG> (Thumb, 0 bytes, Stack size 0 bytes, aeabi_sdivfast.o(.text), UNUSED)

<P><STRONG><a name="[177]"></a>__aeabi_uidivmod</STRONG> (Thumb, 28 bytes, Stack size 0 bytes, aeabi_sdivfast.o(.text))
<BR><BR>[Called By]<UL><LI><a href="#[238]">&gt;&gt;</a>&nbsp;&nbsp;&nbsp;UART_Init
<LI><a href="#[e3]">&gt;&gt;</a>&nbsp;&nbsp;&nbsp;PM_Init
<LI><a href="#[2c8]">&gt;&gt;</a>&nbsp;&nbsp;&nbsp;smp____SR_PairingRandom_Receive
<LI><a href="#[2cb]">&gt;&gt;</a>&nbsp;&nbsp;&nbsp;smp____MI_PairingRandom_Receive
<LI><a href="#[17a]">&gt;&gt;</a>&nbsp;&nbsp;&nbsp;Gatt_Server_L2C_Handler
<LI><a href="#[15f]">&gt;&gt;</a>&nbsp;&nbsp;&nbsp;Gatt_Server_Db_Check
</UL>

<P><STRONG><a name="[305]"></a>__aeabi_idiv</STRONG> (Thumb, 0 bytes, Stack size 8 bytes, aeabi_sdivfast.o(.text), UNUSED)

<P><STRONG><a name="[185]"></a>__aeabi_idivmod</STRONG> (Thumb, 460 bytes, Stack size 8 bytes, aeabi_sdivfast.o(.text))
<BR><BR>[Stack]<UL><LI>Max Depth = 8<LI>Call Chain = __aeabi_idivmod
</UL>
<BR>[Called By]<UL><LI><a href="#[1b3]">&gt;&gt;</a>&nbsp;&nbsp;&nbsp;advance_wakeup_timer
<LI><a href="#[27e]">&gt;&gt;</a>&nbsp;&nbsp;&nbsp;adapt_slot
<LI><a href="#[173]">&gt;&gt;</a>&nbsp;&nbsp;&nbsp;Gatt_Super_Handler_Task7
</UL>

<P><STRONG><a name="[8b]"></a>_printf_int_common</STRONG> (Thumb, 176 bytes, Stack size 40 bytes, _printf_intcommon.o(.text))
<BR><BR>[Stack]<UL><LI>Max Depth = 56<LI>Call Chain = _printf_int_common &rArr; _printf_post_padding
</UL>
<BR>[Calls]<UL><LI><a href="#[87]">&gt;&gt;</a>&nbsp;&nbsp;&nbsp;_printf_post_padding
<LI><a href="#[86]">&gt;&gt;</a>&nbsp;&nbsp;&nbsp;_printf_pre_padding
</UL>
<BR>[Called By]<UL><LI><a href="#[75]">&gt;&gt;</a>&nbsp;&nbsp;&nbsp;_printf_int_hex
<LI><a href="#[73]">&gt;&gt;</a>&nbsp;&nbsp;&nbsp;_printf_int_dec
</UL>

<P><STRONG><a name="[97]"></a>_printf_cs_common</STRONG> (Thumb, 22 bytes, Stack size 8 bytes, _printf_char.o(.text))
<BR><BR>[Stack]<UL><LI>Max Depth = 40<LI>Call Chain = _printf_cs_common &rArr; _printf_str &rArr; _printf_post_padding
</UL>
<BR>[Calls]<UL><LI><a href="#[98]">&gt;&gt;</a>&nbsp;&nbsp;&nbsp;_printf_mbtowc (Weak Reference)
<LI><a href="#[85]">&gt;&gt;</a>&nbsp;&nbsp;&nbsp;_printf_str
</UL>
<BR>[Called By]<UL><LI><a href="#[79]">&gt;&gt;</a>&nbsp;&nbsp;&nbsp;_printf_string
<LI><a href="#[77]">&gt;&gt;</a>&nbsp;&nbsp;&nbsp;_printf_char
</UL>

<P><STRONG><a name="[77]"></a>_printf_char</STRONG> (Thumb, 16 bytes, Stack size 0 bytes, _printf_char.o(.text))
<BR><BR>[Stack]<UL><LI>Max Depth = 40<LI>Call Chain = _printf_char &rArr; _printf_cs_common &rArr; _printf_str &rArr; _printf_post_padding
</UL>
<BR>[Calls]<UL><LI><a href="#[97]">&gt;&gt;</a>&nbsp;&nbsp;&nbsp;_printf_cs_common
</UL>
<BR>[Called By]<UL><LI><a href="#[74]">&gt;&gt;</a>&nbsp;&nbsp;&nbsp;_printf_c
</UL>

<P><STRONG><a name="[79]"></a>_printf_string</STRONG> (Thumb, 8 bytes, Stack size 0 bytes, _printf_char.o(.text))
<BR><BR>[Stack]<UL><LI>Max Depth = 40<LI>Call Chain = _printf_string &rArr; _printf_cs_common &rArr; _printf_str &rArr; _printf_post_padding
</UL>
<BR>[Calls]<UL><LI><a href="#[97]">&gt;&gt;</a>&nbsp;&nbsp;&nbsp;_printf_cs_common
</UL>
<BR>[Called By]<UL><LI><a href="#[76]">&gt;&gt;</a>&nbsp;&nbsp;&nbsp;_printf_s
</UL>

<P><STRONG><a name="[84]"></a>_printf_char_file</STRONG> (Thumb, 34 bytes, Stack size 16 bytes, _printf_char_file.o(.text))
<BR><BR>[Stack]<UL><LI>Max Depth = 112 + Unknown Stack Size
<LI>Call Chain = _printf_char_file &rArr; _printf_char_common &rArr; __printf
</UL>
<BR>[Calls]<UL><LI><a href="#[9a]">&gt;&gt;</a>&nbsp;&nbsp;&nbsp;ferror
<LI><a href="#[99]">&gt;&gt;</a>&nbsp;&nbsp;&nbsp;_printf_char_common
</UL>
<BR>[Called By]<UL><LI><a href="#[83]">&gt;&gt;</a>&nbsp;&nbsp;&nbsp;__2printf
</UL>

<P><STRONG><a name="[8a]"></a>__rt_udiv10</STRONG> (Thumb, 40 bytes, Stack size 0 bytes, rtudiv10.o(.text))
<BR><BR>[Called By]<UL><LI><a href="#[73]">&gt;&gt;</a>&nbsp;&nbsp;&nbsp;_printf_int_dec
</UL>

<P><STRONG><a name="[99]"></a>_printf_char_common</STRONG> (Thumb, 32 bytes, Stack size 64 bytes, _printf_char_common.o(.text))
<BR><BR>[Stack]<UL><LI>Max Depth = 96 + Unknown Stack Size
<LI>Call Chain = _printf_char_common &rArr; __printf
</UL>
<BR>[Calls]<UL><LI><a href="#[8c]">&gt;&gt;</a>&nbsp;&nbsp;&nbsp;__printf
</UL>
<BR>[Called By]<UL><LI><a href="#[84]">&gt;&gt;</a>&nbsp;&nbsp;&nbsp;_printf_char_file
</UL>

<P><STRONG><a name="[9a]"></a>ferror</STRONG> (Thumb, 8 bytes, Stack size 0 bytes, ferror.o(.text))
<BR><BR>[Called By]<UL><LI><a href="#[84]">&gt;&gt;</a>&nbsp;&nbsp;&nbsp;_printf_char_file
</UL>

<P><STRONG><a name="[7e]"></a>exit</STRONG> (Thumb, 16 bytes, Stack size 8 bytes, exit.o(.text))
<BR><BR>[Stack]<UL><LI>Max Depth = 8 + Unknown Stack Size
<LI>Call Chain = exit
</UL>
<BR>[Calls]<UL><LI><a href="#[9c]">&gt;&gt;</a>&nbsp;&nbsp;&nbsp;__rt_exit
<LI><a href="#[9b]">&gt;&gt;</a>&nbsp;&nbsp;&nbsp;_call_atexit_fns (Weak Reference)
</UL>
<BR>[Called By]<UL><LI><a href="#[7c]">&gt;&gt;</a>&nbsp;&nbsp;&nbsp;__rt_entry_main
</UL>

<P><STRONG><a name="[82]"></a>_sys_exit</STRONG> (Thumb, 8 bytes, Stack size 0 bytes, sys_exit.o(.text))
<BR><BR>[Called By]<UL><LI><a href="#[81]">&gt;&gt;</a>&nbsp;&nbsp;&nbsp;__rt_exit_exit
</UL>

<P><STRONG><a name="[306]"></a>__I$use$semihosting</STRONG> (Thumb, 0 bytes, Stack size 0 bytes, use_no_semi.o(.text), UNUSED)

<P><STRONG><a name="[307]"></a>__use_no_semihosting_swi</STRONG> (Thumb, 2 bytes, Stack size 0 bytes, use_no_semi.o(.text), UNUSED)

<P><STRONG><a name="[308]"></a>__decompress</STRONG> (Thumb, 0 bytes, Stack size unknown bytes, __dczerorl2.o(.text), UNUSED)

<P><STRONG><a name="[309]"></a>__decompress1</STRONG> (Thumb, 86 bytes, Stack size unknown bytes, __dczerorl2.o(.text), UNUSED)

<P><STRONG><a name="[30a]"></a>__semihosting_library_function</STRONG> (Thumb, 0 bytes, Stack size unknown bytes, indicate_semi.o(.text), UNUSED)

<P><STRONG><a name="[1a]"></a>ADC_Handler</STRONG> (Thumb, 2 bytes, Stack size 0 bytes, system_bluenrg1.o(i.ADC_Handler))
<BR>[Address Reference Count : 1]<UL><LI> system_bluenrg1.o(.intvec)
</UL>
<P><STRONG><a name="[9d]"></a>AES128ECB_Wrapper</STRONG> (Thumb, 126 bytes, Stack size unknown bytes, aes128cmac.o(i.AES128ECB_Wrapper))
<BR><BR>[Calls]<UL><LI><a href="#[9e]">&gt;&gt;</a>&nbsp;&nbsp;&nbsp;AES_keyschedule_enc
<LI><a href="#[a0]">&gt;&gt;</a>&nbsp;&nbsp;&nbsp;AES_general_SW_enc
<LI><a href="#[9f]">&gt;&gt;</a>&nbsp;&nbsp;&nbsp;__aeabi_uread4
</UL>
<BR>[Called By]<UL><LI><a href="#[1b6]">&gt;&gt;</a>&nbsp;&nbsp;&nbsp;LL_Encrypt_Plain_Data
</UL>

<P><STRONG><a name="[a1]"></a>AES_CMAC_Encrypt</STRONG> (Thumb, 58 bytes, Stack size unknown bytes, aes128cmac.o(i.AES_CMAC_Encrypt))
<BR><BR>[Calls]<UL><LI><a href="#[a2]">&gt;&gt;</a>&nbsp;&nbsp;&nbsp;AES_CMAC_Encrypt_Init
<LI><a href="#[a4]">&gt;&gt;</a>&nbsp;&nbsp;&nbsp;AES_CMAC_Encrypt_Finish
<LI><a href="#[a3]">&gt;&gt;</a>&nbsp;&nbsp;&nbsp;AES_CMAC_Encrypt_Append
</UL>
<BR>[Called By]<UL><LI><a href="#[210]">&gt;&gt;</a>&nbsp;&nbsp;&nbsp;SMA_SC_Gen_g2_NumComp_Val
<LI><a href="#[20c]">&gt;&gt;</a>&nbsp;&nbsp;&nbsp;SMA_SC_Gen_f4_Confirm
<LI><a href="#[20f]">&gt;&gt;</a>&nbsp;&nbsp;&nbsp;SMA_SC_Gen_f6_Check_Val
<LI><a href="#[20e]">&gt;&gt;</a>&nbsp;&nbsp;&nbsp;SMA_SC_Gen_f5_Keys
</UL>

<P><STRONG><a name="[a3]"></a>AES_CMAC_Encrypt_Append</STRONG> (Thumb, 642 bytes, Stack size unknown bytes, crypto.o(i.AES_CMAC_Encrypt_Append))
<BR><BR>[Calls]<UL><LI><a href="#[9f]">&gt;&gt;</a>&nbsp;&nbsp;&nbsp;__aeabi_uread4
<LI><a href="#[a5]">&gt;&gt;</a>&nbsp;&nbsp;&nbsp;AES_general_enc
</UL>
<BR>[Called By]<UL><LI><a href="#[a4]">&gt;&gt;</a>&nbsp;&nbsp;&nbsp;AES_CMAC_Encrypt_Finish
<LI><a href="#[a1]">&gt;&gt;</a>&nbsp;&nbsp;&nbsp;AES_CMAC_Encrypt
</UL>

<P><STRONG><a name="[a4]"></a>AES_CMAC_Encrypt_Finish</STRONG> (Thumb, 104 bytes, Stack size unknown bytes, crypto.o(i.AES_CMAC_Encrypt_Finish))
<BR><BR>[Calls]<UL><LI><a href="#[a3]">&gt;&gt;</a>&nbsp;&nbsp;&nbsp;AES_CMAC_Encrypt_Append
</UL>
<BR>[Called By]<UL><LI><a href="#[a1]">&gt;&gt;</a>&nbsp;&nbsp;&nbsp;AES_CMAC_Encrypt
</UL>

<P><STRONG><a name="[a2]"></a>AES_CMAC_Encrypt_Init</STRONG> (Thumb, 52 bytes, Stack size unknown bytes, crypto.o(i.AES_CMAC_Encrypt_Init))
<BR><BR>[Calls]<UL><LI><a href="#[a6]">&gt;&gt;</a>&nbsp;&nbsp;&nbsp;AESstdInit
</UL>
<BR>[Called By]<UL><LI><a href="#[a1]">&gt;&gt;</a>&nbsp;&nbsp;&nbsp;AES_CMAC_Encrypt
</UL>

<P><STRONG><a name="[a0]"></a>AES_general_SW_enc</STRONG> (Thumb, 604 bytes, Stack size unknown bytes, crypto.o(i.AES_general_SW_enc))
<BR><BR>[Called By]<UL><LI><a href="#[9d]">&gt;&gt;</a>&nbsp;&nbsp;&nbsp;AES128ECB_Wrapper
<LI><a href="#[a5]">&gt;&gt;</a>&nbsp;&nbsp;&nbsp;AES_general_enc
</UL>

<P><STRONG><a name="[9e]"></a>AES_keyschedule_enc</STRONG> (Thumb, 54 bytes, Stack size unknown bytes, crypto.o(i.AES_keyschedule_enc))
<BR><BR>[Calls]<UL><LI><a href="#[9f]">&gt;&gt;</a>&nbsp;&nbsp;&nbsp;__aeabi_uread4
<LI><a href="#[a7]">&gt;&gt;</a>&nbsp;&nbsp;&nbsp;AES_keyschedule_enc_LL
</UL>
<BR>[Called By]<UL><LI><a href="#[9d]">&gt;&gt;</a>&nbsp;&nbsp;&nbsp;AES128ECB_Wrapper
<LI><a href="#[a6]">&gt;&gt;</a>&nbsp;&nbsp;&nbsp;AESstdInit
</UL>

<P><STRONG><a name="[c]"></a>AT_Delet_ADV</STRONG> (Thumb, 22 bytes, Stack size 8 bytes, atprocess.o(i.AT_Delet_ADV))
<BR><BR>[Stack]<UL><LI>Max Depth = 144 + Unknown Stack Size
<LI>Call Chain = AT_Delet_ADV &rArr; __2printf &rArr; _printf_char_file &rArr; _printf_char_common &rArr; __printf
</UL>
<BR>[Calls]<UL><LI><a href="#[a8]">&gt;&gt;</a>&nbsp;&nbsp;&nbsp;aci_gap_delete_ad_type
<LI><a href="#[83]">&gt;&gt;</a>&nbsp;&nbsp;&nbsp;__2printf
</UL>
<BR>[Address Reference Count : 1]<UL><LI> atprocess.o(.data)
</UL>
<P><STRONG><a name="[9]"></a>AT_Disconnect</STRONG> (Thumb, 26 bytes, Stack size 8 bytes, atprocess.o(i.AT_Disconnect))
<BR><BR>[Stack]<UL><LI>Max Depth = 144 + Unknown Stack Size
<LI>Call Chain = AT_Disconnect &rArr; __2printf &rArr; _printf_char_file &rArr; _printf_char_common &rArr; __printf
</UL>
<BR>[Calls]<UL><LI><a href="#[a9]">&gt;&gt;</a>&nbsp;&nbsp;&nbsp;hci_disconnect
<LI><a href="#[83]">&gt;&gt;</a>&nbsp;&nbsp;&nbsp;__2printf
</UL>
<BR>[Address Reference Count : 1]<UL><LI> atprocess.o(.data)
</UL>
<P><STRONG><a name="[b]"></a>AT_Name</STRONG> (Thumb, 40 bytes, Stack size 16 bytes, atprocess.o(i.AT_Name))
<BR><BR>[Stack]<UL><LI>Max Depth = 152 + Unknown Stack Size
<LI>Call Chain = AT_Name &rArr; __2printf &rArr; _printf_char_file &rArr; _printf_char_common &rArr; __printf
</UL>
<BR>[Calls]<UL><LI><a href="#[aa]">&gt;&gt;</a>&nbsp;&nbsp;&nbsp;strlen
<LI><a href="#[83]">&gt;&gt;</a>&nbsp;&nbsp;&nbsp;__2printf
</UL>
<BR>[Address Reference Count : 1]<UL><LI> atprocess.o(.data)
</UL>
<P><STRONG><a name="[d]"></a>AT_StartAdv</STRONG> (Thumb, 34 bytes, Stack size 8 bytes, atprocess.o(i.AT_StartAdv))
<BR><BR>[Stack]<UL><LI>Max Depth = 200 + Unknown Stack Size
<LI>Call Chain = AT_StartAdv &rArr; Make_Connection &rArr; __2printf &rArr; _printf_char_file &rArr; _printf_char_common &rArr; __printf
</UL>
<BR>[Calls]<UL><LI><a href="#[ab]">&gt;&gt;</a>&nbsp;&nbsp;&nbsp;Make_Connection
<LI><a href="#[83]">&gt;&gt;</a>&nbsp;&nbsp;&nbsp;__2printf
</UL>
<BR>[Address Reference Count : 1]<UL><LI> atprocess.o(.data)
</UL>
<P><STRONG><a name="[a]"></a>AT_transmit_power_level</STRONG> (Thumb, 32 bytes, Stack size 8 bytes, atprocess.o(i.AT_transmit_power_level))
<BR><BR>[Stack]<UL><LI>Max Depth = 144 + Unknown Stack Size
[...]
<BR><BR>[Stack]<UL><LI>Max Depth = 40 + Unknown Stack Size
<LI>Call Chain = smp____MI_PairingConfirm_Send &rArr; PM_Write_Pckt_Data &rArr; Acl_Copy_Data &rArr; Osal_MemCpy &rArr; memcpy &rArr; __aeabi_memcpy
</UL>
<BR>[Calls]<UL><LI><a href="#[cc]">&gt;&gt;</a>&nbsp;&nbsp;&nbsp;PM_Write_Pckt_Data
<LI><a href="#[ff]">&gt;&gt;</a>&nbsp;&nbsp;&nbsp;PM_Get_Pckt
<LI><a href="#[20c]">&gt;&gt;</a>&nbsp;&nbsp;&nbsp;SMA_SC_Gen_f4_Confirm
<LI><a href="#[218]">&gt;&gt;</a>&nbsp;&nbsp;&nbsp;smp_Send_Data
<LI><a href="#[2c1]">&gt;&gt;</a>&nbsp;&nbsp;&nbsp;smp_LP_MI_Compute_c1_Confirm_Value
<LI><a href="#[ca]">&gt;&gt;</a>&nbsp;&nbsp;&nbsp;PM_Set_Att_Pdu_Length
</UL>
<BR>[Called By]<UL><LI><a href="#[21b]">&gt;&gt;</a>&nbsp;&nbsp;&nbsp;smp_Execute_Actions_wrt_Current_State
</UL>

<P><STRONG><a name="[2cb]"></a>smp____MI_PairingRandom_Receive</STRONG> (Thumb, 418 bytes, Stack size unknown bytes, securitymgr.o(i.smp____MI_PairingRandom_Receive))
<BR><BR>[Stack]<UL><LI>Max Depth = 40 + Unknown Stack Size
<LI>Call Chain = smp____MI_PairingRandom_Receive &rArr; Osal_MemCpy &rArr; memcpy &rArr; __aeabi_memcpy
</UL>
<BR>[Calls]<UL><LI><a href="#[bb]">&gt;&gt;</a>&nbsp;&nbsp;&nbsp;Osal_MemSet
<LI><a href="#[b3]">&gt;&gt;</a>&nbsp;&nbsp;&nbsp;Osal_MemCmp
<LI><a href="#[ae]">&gt;&gt;</a>&nbsp;&nbsp;&nbsp;Osal_MemCpy
<LI><a href="#[11a]">&gt;&gt;</a>&nbsp;&nbsp;&nbsp;PM_Copy_Pckt_Data
<LI><a href="#[1c1]">&gt;&gt;</a>&nbsp;&nbsp;&nbsp;LL_Start_Encryption
<LI><a href="#[210]">&gt;&gt;</a>&nbsp;&nbsp;&nbsp;SMA_SC_Gen_g2_NumComp_Val
<LI><a href="#[20c]">&gt;&gt;</a>&nbsp;&nbsp;&nbsp;SMA_SC_Gen_f4_Confirm
<LI><a href="#[20b]">&gt;&gt;</a>&nbsp;&nbsp;&nbsp;SMA_LP_s1_Generate_STK
<LI><a href="#[2bc]">&gt;&gt;</a>&nbsp;&nbsp;&nbsp;smp____PairingFailed_Send
<LI><a href="#[2c1]">&gt;&gt;</a>&nbsp;&nbsp;&nbsp;smp_LP_MI_Compute_c1_Confirm_Value
<LI><a href="#[265]">&gt;&gt;</a>&nbsp;&nbsp;&nbsp;aci_gap_numeric_comparison_value_event_push
<LI><a href="#[126]">&gt;&gt;</a>&nbsp;&nbsp;&nbsp;STORE_LE_32
<LI><a href="#[177]">&gt;&gt;</a>&nbsp;&nbsp;&nbsp;__aeabi_uidivmod
</UL>
<BR>[Called By]<UL><LI><a href="#[21c]">&gt;&gt;</a>&nbsp;&nbsp;&nbsp;smp_Process_Rx_Packet_wrt_Current_State
</UL>

<P><STRONG><a name="[2ca]"></a>smp____MI_PairingResponse_Receive</STRONG> (Thumb, 126 bytes, Stack size unknown bytes, securitymgr.o(i.smp____MI_PairingResponse_Receive))
<BR><BR>[Stack]<UL><LI>Max Depth = 40 + Unknown Stack Size
<LI>Call Chain = smp____MI_PairingResponse_Receive &rArr; smp____PairingFailed_Send &rArr; smp____Pairing_Process_Abort &rArr; sm_RepeatedAttacks_Protection &rArr; Osal_MemCpy &rArr; memcpy &rArr; __aeabi_memcpy
</UL>
<BR>[Calls]<UL><LI><a href="#[2d0]">&gt;&gt;</a>&nbsp;&nbsp;&nbsp;smp____SC_Continue_If_Exclusive_SC_Pairing
<LI><a href="#[2bc]">&gt;&gt;</a>&nbsp;&nbsp;&nbsp;smp____PairingFailed_Send
<LI><a href="#[2ce]">&gt;&gt;</a>&nbsp;&nbsp;&nbsp;smp_Set_Key_Association_Method
<LI><a href="#[2d1]">&gt;&gt;</a>&nbsp;&nbsp;&nbsp;smp_Get_Pairing_Parameters_From_Peer_Packet
<LI><a href="#[2cf]">&gt;&gt;</a>&nbsp;&nbsp;&nbsp;smp_Check_Incoming_Pairing_Parameters
</UL>
<BR>[Called By]<UL><LI><a href="#[21c]">&gt;&gt;</a>&nbsp;&nbsp;&nbsp;smp_Process_Rx_Packet_wrt_Current_State
</UL>

<P><STRONG><a name="[2c6]"></a>smp____MI_SecurityRequest_Receive</STRONG> (Thumb, 96 bytes, Stack size unknown bytes, securitymgr.o(i.smp____MI_SecurityRequest_Receive))
<BR><BR>[Stack]<UL><LI>Max Depth = 40 + Unknown Stack Size
<LI>Call Chain = smp____MI_SecurityRequest_Receive &rArr; SMP_MI_PairingRequest_Send &rArr; smp_Send_Data &rArr; smp_Reset_Timer &rArr; Timer_StartOneShot &rArr; Timer_StartOneShot_sysTime32 &rArr; Osal_MemCpy &rArr; memcpy &rArr; __aeabi_memcpy
</UL>
<BR>[Calls]<UL><LI><a href="#[213]">&gt;&gt;</a>&nbsp;&nbsp;&nbsp;SMP_MI_PairingRequest_Send
<LI><a href="#[2bc]">&gt;&gt;</a>&nbsp;&nbsp;&nbsp;smp____PairingFailed_Send
</UL>
<BR>[Called By]<UL><LI><a href="#[21c]">&gt;&gt;</a>&nbsp;&nbsp;&nbsp;smp_Process_Rx_Packet_wrt_Current_State
</UL>

<P><STRONG><a name="[21d]"></a>smp____Pairing_Process_Abort</STRONG> (Thumb, 182 bytes, Stack size unknown bytes, securitymgr.o(i.smp____Pairing_Process_Abort))
<BR><BR>[Stack]<UL><LI>Max Depth = 40 + Unknown Stack Size
<LI>Call Chain = smp____Pairing_Process_Abort &rArr; sm_RepeatedAttacks_Protection &rArr; Osal_MemCpy &rArr; memcpy &rArr; __aeabi_memcpy
</UL>
<BR>[Calls]<UL><LI><a href="#[bd]">&gt;&gt;</a>&nbsp;&nbsp;&nbsp;aci_event_fifo_push_header
<LI><a href="#[be]">&gt;&gt;</a>&nbsp;&nbsp;&nbsp;aci_event_fifo_push
<LI><a href="#[2b6]">&gt;&gt;</a>&nbsp;&nbsp;&nbsp;smp____SC_submit_ECC_PK_generation_request
<LI><a href="#[228]">&gt;&gt;</a>&nbsp;&nbsp;&nbsp;smp_Find_Remote_Device_Index
<LI><a href="#[2b1]">&gt;&gt;</a>&nbsp;&nbsp;&nbsp;sm_RepeatedAttacks_Protection
<LI><a href="#[150]">&gt;&gt;</a>&nbsp;&nbsp;&nbsp;Timer_StopOneShot
</UL>
<BR>[Called By]<UL><LI><a href="#[d8]">&gt;&gt;</a>&nbsp;&nbsp;&nbsp;SMP_Process_Q
<LI><a href="#[2bc]">&gt;&gt;</a>&nbsp;&nbsp;&nbsp;smp____PairingFailed_Send
</UL>

<P><STRONG><a name="[2ba]"></a>smp____SR_PairingConfirm_Receive</STRONG> (Thumb, 172 bytes, Stack size unknown bytes, securitymgr.o(i.smp____SR_PairingConfirm_Receive))
<BR><BR>[Stack]<UL><LI>Max Depth = 40 + Unknown Stack Size
<LI>Call Chain = smp____SR_PairingConfirm_Receive &rArr; PM_Write_Pckt_Data &rArr; Acl_Copy_Data &rArr; Osal_MemCpy &rArr; memcpy &rArr; __aeabi_memcpy
</UL>
<BR>[Calls]<UL><LI><a href="#[cc]">&gt;&gt;</a>&nbsp;&nbsp;&nbsp;PM_Write_Pckt_Data
<LI><a href="#[ff]">&gt;&gt;</a>&nbsp;&nbsp;&nbsp;PM_Get_Pckt
<LI><a href="#[11a]">&gt;&gt;</a>&nbsp;&nbsp;&nbsp;PM_Copy_Pckt_Data
<LI><a href="#[20c]">&gt;&gt;</a>&nbsp;&nbsp;&nbsp;SMA_SC_Gen_f4_Confirm
<LI><a href="#[218]">&gt;&gt;</a>&nbsp;&nbsp;&nbsp;smp_Send_Data
<LI><a href="#[2cd]">&gt;&gt;</a>&nbsp;&nbsp;&nbsp;smp_SR_Compute_c1_Confirm_Value
<LI><a href="#[ca]">&gt;&gt;</a>&nbsp;&nbsp;&nbsp;PM_Set_Att_Pdu_Length
</UL>
<BR>[Called By]<UL><LI><a href="#[21c]">&gt;&gt;</a>&nbsp;&nbsp;&nbsp;smp_Process_Rx_Packet_wrt_Current_State
<LI><a href="#[21b]">&gt;&gt;</a>&nbsp;&nbsp;&nbsp;smp_Execute_Actions_wrt_Current_State
</UL>

<P><STRONG><a name="[2c8]"></a>smp____SR_PairingRandom_Receive</STRONG> (Thumb, 410 bytes, Stack size unknown bytes, securitymgr.o(i.smp____SR_PairingRandom_Receive))
<BR><BR>[Stack]<UL><LI>Max Depth = 40 + Unknown Stack Size
<LI>Call Chain = smp____SR_PairingRandom_Receive &rArr; Osal_MemCpy &rArr; memcpy &rArr; __aeabi_memcpy
</UL>
<BR>[Calls]<UL><LI><a href="#[bb]">&gt;&gt;</a>&nbsp;&nbsp;&nbsp;Osal_MemSet
<LI><a href="#[b3]">&gt;&gt;</a>&nbsp;&nbsp;&nbsp;Osal_MemCmp
<LI><a href="#[ae]">&gt;&gt;</a>&nbsp;&nbsp;&nbsp;Osal_MemCpy
<LI><a href="#[cc]">&gt;&gt;</a>&nbsp;&nbsp;&nbsp;PM_Write_Pckt_Data
<LI><a href="#[ff]">&gt;&gt;</a>&nbsp;&nbsp;&nbsp;PM_Get_Pckt
<LI><a href="#[11a]">&gt;&gt;</a>&nbsp;&nbsp;&nbsp;PM_Copy_Pckt_Data
<LI><a href="#[210]">&gt;&gt;</a>&nbsp;&nbsp;&nbsp;SMA_SC_Gen_g2_NumComp_Val
<LI><a href="#[20c]">&gt;&gt;</a>&nbsp;&nbsp;&nbsp;SMA_SC_Gen_f4_Confirm
<LI><a href="#[20b]">&gt;&gt;</a>&nbsp;&nbsp;&nbsp;SMA_LP_s1_Generate_STK
<LI><a href="#[2bc]">&gt;&gt;</a>&nbsp;&nbsp;&nbsp;smp____PairingFailed_Send
<LI><a href="#[218]">&gt;&gt;</a>&nbsp;&nbsp;&nbsp;smp_Send_Data
<LI><a href="#[2cd]">&gt;&gt;</a>&nbsp;&nbsp;&nbsp;smp_SR_Compute_c1_Confirm_Value
<LI><a href="#[265]">&gt;&gt;</a>&nbsp;&nbsp;&nbsp;aci_gap_numeric_comparison_value_event_push
<LI><a href="#[126]">&gt;&gt;</a>&nbsp;&nbsp;&nbsp;STORE_LE_32
<LI><a href="#[ca]">&gt;&gt;</a>&nbsp;&nbsp;&nbsp;PM_Set_Att_Pdu_Length
<LI><a href="#[177]">&gt;&gt;</a>&nbsp;&nbsp;&nbsp;__aeabi_uidivmod
</UL>
<BR>[Called By]<UL><LI><a href="#[21c]">&gt;&gt;</a>&nbsp;&nbsp;&nbsp;smp_Process_Rx_Packet_wrt_Current_State
</UL>

<P><STRONG><a name="[2c5]"></a>smp____SR_PairingRequest_Receive</STRONG> (Thumb, 398 bytes, Stack size unknown bytes, securitymgr.o(i.smp____SR_PairingRequest_Receive))
<BR><BR>[Stack]<UL><LI>Max Depth = 40 + Unknown Stack Size
<LI>Call Chain = smp____SR_PairingRequest_Receive &rArr; smp_Add_To_Database &rArr; Osal_MemCpy &rArr; memcpy &rArr; __aeabi_memcpy
</UL>
<BR>[Calls]<UL><LI><a href="#[ff]">&gt;&gt;</a>&nbsp;&nbsp;&nbsp;PM_Get_Pckt
<LI><a href="#[2d0]">&gt;&gt;</a>&nbsp;&nbsp;&nbsp;smp____SC_Continue_If_Exclusive_SC_Pairing
<LI><a href="#[216]">&gt;&gt;</a>&nbsp;&nbsp;&nbsp;smp_OOB_Check_Is_Remote_Data_Present
<LI><a href="#[2b2]">&gt;&gt;</a>&nbsp;&nbsp;&nbsp;smp_Add_To_Database
<LI><a href="#[2bc]">&gt;&gt;</a>&nbsp;&nbsp;&nbsp;smp____PairingFailed_Send
<LI><a href="#[218]">&gt;&gt;</a>&nbsp;&nbsp;&nbsp;smp_Send_Data
<LI><a href="#[2ce]">&gt;&gt;</a>&nbsp;&nbsp;&nbsp;smp_Set_Key_Association_Method
<LI><a href="#[2d1]">&gt;&gt;</a>&nbsp;&nbsp;&nbsp;smp_Get_Pairing_Parameters_From_Peer_Packet
<LI><a href="#[2cf]">&gt;&gt;</a>&nbsp;&nbsp;&nbsp;smp_Check_Incoming_Pairing_Parameters
<LI><a href="#[217]">&gt;&gt;</a>&nbsp;&nbsp;&nbsp;smp_Build_Pairing_ReqResp_Packet
<LI><a href="#[215]">&gt;&gt;</a>&nbsp;&nbsp;&nbsp;smp_Build_AuthReq_Field
</UL>
<BR>[Called By]<UL><LI><a href="#[21c]">&gt;&gt;</a>&nbsp;&nbsp;&nbsp;smp_Process_Rx_Packet_wrt_Current_State
</UL>

<P><STRONG><a name="[225]"></a>SM_Connection_Complete_Handler</STRONG> (Thumb, 118 bytes, Stack size unknown bytes, sm_common.o(i.SM_Connection_Complete_Handler))
<BR><BR>[Stack]<UL><LI>Max Depth = 40 + Unknown Stack Size
<LI>Call Chain = SM_Connection_Complete_Handler &rArr; Osal_MemCpy &rArr; memcpy &rArr; __aeabi_memcpy
</UL>
<BR>[Calls]<UL><LI><a href="#[ae]">&gt;&gt;</a>&nbsp;&nbsp;&nbsp;Osal_MemCpy
</UL>
<BR>[Called By]<UL><LI><a href="#[199]">&gt;&gt;</a>&nbsp;&nbsp;&nbsp;SM_L2CAP_Handler_ISR
</UL>

<P><STRONG><a name="[25f]"></a>aci_gap_authorization_req_event_push</STRONG> (Thumb, 64 bytes, Stack size unknown bytes, sm_common.o(i.aci_gap_authorization_req_event_push))
<BR><BR>[Calls]<UL><LI><a href="#[bd]">&gt;&gt;</a>&nbsp;&nbsp;&nbsp;aci_event_fifo_push_header
<LI><a href="#[be]">&gt;&gt;</a>&nbsp;&nbsp;&nbsp;aci_event_fifo_push
</UL>
<BR>[Called By]<UL><LI><a href="#[2bf]">&gt;&gt;</a>&nbsp;&nbsp;&nbsp;smp_Pairing_Completed
</UL>

<P><STRONG><a name="[222]"></a>aci_gap_pairing_complete_event_push</STRONG> (Thumb, 72 bytes, Stack size unknown bytes, sm_common.o(i.aci_gap_pairing_complete_event_push))
<BR><BR>[Calls]<UL><LI><a href="#[bd]">&gt;&gt;</a>&nbsp;&nbsp;&nbsp;aci_event_fifo_push_header
<LI><a href="#[be]">&gt;&gt;</a>&nbsp;&nbsp;&nbsp;aci_event_fifo_push
</UL>
<BR>[Called By]<UL><LI><a href="#[2bf]">&gt;&gt;</a>&nbsp;&nbsp;&nbsp;smp_Pairing_Completed
<LI><a href="#[1a0]">&gt;&gt;</a>&nbsp;&nbsp;&nbsp;SM_L2CAP_Encryption_changed_Handler_ISR
<LI><a href="#[221]">&gt;&gt;</a>&nbsp;&nbsp;&nbsp;SMP_Timer_cb
</UL>

<P><STRONG><a name="[227]"></a>smp_Keys_Distribution_Complete</STRONG> (Thumb, 70 bytes, Stack size unknown bytes, sm_common.o(i.smp_Keys_Distribution_Complete))
<BR><BR>[Stack]<UL><LI>Max Depth = 40 + Unknown Stack Size
<LI>Call Chain = smp_Keys_Distribution_Complete &rArr; smp_Pairing_Completed &rArr; smp_Add_To_Database &rArr; Osal_MemCpy &rArr; memcpy &rArr; __aeabi_memcpy
</UL>
<BR>[Calls]<UL><LI><a href="#[1c1]">&gt;&gt;</a>&nbsp;&nbsp;&nbsp;LL_Start_Encryption
<LI><a href="#[2bf]">&gt;&gt;</a>&nbsp;&nbsp;&nbsp;smp_Pairing_Completed
</UL>
<BR>[Called By]<UL><LI><a href="#[19d]">&gt;&gt;</a>&nbsp;&nbsp;&nbsp;SM_L2CAP_Handler
</UL>

<P><STRONG><a name="[11c]"></a>aci_gatt_attribute_modified_event_push</STRONG> (Thumb, 100 bytes, Stack size unknown bytes, att.o(i.aci_gatt_attribute_modified_event_push))
<BR><BR>[Stack]<UL><LI>Max Depth = 40 + Unknown Stack Size
<LI>Call Chain = aci_gatt_attribute_modified_event_push &rArr; Osal_MemCpy &rArr; memcpy &rArr; __aeabi_memcpy
</UL>
<BR>[Calls]<UL><LI><a href="#[ae]">&gt;&gt;</a>&nbsp;&nbsp;&nbsp;Osal_MemCpy
<LI><a href="#[bd]">&gt;&gt;</a>&nbsp;&nbsp;&nbsp;aci_event_fifo_push_header
<LI><a href="#[be]">&gt;&gt;</a>&nbsp;&nbsp;&nbsp;aci_event_fifo_push
</UL>
<BR>[Called By]<UL><LI><a href="#[1e4]">&gt;&gt;</a>&nbsp;&nbsp;&nbsp;Write_Resp
<LI><a href="#[1e5]">&gt;&gt;</a>&nbsp;&nbsp;&nbsp;Write_Cmd
<LI><a href="#[118]">&gt;&gt;</a>&nbsp;&nbsp;&nbsp;Exec_Write_Resp
</UL>

<P><STRONG><a name="[1fe]"></a>aci_gatt_read_multi_permit_req_event_push</STRONG> (Thumb, 80 bytes, Stack size unknown bytes, att.o(i.aci_gatt_read_multi_permit_req_event_push))
<BR><BR>[Stack]<UL><LI>Max Depth = 40 + Unknown Stack Size
<LI>Call Chain = aci_gatt_read_multi_permit_req_event_push &rArr; Osal_MemCpy &rArr; memcpy &rArr; __aeabi_memcpy
</UL>
<BR>[Calls]<UL><LI><a href="#[ae]">&gt;&gt;</a>&nbsp;&nbsp;&nbsp;Osal_MemCpy
<LI><a href="#[bd]">&gt;&gt;</a>&nbsp;&nbsp;&nbsp;aci_event_fifo_push_header
<LI><a href="#[be]">&gt;&gt;</a>&nbsp;&nbsp;&nbsp;aci_event_fifo_push
</UL>
<BR>[Called By]<UL><LI><a href="#[1e2]">&gt;&gt;</a>&nbsp;&nbsp;&nbsp;Read_Multi_Resp
<LI><a href="#[1df]">&gt;&gt;</a>&nbsp;&nbsp;&nbsp;Read_By_Type_Resp
</UL>

<P><STRONG><a name="[1fc]"></a>aci_gatt_read_permit_req_event_push</STRONG> (Thumb, 56 bytes, Stack size unknown bytes, att.o(i.aci_gatt_read_permit_req_event_push))
<BR><BR>[Calls]<UL><LI><a href="#[bd]">&gt;&gt;</a>&nbsp;&nbsp;&nbsp;aci_event_fifo_push_header
<LI><a href="#[be]">&gt;&gt;</a>&nbsp;&nbsp;&nbsp;aci_event_fifo_push
</UL>
<BR>[Called By]<UL><LI><a href="#[1e0]">&gt;&gt;</a>&nbsp;&nbsp;&nbsp;Read_Resp
<LI><a href="#[1e1]">&gt;&gt;</a>&nbsp;&nbsp;&nbsp;Read_Blob_Resp
</UL>

<P><STRONG><a name="[248]"></a>aci_gatt_write_permit_req_event_push</STRONG> (Thumb, 86 bytes, Stack size unknown bytes, att.o(i.aci_gatt_write_permit_req_event_push))
<BR><BR>[Stack]<UL><LI>Max Depth = 40 + Unknown Stack Size
<LI>Call Chain = aci_gatt_write_permit_req_event_push &rArr; PM_Copy_Pckt_Data &rArr; Acl_Copy_Data &rArr; Osal_MemCpy &rArr; memcpy &rArr; __aeabi_memcpy
</UL>
<BR>[Calls]<UL><LI><a href="#[bd]">&gt;&gt;</a>&nbsp;&nbsp;&nbsp;aci_event_fifo_push_header
<LI><a href="#[be]">&gt;&gt;</a>&nbsp;&nbsp;&nbsp;aci_event_fifo_push
<LI><a href="#[11a]">&gt;&gt;</a>&nbsp;&nbsp;&nbsp;PM_Copy_Pckt_Data
</UL>
<BR>[Called By]<UL><LI><a href="#[1e4]">&gt;&gt;</a>&nbsp;&nbsp;&nbsp;Write_Resp
<LI><a href="#[1e5]">&gt;&gt;</a>&nbsp;&nbsp;&nbsp;Write_Cmd
</UL>

<P><STRONG><a name="[2d5]"></a>smp____SC_Phase_2AS2_Generate_DHKeyCheck</STRONG> (Thumb, 298 bytes, Stack size unknown bytes, smp_scv42_isap.o(i.smp____SC_Phase_2AS2_Generate_DHKeyCheck))
<BR><BR>[Stack]<UL><LI>Max Depth = 40 + Unknown Stack Size
<LI>Call Chain = smp____SC_Phase_2AS2_Generate_DHKeyCheck &rArr; Osal_MemCpy &rArr; memcpy &rArr; __aeabi_memcpy
</UL>
<BR>[Calls]<UL><LI><a href="#[bb]">&gt;&gt;</a>&nbsp;&nbsp;&nbsp;Osal_MemSet
<LI><a href="#[ae]">&gt;&gt;</a>&nbsp;&nbsp;&nbsp;Osal_MemCpy
<LI><a href="#[2c3]">&gt;&gt;</a>&nbsp;&nbsp;&nbsp;smp_OOB_Get_Remote_Data_Reference
<LI><a href="#[216]">&gt;&gt;</a>&nbsp;&nbsp;&nbsp;smp_OOB_Check_Is_Remote_Data_Present
<LI><a href="#[126]">&gt;&gt;</a>&nbsp;&nbsp;&nbsp;STORE_LE_32
<LI><a href="#[20f]">&gt;&gt;</a>&nbsp;&nbsp;&nbsp;SMA_SC_Gen_f6_Check_Val
<LI><a href="#[2d7]">&gt;&gt;</a>&nbsp;&nbsp;&nbsp;smp____SC_Phase_2AS2__Set_Addresses
</UL>
<BR>[Called By]<UL><LI><a href="#[2bb]">&gt;&gt;</a>&nbsp;&nbsp;&nbsp;smp____SC_Phase_2AS2_Start
<LI><a href="#[2cc]">&gt;&gt;</a>&nbsp;&nbsp;&nbsp;smp____SC_Phase_2AS2_DHKeyCheck_Receive
</UL>

<P><STRONG><a name="[2d7]"></a>smp____SC_Phase_2AS2__Set_Addresses</STRONG> (Thumb, 50 bytes, Stack size unknown bytes, smp_scv42_isap.o(i.smp____SC_Phase_2AS2__Set_Addresses))
<BR><BR>[Stack]<UL><LI>Max Depth = 40 + Unknown Stack Size
<LI>Call Chain = smp____SC_Phase_2AS2__Set_Addresses &rArr; Osal_MemCpy &rArr; memcpy &rArr; __aeabi_memcpy
</UL>
<BR>[Calls]<UL><LI><a href="#[ae]">&gt;&gt;</a>&nbsp;&nbsp;&nbsp;Osal_MemCpy
</UL>
<BR>[Called By]<UL><LI><a href="#[2bb]">&gt;&gt;</a>&nbsp;&nbsp;&nbsp;smp____SC_Phase_2AS2_Start
<LI><a href="#[2d5]">&gt;&gt;</a>&nbsp;&nbsp;&nbsp;smp____SC_Phase_2AS2_Generate_DHKeyCheck
</UL>

<P><STRONG><a name="[2b0]"></a>LeftShift</STRONG> (Thumb, 44 bytes, Stack size unknown bytes, ssm_algo.o(i.LeftShift))
<BR><BR>[Called By]<UL><LI><a href="#[224]">&gt;&gt;</a>&nbsp;&nbsp;&nbsp;sm_Generate_SubKeys
</UL>

<P><STRONG><a name="[223]"></a>SM_CMAC_Generate_Tag</STRONG> (Thumb, 196 bytes, Stack size unknown bytes, ssm_algo.o(i.SM_CMAC_Generate_Tag))
<BR><BR>[Stack]<UL><LI>Max Depth = 40 + Unknown Stack Size
<LI>Call Chain = SM_CMAC_Generate_Tag &rArr; Osal_MemCpy &rArr; memcpy &rArr; __aeabi_memcpy
</UL>
<BR>[Calls]<UL><LI><a href="#[bb]">&gt;&gt;</a>&nbsp;&nbsp;&nbsp;Osal_MemSet
<LI><a href="#[ae]">&gt;&gt;</a>&nbsp;&nbsp;&nbsp;Osal_MemCpy
<LI><a href="#[11a]">&gt;&gt;</a>&nbsp;&nbsp;&nbsp;PM_Copy_Pckt_Data
<LI><a href="#[1b6]">&gt;&gt;</a>&nbsp;&nbsp;&nbsp;LL_Encrypt_Plain_Data
<LI><a href="#[224]">&gt;&gt;</a>&nbsp;&nbsp;&nbsp;sm_Generate_SubKeys
</UL>
<BR>[Called By]<UL><LI><a href="#[229]">&gt;&gt;</a>&nbsp;&nbsp;&nbsp;SM_Validate_Signed_Packet
</UL>

<P><STRONG><a name="[226]"></a>sm_Calculate_Hash</STRONG> (Thumb, 56 bytes, Stack size unknown bytes, ssm_algo.o(i.sm_Calculate_Hash))
<BR><BR>[Stack]<UL><LI>Max Depth = 40 + Unknown Stack Size
<LI>Call Chain = sm_Calculate_Hash &rArr; Osal_MemCpy &rArr; memcpy &rArr; __aeabi_memcpy
</UL>
<BR>[Calls]<UL><LI><a href="#[bb]">&gt;&gt;</a>&nbsp;&nbsp;&nbsp;Osal_MemSet
<LI><a href="#[ae]">&gt;&gt;</a>&nbsp;&nbsp;&nbsp;Osal_MemCpy
<LI><a href="#[1b6]">&gt;&gt;</a>&nbsp;&nbsp;&nbsp;LL_Encrypt_Plain_Data
</UL>
<BR>[Called By]<UL><LI><a href="#[12a]">&gt;&gt;</a>&nbsp;&nbsp;&nbsp;SM_Resolve_Private_Address
<LI><a href="#[14f]">&gt;&gt;</a>&nbsp;&nbsp;&nbsp;SM_Generate_Resolvable_Private_Address
</UL>

<P><STRONG><a name="[224]"></a>sm_Generate_SubKeys</STRONG> (Thumb, 128 bytes, Stack size unknown bytes, ssm_algo.o(i.sm_Generate_SubKeys))
<BR><BR>[Calls]<UL><LI><a href="#[1b6]">&gt;&gt;</a>&nbsp;&nbsp;&nbsp;LL_Encrypt_Plain_Data
<LI><a href="#[2b0]">&gt;&gt;</a>&nbsp;&nbsp;&nbsp;LeftShift
</UL>
<BR>[Called By]<UL><LI><a href="#[223]">&gt;&gt;</a>&nbsp;&nbsp;&nbsp;SM_CMAC_Generate_Tag
</UL>

<P><STRONG><a name="[a5]"></a>AES_general_enc</STRONG> (Thumb, 8 bytes, Stack size unknown bytes, crypto.o(i.AES_general_enc))
<BR><BR>[Calls]<UL><LI><a href="#[a0]">&gt;&gt;</a>&nbsp;&nbsp;&nbsp;AES_general_SW_enc
</UL>
<BR>[Called By]<UL><LI><a href="#[a3]">&gt;&gt;</a>&nbsp;&nbsp;&nbsp;AES_CMAC_Encrypt_Append
</UL>

<P><STRONG><a name="[a7]"></a>AES_keyschedule_enc_LL</STRONG> (Thumb, 344 bytes, Stack size unknown bytes, crypto.o(i.AES_keyschedule_enc_LL))
<BR><BR>[Called By]<UL><LI><a href="#[9e]">&gt;&gt;</a>&nbsp;&nbsp;&nbsp;AES_keyschedule_enc
</UL>

<P><STRONG><a name="[a6]"></a>AESstdInit</STRONG> (Thumb, 178 bytes, Stack size unknown bytes, crypto.o(i.AESstdInit))
<BR><BR>[Calls]<UL><LI><a href="#[9e]">&gt;&gt;</a>&nbsp;&nbsp;&nbsp;AES_keyschedule_enc
</UL>
<BR>[Called By]<UL><LI><a href="#[a2]">&gt;&gt;</a>&nbsp;&nbsp;&nbsp;AES_CMAC_Encrypt_Init
</UL>

<P><STRONG><a name="[25]"></a>_printf_input_char</STRONG> (Thumb, 10 bytes, Stack size 0 bytes, _printf_char_common.o(.text))
<BR>[Address Reference Count : 1]<UL><LI> _printf_char_common.o(.text)
</UL><P>
<H3>
Undefined Global Symbols
</H3>
<P><STRONG><a name="[9b]"></a>_call_atexit_fns</STRONG> (ARM, 0 bytes, Stack size 0 bytes, UNDEFINED)
<BR><BR>[Called By]<UL><LI><a href="#[7e]">&gt;&gt;</a>&nbsp;&nbsp;&nbsp;exit
</UL>

<P><STRONG><a name="[98]"></a>_printf_mbtowc</STRONG> (ARM, 0 bytes, Stack size 0 bytes, UNDEFINED)
<BR><BR>[Called By]<UL><LI><a href="#[97]">&gt;&gt;</a>&nbsp;&nbsp;&nbsp;_printf_cs_common
</UL>

<P><STRONG><a name="[88]"></a>_printf_truncate_signed</STRONG> (ARM, 0 bytes, Stack size 0 bytes, UNDEFINED)
<BR><BR>[Called By]<UL><LI><a href="#[73]">&gt;&gt;</a>&nbsp;&nbsp;&nbsp;_printf_int_dec
</UL>

<P><STRONG><a name="[89]"></a>_printf_truncate_unsigned</STRONG> (ARM, 0 bytes, Stack size 0 bytes, UNDEFINED)
<BR><BR>[Called By]<UL><LI><a href="#[75]">&gt;&gt;</a>&nbsp;&nbsp;&nbsp;_printf_int_hex
<LI><a href="#[73]">&gt;&gt;</a>&nbsp;&nbsp;&nbsp;_printf_int_dec
</UL>
<HR></body></html>
