<html>
<body>
<pre>
<h1>µVision Build Log</h1>
<h2>Tool Versions:</h2>
IDE-Version: µVision V5.23.0.0
Copyright (C) 2017 ARM Ltd and ARM Germany GmbH. All rights reserved.
License Information: hdihai fsfa, fsf, LIC=7YKJJ-U4SLQ-D1XPR-K27CQ-PD1AC-0PKJ4
 
Tool Versions:
Toolchain:       MDK-ARM Professional  Version: 5.23
Toolchain Path:  D:\Software\keil\ARM\ARMCC\Bin
C Compiler:      Armcc.exe V5.06 update 4 (build 422)
Assembler:       Armasm.exe V5.06 update 4 (build 422)
Linker/Locator:  ArmLink.exe V5.06 update 4 (build 422)
Library Manager: ArmAr.exe V5.06 update 4 (build 422)
Hex Converter:   FromElf.exe V5.06 update 4 (build 422)
CPU DLL:         SARMCM3.DLL V5.23
Dialog DLL:      DARMCM1.DLL V1.17.0.0
Target DLL:      STLink\ST-LINKIII-KEIL_SWO.dll V2.0.18.0
Dialog DLL:      TARMCM1.DLL V1.12.0.0
 
<h2>Project:</h2>
C:\Users\Administrator\Desktop\Temporary Files\My_AT\ST_ble\Project\BLE_Examples\BLE_Chat\MDK-ARM\BlueNRG-1\BLE_Chat.uvprojx
Project File Date:  12/08/2017

<h2>Output:</h2>
*** Using Compiler 'V5.06 update 4 (build 422)', folder: 'D:\Software\keil\ARM\ARMCC\Bin'
Build target 'Server'
linking...
.\BlueNRG1.sct(114): warning: L6329W: Pattern *.o(.ota_sw_activation) only matches removed unused sections.
Program Size: Code=86220 RO-data=4208 RW-data=7528 ZI-data=7560  
Finished: 0 information, 1 warning and 0 error messages.
FromELF: creating hex file...
".\Server\Objects\BLE_Chat_Server.axf" - 0 Error(s), 1 Warning(s).

<h2>Collection of Component include folders:</h2>
  .\RTE\_Server

<h2>Collection of Component Files used:</h2>
Build Time Elapsed:  00:00:01
</pre>
</body>
</html>
