<html>
<body>
<pre>
<h1>µVision Build Log</h1>
<h2>Tool Versions:</h2>
IDE-Version: µVision V5.23.0.0
Copyright (C) 2017 ARM Ltd and ARM Germany GmbH. All rights reserved.
License Information: hdihai fsfa, fsf, LIC=7YKJJ-U4SLQ-D1XPR-K27CQ-PD1AC-0PKJ4
 
Tool Versions:
Toolchain:       MDK-ARM Professional  Version: 5.23
Toolchain Path:  D:\Software\keil\ARM\ARMCC\Bin
C Compiler:      Armcc.exe V5.06 update 4 (build 422)
Assembler:       Armasm.exe V5.06 update 4 (build 422)
Linker/Locator:  ArmLink.exe V5.06 update 4 (build 422)
Library Manager: ArmAr.exe V5.06 update 4 (build 422)
Hex Converter:   FromElf.exe V5.06 update 4 (build 422)
CPU DLL:         SARMCM3.DLL V5.23
Dialog DLL:      DARMCM1.DLL V1.17.0.0
Target DLL:      STLink\ST-LINKIII-KEIL_SWO.dll V2.0.18.0
Dialog DLL:      TARMCM1.DLL V1.12.0.0
 
<h2>Project:</h2>
C:\Users\Administrator\Desktop\Temporary Files\My_AT\ST_ble\Project\BLE_Examples\BLE_Chat\MDK-ARM\BlueNRG-1\BLE_Chat.uvprojx
Project File Date:  12/08/2017

<h2>Output:</h2>
*** Using Compiler 'V5.06 update 4 (build 422)', folder: 'D:\Software\keil\ARM\ARMCC\Bin'
Build target 'Server'
compiling BlueNRG1_adc.c...
compiling BlueNRG1_flash.c...
compiling BlueNRG1_dma.c...
compiling BlueNRG1_i2c.c...
compiling BlueNRG1_gpio.c...
compiling BlueNRG1_mft.c...
compiling BlueNRG1_rtc.c...
compiling BlueNRG1_rng.c...
compiling BlueNRG1_spi.c...
compiling BlueNRG1_sysCtrl.c...
compiling BlueNRG1_uart.c...
compiling BlueNRG1_wdg.c...
compiling BlueNRG1_pka.c...
compiling misc.c...
compiling SDK_EVAL_Com.c...
compiling SDK_EVAL_Button.c...
compiling SDK_EVAL_Led.c...
compiling SDK_EVAL_Config.c...
compiling BlueNRG1_it.c...
compiling gatt_db.c...
compiling system_bluenrg1.c...
compiling chat.c...
compiling BLE_Chat_main.c...
..\..\src\BLE_Chat_main.c(54): warning:  #177-D: variable "ret"  was declared but never referenced
      uint8_t ret;
..\..\src\BLE_Chat_main.c: 1 warning, 0 errors
compiling AtProcess.c...
..\..\src\AtProcess.c(100): warning:  #940-D: missing return statement at end of non-void function "AT_Name" 
  }
..\..\src\AtProcess.c(131): warning:  #144-D: a value of type "int (*)(int, uint8_t *)" cannot be used to initialize an entity of type "pfnCmdLine"
      { "AT+Help\n",     At_help,      "    : alias for help" },
..\..\src\AtProcess.c(132): warning:  #144-D: a value of type "int (*)(int, uint8_t *)" cannot be used to initialize an entity of type "pfnCmdLine"
      { "AT+RESET\n",    At_reset,     "    : alias for Reset" },
..\..\src\AtProcess.c(133): warning:  #144-D: a value of type "int (*)(int, uint8_t *)" cannot be used to initialize an entity of type "pfnCmdLine"
      { "AT+VERSION\n",  At_Version,      "   : Display list of files" },
..\..\src\AtProcess.c(134): warning:  #144-D: a value of type "int (*)(int, uint8_t *)" cannot be used to initialize an entity of type "pfnCmdLine"
      { "AT+MAC\n",      At_Mac ,         ": Change directory" },
..\..\src\AtProcess.c(135): warning:  #144-D: a value of type "int (*)(int, uint8_t *)" cannot be used to initialize an entity of type "pfnCmdLine"
      { "AT+DISCONN\n",  AT_Disconnect,      "   : alias for chdir" },
..\..\src\AtProcess.c(136): warning:  #144-D: a value of type "int (*)(int, uint8_t *)" cannot be used to initialize an entity of type "pfnCmdLine"
      { "AT+POWER\n",    AT_transmit_power_level,      "  : Show current working directory" },
..\..\src\AtProcess.c(137): warning:  #144-D: a value of type "int (*)(int, uint8_t *)" cannot be used to initialize an entity of type "pfnCmdLine"
      { "AT+NAME\n",     AT_Name,      "  : Show contents of a text file" },
..\..\src\AtProcess.c(138): warning:  #144-D: a value of type "int (*)(int, uint8_t *)" cannot be used to initialize an entity of type "pfnCmdLine"
      { "AT+DeAdv\n",    AT_Delet_ADV,      "  : Show contents of a text file" },
..\..\src\AtProcess.c(139): warning:  #144-D: a value of type "int (*)(int, uint8_t *)" cannot be used to initialize an entity of type "pfnCmdLine"
      { "AT+StarAdv\n",  AT_StartAdv,      "  : Show contents of a text file" },
..\..\src\AtProcess.c: 10 warnings, 0 errors
compiling osal.c...
assembling context_switch.s...
compiling Configinf.c...
compiling clock.c...
compiling gp_timer.c...
linking...
.\BlueNRG1.sct(114): warning: L6329W: Pattern *.o(.ota_sw_activation) only matches removed unused sections.
Program Size: Code=81152 RO-data=3604 RW-data=7420 ZI-data=7364  
Finished: 0 information, 1 warning and 0 error messages.
FromELF: creating hex file...
".\Server\Objects\BLE_Chat_Server.axf" - 0 Error(s), 12 Warning(s).

<h2>Collection of Component include folders:</h2>
  .\RTE\_Server

<h2>Collection of Component Files used:</h2>
Build Time Elapsed:  00:00:17
</pre>
</body>
</html>
